Component: Arm Compiler for Embedded 6.23 Tool: armlink [5f102400]

==============================================================================

Section Cross References

    system_stm32f10x.o(.text.SystemInit) refers to system_stm32f10x.o(.text.SetSysClock) for SetSysClock
    system_stm32f10x.o(.ARM.exidx.text.SystemInit) refers to system_stm32f10x.o(.text.SystemInit) for [Anonymous Symbol]
    system_stm32f10x.o(.text.SetSysClock) refers to system_stm32f10x.o(.text.SetSysClockTo72) for SetSysClockTo72
    system_stm32f10x.o(.ARM.exidx.text.SetSysClock) refers to system_stm32f10x.o(.text.SetSysClock) for [Anonymous Symbol]
    system_stm32f10x.o(.text.SystemCoreClockUpdate) refers to system_stm32f10x.o(.data.SystemCoreClock) for SystemCoreClock
    system_stm32f10x.o(.text.SystemCoreClockUpdate) refers to system_stm32f10x.o(.rodata.AHBPrescTable) for AHBPrescTable
    system_stm32f10x.o(.ARM.exidx.text.SystemCoreClockUpdate) refers to system_stm32f10x.o(.text.SystemCoreClockUpdate) for [Anonymous Symbol]
    system_stm32f10x.o(.ARM.exidx.text.SetSysClockTo72) refers to system_stm32f10x.o(.text.SetSysClockTo72) for [Anonymous Symbol]
    startup_stm32f10x_md.o(RESET) refers to startup_stm32f10x_md.o(STACK) for __initial_sp
    startup_stm32f10x_md.o(RESET) refers to startup_stm32f10x_md.o(.text) for Reset_Handler
    startup_stm32f10x_md.o(RESET) refers to stm32f10x_it.o(.text.NMI_Handler) for NMI_Handler
    startup_stm32f10x_md.o(RESET) refers to context_rvds.o(.text) for HardFault_Handler
    startup_stm32f10x_md.o(RESET) refers to stm32f10x_it.o(.text.MemManage_Handler) for MemManage_Handler
    startup_stm32f10x_md.o(RESET) refers to stm32f10x_it.o(.text.BusFault_Handler) for BusFault_Handler
    startup_stm32f10x_md.o(RESET) refers to stm32f10x_it.o(.text.UsageFault_Handler) for UsageFault_Handler
    startup_stm32f10x_md.o(RESET) refers to stm32f10x_it.o(.text.SVC_Handler) for SVC_Handler
    startup_stm32f10x_md.o(RESET) refers to stm32f10x_it.o(.text.DebugMon_Handler) for DebugMon_Handler
    startup_stm32f10x_md.o(RESET) refers to board.o(.text.SysTick_Handler) for SysTick_Handler
    startup_stm32f10x_md.o(RESET) refers to tim.o(.text.TIM3_IRQHandler) for TIM3_IRQHandler
    startup_stm32f10x_md.o(RESET) refers to uart.o(.text.USART1_IRQHandler) for USART1_IRQHandler
    startup_stm32f10x_md.o(RESET) refers to uart.o(.text.USART2_IRQHandler) for USART2_IRQHandler
    startup_stm32f10x_md.o(RESET) refers to uart.o(.text.USART3_IRQHandler) for USART3_IRQHandler
    startup_stm32f10x_md.o(.text) refers to system_stm32f10x.o(.text.SystemInit) for SystemInit
    startup_stm32f10x_md.o(.text) refers to entry.o(.ARM.Collect$$$$00000000) for __main
    misc.o(.ARM.exidx.text.NVIC_PriorityGroupConfig) refers to misc.o(.text.NVIC_PriorityGroupConfig) for [Anonymous Symbol]
    misc.o(.ARM.exidx.text.NVIC_Init) refers to misc.o(.text.NVIC_Init) for [Anonymous Symbol]
    misc.o(.ARM.exidx.text.NVIC_SetVectorTable) refers to misc.o(.text.NVIC_SetVectorTable) for [Anonymous Symbol]
    misc.o(.ARM.exidx.text.NVIC_SystemLPConfig) refers to misc.o(.text.NVIC_SystemLPConfig) for [Anonymous Symbol]
    misc.o(.ARM.exidx.text.SysTick_CLKSourceConfig) refers to misc.o(.text.SysTick_CLKSourceConfig) for [Anonymous Symbol]
    stm32f10x_adc.o(.text.ADC_DeInit) refers to stm32f10x_rcc.o(.text.RCC_APB2PeriphResetCmd) for RCC_APB2PeriphResetCmd
    stm32f10x_adc.o(.ARM.exidx.text.ADC_DeInit) refers to stm32f10x_adc.o(.text.ADC_DeInit) for [Anonymous Symbol]
    stm32f10x_adc.o(.ARM.exidx.text.ADC_Init) refers to stm32f10x_adc.o(.text.ADC_Init) for [Anonymous Symbol]
    stm32f10x_adc.o(.ARM.exidx.text.ADC_StructInit) refers to stm32f10x_adc.o(.text.ADC_StructInit) for [Anonymous Symbol]
    stm32f10x_adc.o(.ARM.exidx.text.ADC_Cmd) refers to stm32f10x_adc.o(.text.ADC_Cmd) for [Anonymous Symbol]
    stm32f10x_adc.o(.ARM.exidx.text.ADC_DMACmd) refers to stm32f10x_adc.o(.text.ADC_DMACmd) for [Anonymous Symbol]
    stm32f10x_adc.o(.ARM.exidx.text.ADC_ITConfig) refers to stm32f10x_adc.o(.text.ADC_ITConfig) for [Anonymous Symbol]
    stm32f10x_adc.o(.ARM.exidx.text.ADC_ResetCalibration) refers to stm32f10x_adc.o(.text.ADC_ResetCalibration) for [Anonymous Symbol]
    stm32f10x_adc.o(.ARM.exidx.text.ADC_GetResetCalibrationStatus) refers to stm32f10x_adc.o(.text.ADC_GetResetCalibrationStatus) for [Anonymous Symbol]
    stm32f10x_adc.o(.ARM.exidx.text.ADC_StartCalibration) refers to stm32f10x_adc.o(.text.ADC_StartCalibration) for [Anonymous Symbol]
    stm32f10x_adc.o(.ARM.exidx.text.ADC_GetCalibrationStatus) refers to stm32f10x_adc.o(.text.ADC_GetCalibrationStatus) for [Anonymous Symbol]
    stm32f10x_adc.o(.ARM.exidx.text.ADC_SoftwareStartConvCmd) refers to stm32f10x_adc.o(.text.ADC_SoftwareStartConvCmd) for [Anonymous Symbol]
    stm32f10x_adc.o(.ARM.exidx.text.ADC_GetSoftwareStartConvStatus) refers to stm32f10x_adc.o(.text.ADC_GetSoftwareStartConvStatus) for [Anonymous Symbol]
[...]
    flash_get                                0x08005f01   Thumb Code    28  user_flash.o(.text.flash_get)
    flash_set                                0x08005f1d   Thumb Code    24  user_flash.o(.text.flash_set)
    fputc                                    0x08005fc5   Thumb Code    18  uart.o(.text.fputc)
    ft                                       0x08005fd9   Thumb Code   142  hmac_sha1.o(.text.ft)
    hmac_sha1                                0x08006889   Thumb Code   568  hmac_sha1.o(.text.hmac_sha1)
    io_task_init                             0x08006ac1   Thumb Code    88  gpio.o(.text.io_task_init)
    k                                        0x08006b19   Thumb Code    96  hmac_sha1.o(.text.k)
    lot_msg_parase                           0x08006b79   Thumb Code   718  at_function.o(.text.lot_msg_parase)
    $Super$$main                             0x08006e49   Thumb Code    20  main.o(.text.main)
    main_thread_entry                        0x08006e5d   Thumb Code    18  components.o(.text.main_thread_entry)
    mqtt_pub                                 0x08007099   Thumb Code   138  at_function.o(.text.mqtt_pub)
    my_uart_init                             0x08007125   Thumb Code    38  uart.o(.text.my_uart_init)
    ring_reset                               0x08008ecd   Thumb Code    30  uart.o(.text.ring_reset)
    ringbuf_get                              0x08008eed   Thumb Code   234  uart.o(.text.ringbuf_get)
    ringbuf_put                              0x08008fd9   Thumb Code   326  uart.o(.text.ringbuf_put)
    rotl                                     0x08009121   Thumb Code    68  hmac_sha1.o(.text.rotl)
    rt_application_init                      0x08009165   Thumb Code    76  components.o(.text.rt_application_init)
    rt_components_board_init                 0x080091b1   Thumb Code    52  components.o(.text.rt_components_board_init)
    rt_components_init                       0x080091e5   Thumb Code    52  components.o(.text.rt_components_init)
    rt_enter_critical                        0x08009219   Thumb Code    34  scheduler.o(.text.rt_enter_critical)
    rt_exit_critical                         0x0800923d   Thumb Code    86  scheduler.o(.text.rt_exit_critical)
    rt_hw_board_init                         0x08009295   Thumb Code    42  board.o(.text.rt_hw_board_init)
    rt_hw_hard_fault_exception               0x080092c1   Thumb Code    74  cpuport.o(.text.rt_hw_hard_fault_exception)
    rt_hw_stack_init                         0x0800930d   Thumb Code   124  cpuport.o(.text.rt_hw_stack_init)
    rt_interrupt_enter                       0x08009389   Thumb Code    34  irq.o(.text.rt_interrupt_enter)
    rt_interrupt_leave                       0x080093ad   Thumb Code    34  irq.o(.text.rt_interrupt_leave)
    rt_mb_init                               0x08009681   Thumb Code    88  ipc.o(.text.rt_mb_init)
    rt_mb_recv                               0x080096d9   Thumb Code   340  ipc.o(.text.rt_mb_recv)
    rt_mb_send                               0x0800982d   Thumb Code    22  ipc.o(.text.rt_mb_send)
    rt_mb_send_wait                          0x08009845   Thumb Code   358  ipc.o(.text.rt_mb_send_wait)
    rt_memset                                0x080099ad   Thumb Code   178  kservice.o(.text.rt_memset)
    rt_mutex_init                            0x08009a61   Thumb Code    62  ipc.o(.text.rt_mutex_init)
    rt_mutex_release                         0x08009aa1   Thumb Code   276  ipc.o(.text.rt_mutex_release)
    rt_mutex_take                            0x08009bb5   Thumb Code   312  ipc.o(.text.rt_mutex_take)
    rt_object_detach                         0x08009ced   Thumb Code    36  object.o(.text.rt_object_detach)
    rt_object_get_information                0x08009d11   Thumb Code    84  object.o(.text.rt_object_get_information)
    rt_object_init                           0x08009d65   Thumb Code   128  object.o(.text.rt_object_init)
    rt_object_is_systemobject                0x08009de5   Thumb Code    34  object.o(.text.rt_object_is_systemobject)
    rt_schedule                              0x08009e09   Thumb Code   174  scheduler.o(.text.rt_schedule)
    rt_schedule_insert_thread                0x08009eb9   Thumb Code    80  scheduler.o(.text.rt_schedule_insert_thread)
    rt_schedule_remove_thread                0x08009f09   Thumb Code    76  scheduler.o(.text.rt_schedule_remove_thread)
    rt_show_version                          0x08009f55   Thumb Code     2  kservice.o(.text.rt_show_version)
    rt_strncpy                               0x08009f59   Thumb Code    92  kservice.o(.text.rt_strncpy)
    rt_system_scheduler_init                 0x08009fb5   Thumb Code   106  scheduler.o(.text.rt_system_scheduler_init)
    rt_system_scheduler_start                0x0800a021   Thumb Code    64  scheduler.o(.text.rt_system_scheduler_start)
    rt_system_timer_init                     0x0800a061   Thumb Code    48  timer.o(.text.rt_system_timer_init)
    rt_system_timer_thread_init              0x0800a091   Thumb Code     2  timer.o(.text.rt_system_timer_thread_init)
    rt_thread_control                        0x0800a095   Thumb Code   172  thread.o(.text.rt_thread_control)
    rt_thread_detach                         0x0800a141   Thumb Code   134  thread.o(.text.rt_thread_detach)
    rt_thread_exit                           0x0800a1c9   Thumb Code   104  thread.o(.text.rt_thread_exit)
    rt_thread_idle_excute                    0x0800a241   Thumb Code     2  idle.o(.text.rt_thread_idle_excute)
    rt_thread_idle_init                      0x0800a245   Thumb Code    70  idle.o(.text.rt_thread_idle_init)
    rt_thread_init                           0x0800a28d   Thumb Code    88  thread.o(.text.rt_thread_init)
    rt_thread_mdelay                         0x0800a2e5   Thumb Code    24  thread.o(.text.rt_thread_mdelay)
    rt_thread_resume                         0x0800a2fd   Thumb Code    76  thread.o(.text.rt_thread_resume)
    rt_thread_self                           0x0800a349   Thumb Code    12  thread.o(.text.rt_thread_self)
    rt_thread_sleep                          0x0800a355   Thumb Code    84  thread.o(.text.rt_thread_sleep)
    rt_thread_startup                        0x0800a3a9   Thumb Code    62  thread.o(.text.rt_thread_startup)
    rt_thread_suspend                        0x0800a3e9   Thumb Code    84  thread.o(.text.rt_thread_suspend)
    rt_thread_timeout                        0x0800a43d   Thumb Code    40  thread.o(.text.rt_thread_timeout)
    rt_thread_yield                          0x0800a465   Thumb Code   116  thread.o(.text.rt_thread_yield)
    rt_tick_from_millisecond                 0x0800a4d9   Thumb Code    98  clock.o(.text.rt_tick_from_millisecond)
    rt_tick_get                              0x0800a53d   Thumb Code    12  clock.o(.text.rt_tick_get)
    rt_tick_increase                         0x0800a549   Thumb Code    60  clock.o(.text.rt_tick_increase)
    rt_timer_check                           0x0800a585   Thumb Code   214  timer.o(.text.rt_timer_check)
    rt_timer_control                         0x0800a65d   Thumb Code   122  timer.o(.text.rt_timer_control)
    rt_timer_detach                          0x0800a6d9   Thumb Code    46  timer.o(.text.rt_timer_detach)
    rt_timer_init                            0x0800a709   Thumb Code    62  timer.o(.text.rt_timer_init)
    rt_timer_start                           0x0800a749   Thumb Code   330  timer.o(.text.rt_timer_start)
    rt_timer_stop                            0x0800a895   Thumb Code    64  timer.o(.text.rt_timer_stop)
    rt_vsnprintf                             0x0800a8d5   Thumb Code  1480  kservice.o(.text.rt_vsnprintf)
    rt_vsprintf                              0x0800ae9d   Thumb Code    28  kservice.o(.text.rt_vsprintf)
    rtthread_startup                         0x0800aec9   Thumb Code    42  components.o(.text.rtthread_startup)
    set_ack                                  0x0800b0fd   Thumb Code    68  at_function.o(.text.set_ack)
    sfud_chip_erase                          0x0800b389   Thumb Code   320  sfud.o(.text.sfud_chip_erase)
    sfud_device_init                         0x0800b4c9   Thumb Code   110  sfud.o(.text.sfud_device_init)
    sfud_erase                               0x0800b539   Thumb Code   590  sfud.o(.text.sfud_erase)
    sfud_get_device_table                    0x0800b789   Thumb Code    10  sfud.o(.text.sfud_get_device_table)
    sfud_init                                0x0800b795   Thumb Code   144  sfud.o(.text.sfud_init)
    sfud_log_debug                           0x0800b825   Thumb Code    80  sfud_port.o(.text.sfud_log_debug)
    sfud_log_info                            0x0800b875   Thumb Code    76  sfud_port.o(.text.sfud_log_info)
    sfud_read                                0x0800b8c1   Thumb Code   370  sfud.o(.text.sfud_read)
    sfud_read_sfdp                           0x0800ba35   Thumb Code   126  sfud_sfdp.o(.text.sfud_read_sfdp)
    sfud_read_status                         0x0800bab5   Thumb Code   150  sfud.o(.text.sfud_read_status)
    sfud_sfdp_get_suitable_eraser            0x0800bb4d   Thumb Code   196  sfud_sfdp.o(.text.sfud_sfdp_get_suitable_eraser)
    sfud_spi_port_init                       0x0800bc11   Thumb Code   112  sfud_port.o(.text.sfud_spi_port_init)
    sfud_write                               0x0800bc81   Thumb Code   112  sfud.o(.text.sfud_write)
    sfud_write_status                        0x0800bcf1   Thumb Code   214  sfud.o(.text.sfud_write_status)
    sha1                                     0x0800bdc9   Thumb Code   796  hmac_sha1.o(.text.sha1)
    sys_clock_set                            0x0800c39d   Thumb Code   250  board.o(.text.sys_clock_set)
    sys_stm32_clock_init                     0x0800c499   Thumb Code   150  board.o(.text.sys_stm32_clock_init)
    timeout1                                 0x0800c531   Thumb Code    38  at_task.o(.text.timeout1)
    timeout2                                 0x0800c559   Thumb Code    38  at_task.o(.text.timeout2)
    uartbuf_clear                            0x0800c581   Thumb Code    40  uart.o(.text.uartbuf_clear)
    user_cmd_register                        0x0800c8f1   Thumb Code   346  at_function.o(.text.user_cmd_register)
    user_flash_init                          0x0800ca4d   Thumb Code    94  user_flash.o(.text.user_flash_init)
    user_flash_task                          0x0800caad   Thumb Code   122  user_flash.o(.text.user_flash_task)
    user_flash_task_init                     0x0800cb29   Thumb Code   126  user_flash.o(.text.user_flash_task_init)
    __0printf                                0x0800cef5   Thumb Code    22  printfa.o(i.__0printf)
    __1printf                                0x0800cef5   Thumb Code     0  printfa.o(i.__0printf)
    __2printf                                0x0800cef5   Thumb Code     0  printfa.o(i.__0printf)
    __c89printf                              0x0800cef5   Thumb Code     0  printfa.o(i.__0printf)
    printf                                   0x0800cef5   Thumb Code     0  printfa.o(i.__0printf)
    __0snprintf                              0x0800cf15   Thumb Code    48  printfa.o(i.__0snprintf)
    __1snprintf                              0x0800cf15   Thumb Code     0  printfa.o(i.__0snprintf)
    __2snprintf                              0x0800cf15   Thumb Code     0  printfa.o(i.__0snprintf)
    __c89snprintf                            0x0800cf15   Thumb Code     0  printfa.o(i.__0snprintf)
    snprintf                                 0x0800cf15   Thumb Code     0  printfa.o(i.__0snprintf)
    __0sprintf                               0x0800cf49   Thumb Code    34  printfa.o(i.__0sprintf)
    __1sprintf                               0x0800cf49   Thumb Code     0  printfa.o(i.__0sprintf)
    __2sprintf                               0x0800cf49   Thumb Code     0  printfa.o(i.__0sprintf)
    __c89sprintf                             0x0800cf49   Thumb Code     0  printfa.o(i.__0sprintf)
    sprintf                                  0x0800cf49   Thumb Code     0  printfa.o(i.__0sprintf)
    __0vsnprintf                             0x0800cf71   Thumb Code    46  printfa.o(i.__0vsnprintf)
    __1vsnprintf                             0x0800cf71   Thumb Code     0  printfa.o(i.__0vsnprintf)
    __2vsnprintf                             0x0800cf71   Thumb Code     0  printfa.o(i.__0vsnprintf)
    __c89vsnprintf                           0x0800cf71   Thumb Code     0  printfa.o(i.__0vsnprintf)
    vsnprintf                                0x0800cf71   Thumb Code     0  printfa.o(i.__0vsnprintf)
    __aeabi_errno_addr                       0x0800cfa5   Thumb Code     4  errno.o(i.__aeabi_errno_addr)
    __rt_errno_addr                          0x0800cfa5   Thumb Code     0  errno.o(i.__aeabi_errno_addr)
    free                                     0x0800cfad   Thumb Code    88  mallocr.o(i.__free$realloc)
    malloc                                   0x0800d009   Thumb Code    64  mallocr.o(i.__malloc$realloc)
    __scatterload_copy                       0x0800d059   Thumb Code    14  handlers.o(i.__scatterload_copy)
    __scatterload_null                       0x0800d067   Thumb Code     2  handlers.o(i.__scatterload_null)
    __scatterload_zeroinit                   0x0800d069   Thumb Code    14  handlers.o(i.__scatterload_zeroinit)
    _is_digit                                0x0800d1fd   Thumb Code    14  scanf_fp.o(i._is_digit)
    realloc                                  0x0800d9ad   Thumb Code   102  mallocr.o(i.realloc)
    strtod                                   0x0800da19   Thumb Code    30  strtod.o(i.strtod)
    __ctype_table                            0x0800da36   Data         129  ctype_o.o(.constdata)
    OLED_F6x8                                0x0800dad0   Data         570  oled_data.o(.rodata.OLED_F6x8)
    OLED_F8x16                               0x0800dd0a   Data        1520  oled_data.o(.rodata.OLED_F8x16)
    __lowest_bit_bitmap                      0x0800e2fa   Data         256  kservice.o(.rodata.__lowest_bit_bitmap)
    default_env_set                          0x0800e8bc   Data          24  user_flash.o(.rodata.default_env_set)
    __rt_init_rti_start                      0x0800fe74   Data           4  components.o(.rti_fn.0)
    __rt_init_rti_board_start                0x0800fe78   Data           4  components.o(.rti_fn.0.end)
    __rt_init_rti_board_end                  0x0800fe7c   Data           4  components.o(.rti_fn.1.end)
    __rt_init_board_init                     0x0800fe80   Data           4  sys.o(.rti_fn.6)
    __rt_init_rti_end                        0x0800fe84   Data           4  components.o(.rti_fn.6.end)
    Region$$Table$$Base                      0x0800fe88   Number         0  anon$$obj.o(Region$$Table)
    Region$$Table$$Limit                     0x0800fea8   Number         0  anon$$obj.o(Region$$Table)
    __stdout                                 0x20000000   Data           4  stdout.o(.data)
    __microlib_freelist                      0x20000004   Data           4  mvars.o(.data)
    __microlib_freelist_initialised          0x20000008   Data           4  mvars.o(.data)
    AT_Cmd_table                             0x20000010   Data         256  at_function.o(.data.AT_Cmd_table)
    AT_Device                                0x20000110   Data         368  at_function.o(.data.AT_Device)
    AT_URC_table                             0x20000280   Data         128  at_function.o(.data.AT_URC_table)
    SystemCoreClock                          0x20000300   Data           4  system_stm32f10x.o(.data.SystemCoreClock)
    at_status                                0x20000304   Data          64  at_function.o(.data.at_status)
    default_fiwi_params                      0x20000344   Data          64  user_flash.o(.data.default_fiwi_params)
    default_size                             0x20000384   Data           2  user_flash.o(.data.default_size)
    u1_ring_buf_t                            0x20000484   Data          12  uart.o(.data.u1_ring_buf_t)
    u2_ring_buf_t                            0x20000490   Data          12  uart.o(.data.u2_ring_buf_t)
    u3_ring_buf_t                            0x2000049c   Data          12  uart.o(.data.u3_ring_buf_t)
    uart1_rx_buf                             0x200004a8   Data          64  uart.o(.data.uart1_rx_buf)
    uart2_rx_buf                             0x200004e8   Data         256  uart.o(.data.uart2_rx_buf)
    uart3_rx_buf                             0x200005e8   Data          64  uart.o(.data.uart3_rx_buf)
    uart_devices                             0x20000628   Data         360  uart.o(.data.uart_devices)
    IO_PANNEL                                0x200007d0   Data         128  gpio.o(.bss.IO_PANNEL)
    OLED_DisplayBuf                          0x20000850   Data        1024  oled.o(.bss.OLED_DisplayBuf)
    OLED_PANNEL                              0x20000c50   Data         128  oled.o(.bss.OLED_PANNEL)
    OLED_PANNEL_STACK                        0x20000cd0   Data         512  oled.o(.bss.OLED_PANNEL_STACK)
    at_thread                                0x20000fd4   Data         128  at_task.o(.bss.at_thread)
    at_thread_stack                          0x20001054   Data        4096  at_task.o(.bss.at_thread_stack)
    boot_times                               0x20002054   Data           2  user_flash.o(.bss.boot_times)
    default_boot_times                       0x20002056   Data           2  user_flash.o(.bss.default_boot_times)
    env_cache_table                          0x20002064   Data         128  ef_env.o(.bss.env_cache_table)
    io_stack                                 0x20002176   Data         256  gpio.o(.bss.io_stack)
    lot_msg                                  0x200023f8   Data         192  at_function.o(.bss.lot_msg)
    main_thread                              0x200028b8   Data         128  components.o(.bss.main_thread)
    mb                                       0x20002938   Data          48  user_flash.o(.bss.mb)
    my_io                                    0x200029a8   Data          12  gpio.o(.bss.my_io)
    rt_current_priority                      0x200029b4   Data           1  scheduler.o(.bss.rt_current_priority)
    rt_current_thread                        0x200029b8   Data           4  scheduler.o(.bss.rt_current_thread)
    rt_interrupt_from_thread                 0x200029c0   Data           4  cpuport.o(.bss.rt_interrupt_from_thread)
    rt_interrupt_nest                        0x200029c4   Data           1  irq.o(.bss.rt_interrupt_nest)
    rt_interrupt_to_thread                   0x200029c8   Data           4  cpuport.o(.bss.rt_interrupt_to_thread)
    rt_thread_defunct                        0x200029d0   Data           8  scheduler.o(.bss.rt_thread_defunct)
    rt_thread_priority_table                 0x200029d8   Data         256  scheduler.o(.bss.rt_thread_priority_table)
    rt_thread_ready_priority_group           0x20002ad8   Data           4  scheduler.o(.bss.rt_thread_ready_priority_group)
    rt_thread_switch_interrupt_flag          0x20002b5c   Data           4  cpuport.o(.bss.rt_thread_switch_interrupt_flag)
    sector_cache_table                       0x20002b70   Data          32  ef_env.o(.bss.sector_cache_table)
    u1_ring_buf                              0x20002c38   Data          64  uart.o(.bss.u1_ring_buf)
    u2_ring_buf                              0x20002c78   Data         512  uart.o(.bss.u2_ring_buf)
    u3_ring_buf                              0x20002e78   Data          64  uart.o(.bss.u3_ring_buf)
    uart1_tx_buf                             0x20002eb8   Data          64  uart.o(.bss.uart1_tx_buf)
    uart2_tx_buf                             0x20002ef8   Data          64  uart.o(.bss.uart2_tx_buf)
    uart3_tx_buf                             0x20002f38   Data          64  uart.o(.bss.uart3_tx_buf)
    user_flash_pannel                        0x20002f78   Data         128  user_flash.o(.bss.user_flash_pannel)
    user_flash_stack                         0x20002ff8   Data        1024  user_flash.o(.bss.user_flash_stack)
    __heap_base                              0x200033f8   Data           0  startup_stm32f10x_md.o(HEAP)
    __heap_limit                             0x200039f8   Data           0  startup_stm32f10x_md.o(HEAP)
    __initial_sp                             0x20003ff8   Data           0  startup_stm32f10x_md.o(STACK)



==============================================================================

Memory Map of the image

  Image Entry point : 0x080000ed

  Load Region LR_IROM1 (Base: 0x08000000, Size: 0x00010638, Max: 0x00010000, ABSOLUTE, COMPRESSED[0x00010000])

    Execution Region ER_IROM1 (Exec base: 0x08000000, Load base: 0x08000000, Size: 0x0000fea8, Max: 0x00010000, ABSOLUTE)

    Exec Addr    Load Addr    Size         Type   Attr      Idx    E Section Name        Object

    0x08000000   0x08000000   0x000000ec   Data   RO           20    RESET               startup_stm32f10x_md.o
    0x080000ec   0x080000ec   0x00000000   Code   RO         3031  * .ARM.Collect$$$$00000000  mc_w.l(entry.o)
    0x080000ec   0x080000ec   0x00000004   Code   RO         3186    .ARM.Collect$$$$00000001  mc_w.l(entry2.o)
    0x080000f0   0x080000f0   0x00000004   Code   RO         3189    .ARM.Collect$$$$00000004  mc_w.l(entry5.o)
    0x080000f4   0x080000f4   0x00000000   Code   RO         3191    .ARM.Collect$$$$00000008  mc_w.l(entry7b.o)
    0x080000f4   0x080000f4   0x00000000   Code   RO         3193    .ARM.Collect$$$$0000000A  mc_w.l(entry8b.o)
    0x080000f4   0x080000f4   0x00000008   Code   RO         3194    .ARM.Collect$$$$0000000B  mc_w.l(entry9a.o)
    0x080000fc   0x080000fc   0x00000000   Code   RO         3196    .ARM.Collect$$$$0000000D  mc_w.l(entry10a.o)
    0x080000fc   0x080000fc   0x00000000   Code   RO         3198    .ARM.Collect$$$$0000000F  mc_w.l(entry11a.o)
    0x080000fc   0x080000fc   0x00000004   Code   RO         3187    .ARM.Collect$$$$00002712  mc_w.l(entry2.o)
    0x08000100   0x08000100   0x00000024   Code   RO           21    .text               startup_stm32f10x_md.o
    0x08000124   0x08000124   0x000000f4   Code   RO         2599    .text               context_rvds.o
    0x08000218   0x08000218   0x0000000c   Code   RO         3034    .text               mc_w.l(tolower.o)
    0x08000224   0x08000224   0x00000024   Code   RO         3036    .text               mc_w.l(memcpya.o)
    0x08000248   0x08000248   0x00000024   Code   RO         3038    .text               mc_w.l(memseta.o)
    0x0800026c   0x0800026c   0x00000018   Code   RO         3040    .text               mc_w.l(strcat.o)
    0x08000284   0x08000284   0x00000024   Code   RO         3042    .text               mc_w.l(strstr.o)
    0x080002a8   0x080002a8   0x00000018   Code   RO         3044    .text               mc_w.l(strncpy.o)
    0x080002c0   0x080002c0   0x00000014   Code   RO         3046    .text               mc_w.l(strchr.o)
    0x080002d4   0x080002d4   0x0000000e   Code   RO         3048    .text               mc_w.l(strlen.o)
    0x080002e2   0x080002e2   0x0000001c   Code   RO         3050    .text               mc_w.l(strcmp.o)
    0x080002fe   0x080002fe   0x0000001a   Code   RO         3052    .text               mc_w.l(memcmp.o)
    0x08000318   0x08000318   0x0000001e   Code   RO         3056    .text               mc_w.l(strncmp.o)
    0x08000336   0x08000336   0x00000016   Code   RO         3058    .text               mc_w.l(strrchr.o)
    0x0800034c   0x0800034c   0x0000001a   Code   RO         3120    .text               mc_w.l(atoi.o)
    0x08000366   0x08000366   0x0000014e   Code   RO         3128    .text               mf_w.l(dadd.o)
    0x080004b4   0x080004b4   0x000000e4   Code   RO         3130    .text               mf_w.l(dmul.o)
    0x08000598   0x08000598   0x000000de   Code   RO         3132    .text               mf_w.l(ddiv.o)
    0x08000676   0x08000676   0x00000036   Code   RO         3140    .text               mf_w.l(dcmplt.o)
    0x080006ac   0x080006ac   0x00000036   Code   RO         3144    .text               mf_w.l(dcmpgt.o)
    0x080006e2   0x080006e2   0x0000003e   Code   RO         3158    .text               mf_w.l(dfixi.o)
    0x08000720   0x08000720   0x00000038   Code   RO         3164    .text               mf_w.l(d2f.o)
    0x08000758   0x08000758   0x0000002c   Code   RO         3210    .text               mc_w.l(uidiv.o)
    0x08000784   0x08000784   0x00000062   Code   RO         3212    .text               mc_w.l(uldiv.o)
    0x080007e6   0x080007e6   0x0000001e   Code   RO         3214    .text               mc_w.l(llshl.o)
    0x08000804   0x08000804   0x00000020   Code   RO         3216    .text               mc_w.l(llushr.o)
    0x08000824   0x08000824   0x00000024   Code   RO         3218    .text               mc_w.l(llsshr.o)
    0x08000848   0x08000848   0x00000360   Code   RO         3235    .text               mc_w.l(scanf_fp.o)
    0x08000ba8   0x08000ba8   0x00000040   Code   RO         3241    .text               mc_w.l(_sgetc.o)
    0x08000be8   0x08000be8   0x000000a8   Code   RO         3243    .text               mc_w.l(strtod.o)
    0x08000c90   0x08000c90   0x00000070   Code   RO         3245    .text               mc_w.l(strtol.o)
    0x08000d00   0x08000d00   0x00000000   Code   RO         3247    .text               mc_w.l(iusefp.o)
    0x08000d00   0x08000d00   0x0000006e   Code   RO         3248    .text               mf_w.l(fepilogue.o)
    0x08000d6e   0x08000d6e   0x000000ba   Code   RO         3250    .text               mf_w.l(depilogue.o)
    0x08000e28   0x08000e28   0x00000030   Code   RO         3252    .text               mf_w.l(dfixul.o)
    0x08000e58   0x08000e58   0x00000030   Code   RO         3256    .text               mf_w.l(cdrcmple.o)
    0x08000e88   0x08000e88   0x00000030   Code   RO         3262    .text               mc_w.l(init.o)
    0x08000eb8   0x08000eb8   0x00000008   Code   RO         3266    .text               mc_w.l(ctype_o.o)
    0x08000ec0   0x08000ec0   0x00000012   Code   RO         3288    .text               mc_w.l(isspace_o.o)
    0x08000ed2   0x08000ed2   0x0000001c   Code   RO         3294    .text               mc_w.l(_chval.o)
    0x08000eee   0x08000eee   0x0000009e   Code   RO         3298    .text               mc_w.l(_strtoul.o)
    0x08000f8c   0x08000f8c   0x00000018   Code   RO         3302    .text               mf_w.l(dfltul.o)
    0x08000fa4   0x08000fa4   0x00000056   Code   RO         3315    .text               mc_w.l(__dczerorl2.o)
    0x08000ffa   0x08000ffa   0x00000002   PAD
    0x08000ffc   0x08000ffc   0x0000000a   Code   RO         2655    .text.$Sub$$main    components.o
    0x08001006   0x08001006   0x00000002   PAD
    0x08001008   0x08001008   0x0000016a   Code   RO         1894    .text.AT_Cmd_Register  at_function.o
    0x08001172   0x08001172   0x00000002   PAD
    0x08001174   0x08001174   0x00000012   Code   RO         1868    .text.AT_GET_NTP_CallBack  at_function.o
    0x08001186   0x08001186   0x00000002   PAD
    0x08001188   0x08001188   0x00000012   Code   RO         1858    .text.AT_HW_INIT_CallBack  at_function.o
    0x0800119a   0x0800119a   0x00000002   PAD
    0x0800119c   0x0800119c   0x000000c2   Code   RO         1864    .text.AT_IDLE_CallBack  at_function.o
    0x0800125e   0x0800125e   0x00000002   PAD
    0x08001260   0x08001260   0x00000096   Code   RO         1862    .text.AT_INIT_CallBack  at_function.o
    0x080012f6   0x080012f6   0x00000002   PAD
    0x080012f8   0x080012f8   0x00000024   Code   RO         1860    .text.AT_REGISTER_CallBack  at_function.o
    0x0800131c   0x0800131c   0x000000da   Code   RO         1872    .text.AT_SendCmd    at_function.o
    0x080013f6   0x080013f6   0x00000002   PAD
    0x080013f8   0x080013f8   0x0000001e   Code   RO         1347    .text.AT_Thread_Entry  at_task.o
    0x08001416   0x08001416   0x00000002   PAD
    0x08001418   0x08001418   0x000000c2   Code   RO         1353    .text.AT_Thread_Init  at_task.o
    0x080014da   0x080014da   0x00000002   PAD
    0x080014dc   0x080014dc   0x00000012   Code   RO         1866    .text.AT_UPDATA_CallBack  at_function.o
    0x080014ee   0x080014ee   0x00000002   PAD
    0x080014f0   0x080014f0   0x00000054   Code   RO         1898    .text.AT_poll       at_function.o
    0x08001544   0x08001544   0x00000268   Code   RO         1943    .text.BASE64_Decode  base64.o
    0x080017ac   0x080017ac   0x000001f8   Code   RO         1941    .text.BASE64_Encode  base64.o
    0x080019a4   0x080019a4   0x00000004   Code   RO         1482    .text.BusFault_Handler  stm32f10x_it.o
    0x080019a8   0x080019a8   0x0000002e   Code   RO          316    .text.DMA_Cmd       stm32f10x_dma.o
    0x080019d6   0x080019d6   0x00000002   PAD
    0x080019d8   0x080019d8   0x000001b8   Code   RO          310    .text.DMA_DeInit    stm32f10x_dma.o
    0x08001b90   0x08001b90   0x0000000e   Code   RO          322    .text.DMA_GetCurrDataCounter  stm32f10x_dma.o
    0x08001b9e   0x08001b9e   0x00000002   PAD
    0x08001ba0   0x08001ba0   0x0000006c   Code   RO          312    .text.DMA_Init      stm32f10x_dma.o
    0x08001c0c   0x08001c0c   0x00000014   Code   RO          320    .text.DMA_SetCurrDataCounter  stm32f10x_dma.o
    0x08001c20   0x08001c20   0x00000002   Code   RO         1488    .text.DebugMon_Handler  stm32f10x_it.o
    0x08001c22   0x08001c22   0x00000002   PAD
    0x08001c24   0x08001c24   0x00000186   Code   RO          474    .text.GPIO_Init     stm32f10x_gpio.o
    0x08001daa   0x08001daa   0x00000002   PAD
    0x08001dac   0x08001dac   0x00000034   Code   RO          478    .text.GPIO_ReadInputDataBit  stm32f10x_gpio.o
    0x08001de0   0x08001de0   0x00000014   Code   RO          488    .text.GPIO_ResetBits  stm32f10x_gpio.o
    0x08001df4   0x08001df4   0x00000014   Code   RO          486    .text.GPIO_SetBits  stm32f10x_gpio.o
    0x08001e08   0x08001e08   0x0000002c   Code   RO          490    .text.GPIO_WriteBit  stm32f10x_gpio.o
    0x08001e34   0x08001e34   0x00000054   Code   RO          567    .text.I2C_CheckEvent  stm32f10x_i2c.o
    0x08001e88   0x08001e88   0x0000002c   Code   RO          519    .text.I2C_Cmd       stm32f10x_i2c.o
    0x08001eb4   0x08001eb4   0x0000002c   Code   RO          525    .text.I2C_GenerateSTART  stm32f10x_i2c.o
    0x08001ee0   0x08001ee0   0x0000002c   Code   RO          527    .text.I2C_GenerateSTOP  stm32f10x_i2c.o
    0x08001f0c   0x08001f0c   0x00000062   Code   RO          571    .text.I2C_GetFlagStatus  stm32f10x_i2c.o
    0x08001f6e   0x08001f6e   0x00000002   PAD
    0x08001f70   0x08001f70   0x000001aa   Code   RO          515    .text.I2C_Init      stm32f10x_i2c.o
    0x0800211a   0x0800211a   0x00000002   PAD
    0x0800211c   0x0800211c   0x0000003c   Code   RO          543    .text.I2C_Send7bitAddress  stm32f10x_i2c.o
    0x08002158   0x08002158   0x00000014   Code   RO          539    .text.I2C_SendData  stm32f10x_i2c.o
    0x0800216c   0x0800216c   0x000000dc   Code   RO         1241    .text.I2C_WriteByte  oled.o
    0x08002248   0x08002248   0x000000a4   Code   RO         1226    .text.IO_TASK       gpio.o
    0x080022ec   0x080022ec   0x0000001a   Code   RO         1888    .text.MQTTDISCONNECTED_CallBack  at_function.o
    0x08002306   0x08002306   0x00000002   PAD
    0x08002308   0x08002308   0x00000004   Code   RO         1480    .text.MemManage_Handler  stm32f10x_it.o
    0x0800230c   0x0800230c   0x000000be   Code   RO         1222    .text.MyGPIO_Init   gpio.o
    0x080023ca   0x080023ca   0x00000002   PAD
    0x080023cc   0x080023cc   0x000000ac   Code   RO         1461    .text.MyIIC_Init    myiic.o
    0x08002478   0x08002478   0x00000136   Code   RO         1446    .text.MySPI_Init    myspi.o
    0x080025ae   0x080025ae   0x00000002   PAD
    0x080025b0   0x080025b0   0x0000028c   Code   RO         1166    .text.My_UART_Init  uart.o
    0x0800283c   0x0800283c   0x00000002   Code   RO         1478    .text.NMI_Handler   stm32f10x_it.o
    0x0800283e   0x0800283e   0x00000002   PAD
    0x08002840   0x08002840   0x000000a6   Code   RO           30    .text.NVIC_Init     misc.o
    0x080028e6   0x080028e6   0x00000002   PAD
    0x080028e8   0x080028e8   0x0000001c   Code   RO           28    .text.NVIC_PriorityGroupConfig  misc.o
    0x08002904   0x08002904   0x0000005e   Code   RO         1269    .text.OLED_Clear    oled.o
    0x08002962   0x08002962   0x00000002   PAD
    0x08002964   0x08002964   0x000000ec   Code   RO         1271    .text.OLED_ClearArea  oled.o
    0x08002a50   0x08002a50   0x00000008   Code   RO         1243    .text.OLED_GPIO_Init  oled.o
    0x08002a58   0x08002a58   0x00000092   Code   RO         1255    .text.OLED_Init     oled.o
    0x08002aea   0x08002aea   0x00000002   PAD
    0x08002aec   0x08002aec   0x00000034   Code   RO         1257    .text.OLED_SetCursor  oled.o
    0x08002b20   0x08002b20   0x00000084   Code   RO         1277    .text.OLED_ShowChar  oled.o
    0x08002ba4   0x08002ba4   0x0000015a   Code   RO         1279    .text.OLED_ShowImage  oled.o
    0x08002cfe   0x08002cfe   0x00000002   PAD
    0x08002d00   0x08002d00   0x00000058   Code   RO         1281    .text.OLED_ShowString  oled.o
    0x08002d58   0x08002d58   0x0000001a   Code   RO         1321    .text.OLED_TASK     oled.o
    0x08002d72   0x08002d72   0x00000002   PAD
    0x08002d74   0x08002d74   0x0000005a   Code   RO         1323    .text.OLED_TASK_INIT  oled.o
    0x08002dce   0x08002dce   0x00000002   PAD
    0x08002dd0   0x08002dd0   0x000000fe   Code   RO         1319    .text.OLED_UPDATA   oled.o
    0x08002ece   0x08002ece   0x00000002   PAD
    0x08002ed0   0x08002ed0   0x00000048   Code   RO         1265    .text.OLED_Update   oled.o
    0x08002f18   0x08002f18   0x00000016   Code   RO         1251    .text.OLED_WriteCommand  oled.o
    0x08002f2e   0x08002f2e   0x00000002   PAD
    0x08002f30   0x08002f30   0x00000100   Code   RO         1253    .text.OLED_WriteData  oled.o
    0x08003030   0x08003030   0x00000206   Code   RO         1979    .text.OTA_UrlEncode  onenet.o
    0x08003236   0x08003236   0x00000002   PAD
    0x08003238   0x08003238   0x000001e6   Code   RO         1977    .text.OneNET_Authorization  onenet.o
    0x0800341e   0x0800341e   0x00000002   PAD
    0x08003420   0x08003420   0x00000038   Code   RO          672    .text.RCC_AHBPeriphClockCmd  stm32f10x_rcc.o
    0x08003458   0x08003458   0x00000038   Code   RO          676    .text.RCC_APB1PeriphClockCmd  stm32f10x_rcc.o
    0x08003490   0x08003490   0x00000038   Code   RO          680    .text.RCC_APB1PeriphResetCmd  stm32f10x_rcc.o
    0x080034c8   0x080034c8   0x00000038   Code   RO          674    .text.RCC_APB2PeriphClockCmd  stm32f10x_rcc.o
    0x08003500   0x08003500   0x00000038   Code   RO          678    .text.RCC_APB2PeriphResetCmd  stm32f10x_rcc.o
    0x08003538   0x08003538   0x00000172   Code   RO          670    .text.RCC_GetClocksFreq  stm32f10x_rcc.o
    0x080036aa   0x080036aa   0x00000002   PAD
    0x080036ac   0x080036ac   0x0000002c   Code   RO          815    .text.SPI_Cmd       stm32f10x_spi.o
    0x080036d8   0x080036d8   0x00000036   Code   RO          843    .text.SPI_I2S_GetFlagStatus  stm32f10x_spi.o
    0x0800370e   0x0800370e   0x00000002   PAD
    0x08003710   0x08003710   0x0000000c   Code   RO          825    .text.SPI_I2S_ReceiveData  stm32f10x_spi.o
    0x0800371c   0x0800371c   0x00000014   Code   RO          823    .text.SPI_I2S_SendData  stm32f10x_spi.o
    0x08003730   0x08003730   0x00000068   Code   RO          807    .text.SPI_Init      stm32f10x_spi.o
    0x08003798   0x08003798   0x00000002   Code   RO         1486    .text.SVC_Handler   stm32f10x_it.o
    0x0800379a   0x0800379a   0x00000002   PAD
    0x0800379c   0x0800379c   0x00000008   Code   RO            4    .text.SetSysClock   system_stm32f10x.o
    0x080037a4   0x080037a4   0x00000122   Code   RO            8    .text.SetSysClockTo72  system_stm32f10x.o
    0x080038c6   0x080038c6   0x00000002   PAD
    0x080038c8   0x080038c8   0x00000052   Code   RO         3013    .text.SysTick_Config  board.o
    0x0800391a   0x0800391a   0x00000002   PAD
    0x0800391c   0x0800391c   0x00000010   Code   RO         3009    .text.SysTick_Handler  board.o
    0x0800392c   0x0800392c   0x00000066   Code   RO            2    .text.SystemInit    system_stm32f10x.o
    0x08003992   0x08003992   0x00000002   PAD
    0x08003994   0x08003994   0x0000007a   Code   RO         1399    .text.TIM3_1s_Init  tim.o
    0x08003a0e   0x08003a0e   0x00000002   PAD
    0x08003a10   0x08003a10   0x000000c2   Code   RO         1401    .text.TIM3_IRQHandler  tim.o
    0x08003ad2   0x08003ad2   0x00000002   PAD
    0x08003ad4   0x08003ad4   0x00000016   Code   RO         1038    .text.TIM_ClearITPendingBit  stm32f10x_tim.o
    0x08003aea   0x08003aea   0x00000002   PAD
    0x08003aec   0x08003aec   0x0000002c   Code   RO          900    .text.TIM_Cmd       stm32f10x_tim.o
    0x08003b18   0x08003b18   0x0000005a   Code   RO         1036    .text.TIM_GetITStatus  stm32f10x_tim.o
    0x08003b72   0x08003b72   0x00000002   PAD
    0x08003b74   0x08003b74   0x00000034   Code   RO          904    .text.TIM_ITConfig  stm32f10x_tim.o
    0x08003ba8   0x08003ba8   0x00000142   Code   RO          860    .text.TIM_TimeBaseInit  stm32f10x_tim.o
    0x08003cea   0x08003cea   0x00000002   PAD
    0x08003cec   0x08003cec   0x00000012   Code   RO         1186    .text.USART1_IRQHandler  uart.o
    0x08003cfe   0x08003cfe   0x00000002   PAD
    0x08003d00   0x08003d00   0x00000014   Code   RO         1188    .text.USART2_IRQHandler  uart.o
    0x08003d14   0x08003d14   0x00000014   Code   RO         1190    .text.USART3_IRQHandler  uart.o
    0x08003d28   0x08003d28   0x00000044   Code   RO         1103    .text.USART_ClearITPendingBit  stm32f10x_usart.o
    0x08003d6c   0x08003d6c   0x0000002c   Code   RO         1057    .text.USART_Cmd     stm32f10x_usart.o
    0x08003d98   0x08003d98   0x00000034   Code   RO         1061    .text.USART_DMACmd  stm32f10x_usart.o
    0x08003dcc   0x08003dcc   0x000000d0   Code   RO         1047    .text.USART_DeInit  stm32f10x_usart.o
    0x08003e9c   0x08003e9c   0x00000044   Code   RO         1097    .text.USART_GetFlagStatus  stm32f10x_usart.o
    0x08003ee0   0x08003ee0   0x000000b0   Code   RO         1101    .text.USART_GetITStatus  stm32f10x_usart.o
    0x08003f90   0x08003f90   0x000000d4   Code   RO         1184    .text.USART_IRQHandler  uart.o
    0x08004064   0x08004064   0x00000092   Code   RO         1059    .text.USART_ITConfig  stm32f10x_usart.o
    0x080040f6   0x080040f6   0x00000002   PAD
    0x080040f8   0x080040f8   0x0000015c   Code   RO         1049    .text.USART_Init    stm32f10x_usart.o
    0x08004254   0x08004254   0x00000018   Code   RO         1073    .text.USART_SendData  stm32f10x_usart.o
    0x0800426c   0x0800426c   0x00000004   Code   RO         1484    .text.UsageFault_Handler  stm32f10x_it.o
    0x08004270   0x08004270   0x00000042   Code   RO         3015    .text.__NVIC_SetPriority  board.o
    0x080042b2   0x080042b2   0x00000002   PAD
    0x080042b4   0x080042b4   0x00000026   Code   RO         1999    .text.__NVIC_SystemReset  user_flash.o
    0x080042da   0x080042da   0x00000002   PAD
    0x080042dc   0x080042dc   0x0000007e   Code   RO         2830    .text.__rt_ffs      kservice.o
    0x0800435a   0x0800435a   0x00000002   PAD
    0x0800435c   0x0800435c   0x000000c4   Code   RO         2923    .text._rt_thread_init  thread.o
    0x08004420   0x08004420   0x00000068   Code   RO         2966    .text._rt_timer_init  timer.o
    0x08004488   0x08004488   0x00000030   Code   RO         2970    .text._rt_timer_remove  timer.o
    0x080044b8   0x080044b8   0x00000026   Code   RO         2917    .text._thread_cleanup_execute  thread.o
    0x080044de   0x080044de   0x00000002   PAD
    0x080044e0   0x080044e0   0x0000024e   Code   RO         2228    .text.aai_write     sfud.o
    0x0800472e   0x0800472e   0x00000002   PAD
    0x08004730   0x08004730   0x0000007e   Code   RO         2149    .text.align_write   ef_env.o
    0x080047ae   0x080047ae   0x00000002   PAD
    0x080047b0   0x080047b0   0x000000a8   Code   RO         2137    .text.alloc_env     ef_env.o
    0x08004858   0x08004858   0x0000006c   Code   RO         2141    .text.alloc_env_cb  ef_env.o
    0x080048c4   0x080048c4   0x00000030   Code   RO         1874    .text.at_clear      at_function.o
    0x080048f4   0x080048f4   0x00000010   Code   RO         1880    .text.at_delay_ms   at_function.o
    0x08004904   0x08004904   0x00000064   Code   RO         1896    .text.at_device_register  at_function.o
    0x08004968   0x08004968   0x0000001a   Code   RO         1870    .text.at_get_msg    at_function.o
    0x08004982   0x08004982   0x00000002   PAD
    0x08004984   0x08004984   0x00000008   Code   RO         1878    .text.at_get_tick   at_function.o
    0x0800498c   0x0800498c   0x00000170   Code   RO         1890    .text.at_parase_callback  at_function.o
    0x08004afc   0x08004afc   0x0000017e   Code   RO         1135    .text.binary_strstr  sys.o
    0x08004c7a   0x08004c7a   0x00000002   PAD
    0x08004c7c   0x08004c7c   0x00000022   Code   RO         1143    .text.board_init    sys.o
    0x08004c9e   0x08004c9e   0x00000002   PAD
    0x08004ca0   0x08004ca0   0x0000007c   Code   RO         2317    .text.buffer_skip_whitespace  cjson.o
    0x08004d1c   0x08004d1c   0x00000098   Code   RO         2307    .text.cJSON_Delete  cjson.o
    0x08004db4   0x08004db4   0x0000002a   Code   RO         2337    .text.cJSON_GetArrayItem  cjson.o
    0x08004dde   0x08004dde   0x00000002   PAD
    0x08004de0   0x08004de0   0x0000003e   Code   RO         2335    .text.cJSON_GetArraySize  cjson.o
    0x08004e1e   0x08004e1e   0x00000002   PAD
    0x08004e20   0x08004e20   0x00000010   Code   RO         2297    .text.cJSON_GetErrorPtr  cjson.o
    0x08004e30   0x08004e30   0x00000016   Code   RO         2341    .text.cJSON_GetObjectItem  cjson.o
    0x08004e46   0x08004e46   0x00000002   PAD
    0x08004e48   0x08004e48   0x00000016   Code   RO         2345    .text.cJSON_GetObjectItemCaseSensitive  cjson.o
    0x08004e5e   0x08004e5e   0x00000002   PAD
    0x08004e60   0x08004e60   0x00000026   Code   RO         2463    .text.cJSON_IsArray  cjson.o
    0x08004e86   0x08004e86   0x00000002   PAD
    0x08004e88   0x08004e88   0x00000026   Code   RO         2465    .text.cJSON_IsObject  cjson.o
    0x08004eae   0x08004eae   0x00000002   PAD
    0x08004eb0   0x08004eb0   0x00000026   Code   RO         2301    .text.cJSON_IsString  cjson.o
    0x08004ed6   0x08004ed6   0x00000002   PAD
    0x08004ed8   0x08004ed8   0x00000026   Code   RO         2313    .text.cJSON_New_Item  cjson.o
    0x08004efe   0x08004efe   0x00000002   PAD
    0x08004f00   0x08004f00   0x00000014   Code   RO         2321    .text.cJSON_Parse   cjson.o
    0x08004f14   0x08004f14   0x0000012a   Code   RO         2311    .text.cJSON_ParseWithOpts  cjson.o
    0x0800503e   0x0800503e   0x00000002   PAD
    0x08005040   0x08005040   0x00000088   Code   RO         2503    .text.case_insensitive_strcmp  cjson.o
    0x080050c8   0x080050c8   0x0000007c   Code   RO         2109    .text.check_and_recovery_env_cb  ef_env.o
    0x08005144   0x08005144   0x00000036   Code   RO         2107    .text.check_and_recovery_gc_cb  ef_env.o
    0x0800517a   0x0800517a   0x00000002   PAD
    0x0800517c   0x0800517c   0x00000044   Code   RO         2105    .text.check_sec_hdr_cb  ef_env.o
    0x080051c0   0x080051c0   0x000000ae   Code   RO         2159    .text.continue_ff_addr  ef_env.o
    0x0800526e   0x0800526e   0x00000002   PAD
    0x08005270   0x08005270   0x00000212   Code   RO         2093    .text.create_env_blob  ef_env.o
    0x08005482   0x08005482   0x00000002   PAD
    0x08005484   0x08005484   0x0000011e   Code   RO         2075    .text.del_env       ef_env.o
    0x080055a2   0x080055a2   0x00000002   PAD
    0x080055a4   0x080055a4   0x00000052   Code   RO         2832    .text.divide        kservice.o
    0x080055f6   0x080055f6   0x00000002   PAD
    0x080055f8   0x080055f8   0x0000009c   Code   RO         2167    .text.do_gc         ef_env.o
    0x08005694   0x08005694   0x0000002e   Code   RO         1137    .text.dwt_init      sys.o
    0x080056c2   0x080056c2   0x00000002   PAD
    0x080056c4   0x080056c4   0x000000a4   Code   RO         2049    .text.easyflash_init  easyflash.o
    0x08005768   0x08005768   0x0000004a   Code   RO         2189    .text.ef_calc_crc32  ef_utils.o
    0x080057b2   0x080057b2   0x00000002   PAD
    0x080057b4   0x080057b4   0x000000da   Code   RO         2113    .text.ef_env_init   ef_env.o
    0x0800588e   0x0800588e   0x00000002   PAD
    0x08005890   0x08005890   0x0000012e   Code   RO         2089    .text.ef_env_set_default  ef_env.o
    0x080059be   0x080059be   0x00000002   PAD
    0x080059c0   0x080059c0   0x00000054   Code   RO         2063    .text.ef_get_env_blob  ef_env.o
    0x08005a14   0x08005a14   0x000000aa   Code   RO         2101    .text.ef_load_env   ef_env.o
    0x08005abe   0x08005abe   0x00000002   PAD
    0x08005ac0   0x08005ac0   0x00000048   Code   RO         2036    .text.ef_log_info   ef_port.o
    0x08005b08   0x08005b08   0x0000000e   Code   RO         2030    .text.ef_port_env_lock  ef_port.o
    0x08005b16   0x08005b16   0x00000002   PAD
    0x08005b18   0x08005b18   0x00000004   Code   RO         2032    .text.ef_port_env_unlock  ef_port.o
    0x08005b1c   0x08005b1c   0x0000004e   Code   RO         2026    .text.ef_port_erase  ef_port.o
    0x08005b6a   0x08005b6a   0x00000002   PAD
    0x08005b6c   0x08005b6c   0x00000034   Code   RO         2022    .text.ef_port_init  ef_port.o
    0x08005ba0   0x08005ba0   0x0000002a   Code   RO         2024    .text.ef_port_read  ef_port.o
    0x08005bca   0x08005bca   0x00000002   PAD
    0x08005bcc   0x08005bcc   0x00000042   Code   RO         2028    .text.ef_port_write  ef_port.o
    0x08005c0e   0x08005c0e   0x00000002   PAD
    0x08005c10   0x08005c10   0x0000002c   Code   RO         2038    .text.ef_print      ef_port.o
    0x08005c3c   0x08005c3c   0x0000005c   Code   RO         2079    .text.ef_set_env_blob  ef_env.o
    0x08005c98   0x08005c98   0x0000008a   Code   RO         2097    .text.env_iterator  ef_env.o
    0x08005d22   0x08005d22   0x00000002   PAD
    0x08005d24   0x08005d24   0x0000006e   Code   RO         2061    .text.find_env      ef_env.o
    0x08005d92   0x08005d92   0x00000002   PAD
    0x08005d94   0x08005d94   0x0000006e   Code   RO         2129    .text.find_env_cb   ef_env.o
    0x08005e02   0x08005e02   0x00000002   PAD
    0x08005e04   0x08005e04   0x0000002e   Code   RO         2119    .text.find_env_no_cache  ef_env.o
    0x08005e32   0x08005e32   0x00000002   PAD
    0x08005e34   0x08005e34   0x000000ca   Code   RO         2161    .text.find_next_env_addr  ef_env.o
    0x08005efe   0x08005efe   0x00000002   PAD
    0x08005f00   0x08005f00   0x0000001c   Code   RO         1993    .text.flash_get     user_flash.o
    0x08005f1c   0x08005f1c   0x00000018   Code   RO         1991    .text.flash_set     user_flash.o
    0x08005f34   0x08005f34   0x00000090   Code   RO         2091    .text.format_sector  ef_env.o
    0x08005fc4   0x08005fc4   0x00000012   Code   RO         1196    .text.fputc         uart.o
    0x08005fd6   0x08005fd6   0x00000002   PAD
    0x08005fd8   0x08005fd8   0x0000008e   Code   RO         1954    .text.ft            hmac_sha1.o
    0x08006066   0x08006066   0x00000002   PAD
    0x08006068   0x08006068   0x00000026   Code   RO         2165    .text.gc_check_cb   ef_env.o
    0x0800608e   0x0800608e   0x00000002   PAD
    0x08006090   0x08006090   0x00000054   Code   RO         2111    .text.gc_collect    ef_env.o
    0x080060e4   0x080060e4   0x00000056   Code   RO         2339    .text.get_array_item  cjson.o
    0x0800613a   0x0800613a   0x00000002   PAD
    0x0800613c   0x0800613c   0x00000004   Code   RO         2489    .text.get_decimal_point  cjson.o
    0x08006140   0x08006140   0x0000006a   Code   RO         2065    .text.get_env       ef_env.o
    0x080061aa   0x080061aa   0x00000002   PAD
    0x080061ac   0x080061ac   0x000000fe   Code   RO         2115    .text.get_env_from_cache  ef_env.o
    0x080062aa   0x080062aa   0x00000002   PAD
    0x080062ac   0x080062ac   0x000000ae   Code   RO         2155    .text.get_next_env_addr  ef_env.o
    0x0800635a   0x0800635a   0x00000002   PAD
    0x0800635c   0x0800635c   0x0000006a   Code   RO         2151    .text.get_next_sector_addr  ef_env.o
    0x080063c6   0x080063c6   0x00000002   PAD
    0x080063c8   0x080063c8   0x0000009c   Code   RO         2343    .text.get_object_item  cjson.o
    0x08006464   0x08006464   0x00000068   Code   RO         2157    .text.get_sector_from_cache  ef_env.o
    0x080064cc   0x080064cc   0x00000048   Code   RO         2123    .text.get_status    ef_env.o
    0x08006514   0x08006514   0x00000374   Code   RO         2200    .text.hardware_init  sfud.o
    0x08006888   0x08006888   0x00000238   Code   RO         1964    .text.hmac_sha1     hmac_sha1.o
    0x08006ac0   0x08006ac0   0x00000058   Code   RO         1228    .text.io_task_init  gpio.o
    0x08006b18   0x08006b18   0x00000060   Code   RO         1956    .text.k             hmac_sha1.o
    0x08006b78   0x08006b78   0x000002ce   Code   RO         1886    .text.lot_msg_parase  at_function.o
    0x08006e46   0x08006e46   0x00000002   PAD
    0x08006e48   0x08006e48   0x00000014   Code   RO         1469    .text.main          main.o
    0x08006e5c   0x08006e5c   0x00000012   Code   RO         2659    .text.main_thread_entry  components.o
    0x08006e6e   0x08006e6e   0x00000002   PAD
    0x08006e70   0x08006e70   0x000000c8   Code   RO         2216    .text.make_adress_byte_array  sfud.o
    0x08006f38   0x08006f38   0x0000015e   Code   RO         2163    .text.move_env      ef_env.o
    0x08007096   0x08007096   0x00000002   PAD
    0x08007098   0x08007098   0x0000008a   Code   RO         1882    .text.mqtt_pub      at_function.o
    0x08007122   0x08007122   0x00000002   PAD
    0x08007124   0x08007124   0x00000026   Code   RO         1198    .text.my_uart_init  uart.o
    0x0800714a   0x0800714a   0x00000002   PAD
    0x0800714c   0x0800714c   0x0000006e   Code   RO         1876    .text.net_send      at_function.o
    0x080071ba   0x080071ba   0x00000002   PAD
    0x080071bc   0x080071bc   0x00000052   Code   RO         2135    .text.new_env       ef_env.o
    0x0800720e   0x0800720e   0x00000002   PAD
    0x08007210   0x08007210   0x00000020   Code   RO         2133    .text.new_env_by_kv  ef_env.o
    0x08007230   0x08007230   0x00000258   Code   RO         2226    .text.page256_or_1_byte_write  sfud.o
    0x08007488   0x08007488   0x0000017c   Code   RO         2481    .text.parse_array   cjson.o
    0x08007604   0x08007604   0x000000be   Code   RO         2487    .text.parse_hex4    cjson.o
    0x080076c2   0x080076c2   0x00000002   PAD
    0x080076c4   0x080076c4   0x000001a6   Code   RO         2479    .text.parse_number  cjson.o
    0x0800786a   0x0800786a   0x00000002   PAD
    0x0800786c   0x0800786c   0x000001e0   Code   RO         2483    .text.parse_object  cjson.o
    0x08007a4c   0x08007a4c   0x00000256   Code   RO         2477    .text.parse_string  cjson.o
    0x08007ca2   0x08007ca2   0x00000002   PAD
    0x08007ca4   0x08007ca4   0x000001bc   Code   RO         2315    .text.parse_value   cjson.o
    0x08007e60   0x08007e60   0x00000264   Code   RO         2822    .text.print_number  kservice.o
    0x080080c4   0x080080c4   0x00000158   Code   RO         2257    .text.read_basic_header  sfud_sfdp.o
    0x0800821c   0x0800821c   0x0000057e   Code   RO         2259    .text.read_basic_table  sfud_sfdp.o
    0x0800879a   0x0800879a   0x00000002   PAD
    0x0800879c   0x0800879c   0x00000164   Code   RO         2117    .text.read_env      ef_env.o
    0x08008900   0x08008900   0x000000c6   Code   RO         2236    .text.read_jedec_id  sfud.o
    0x080089c6   0x080089c6   0x00000002   PAD
    0x080089c8   0x080089c8   0x000001c0   Code   RO         2153    .text.read_sector_meta_data  ef_env.o
    0x08008b88   0x08008b88   0x0000012a   Code   RO         2263    .text.read_sfdp_data  sfud_sfdp.o
    0x08008cb2   0x08008cb2   0x00000002   PAD
    0x08008cb4   0x08008cb4   0x00000118   Code   RO         2255    .text.read_sfdp_header  sfud_sfdp.o
    0x08008dcc   0x08008dcc   0x0000002e   Code   RO         2131    .text.read_status   ef_env.o
    0x08008dfa   0x08008dfa   0x00000002   PAD
    0x08008dfc   0x08008dfc   0x000000b8   Code   RO         2238    .text.reset         sfud.o
    0x08008eb4   0x08008eb4   0x00000018   Code   RO         2281    .text.retry_delay_100us  sfud_port.o
    0x08008ecc   0x08008ecc   0x0000001e   Code   RO         1170    .text.ring_reset    uart.o
    0x08008eea   0x08008eea   0x00000002   PAD
    0x08008eec   0x08008eec   0x000000ea   Code   RO         1174    .text.ringbuf_get   uart.o
    0x08008fd6   0x08008fd6   0x00000002   PAD
    0x08008fd8   0x08008fd8   0x00000146   Code   RO         1172    .text.ringbuf_put   uart.o
    0x0800911e   0x0800911e   0x00000002   PAD
    0x08009120   0x08009120   0x00000044   Code   RO         1960    .text.rotl          hmac_sha1.o
    0x08009164   0x08009164   0x0000004c   Code   RO         2661    .text.rt_application_init  components.o
    0x080091b0   0x080091b0   0x00000034   Code   RO         2651    .text.rt_components_board_init  components.o
    0x080091e4   0x080091e4   0x00000034   Code   RO         2653    .text.rt_components_init  components.o
    0x08009218   0x08009218   0x00000022   Code   RO         2896    .text.rt_enter_critical  scheduler.o
    0x0800923a   0x0800923a   0x00000002   PAD
    0x0800923c   0x0800923c   0x00000056   Code   RO         2898    .text.rt_exit_critical  scheduler.o
    0x08009292   0x08009292   0x00000002   PAD
    0x08009294   0x08009294   0x0000002a   Code   RO         3011    .text.rt_hw_board_init  board.o
    0x080092be   0x080092be   0x00000002   PAD
    0x080092c0   0x080092c0   0x0000004a   Code   RO         2608    .text.rt_hw_hard_fault_exception  cpuport.o
    0x0800930a   0x0800930a   0x00000002   PAD
    0x0800930c   0x0800930c   0x0000007c   Code   RO         2604    .text.rt_hw_stack_init  cpuport.o
    0x08009388   0x08009388   0x00000022   Code   RO         2774    .text.rt_interrupt_enter  irq.o
    0x080093aa   0x080093aa   0x00000002   PAD
    0x080093ac   0x080093ac   0x00000022   Code   RO         2776    .text.rt_interrupt_leave  irq.o
    0x080093ce   0x080093ce   0x00000002   PAD
    0x080093d0   0x080093d0   0x0000001a   Code   RO         2713    .text.rt_ipc_list_resume  ipc.o
    0x080093ea   0x080093ea   0x00000002   PAD
    0x080093ec   0x080093ec   0x00000094   Code   RO         2705    .text.rt_ipc_list_suspend  ipc.o
    0x08009480   0x08009480   0x00000014   Code   RO         2697    .text.rt_ipc_object_init  ipc.o
    0x08009494   0x08009494   0x00000010   Code   RO         2739    .text.rt_list_init  ipc.o
    0x080094a4   0x080094a4   0x00000010   Code   RO         2880    .text.rt_list_init  scheduler.o
    0x080094b4   0x080094b4   0x00000010   Code   RO         2955    .text.rt_list_init  thread.o
    0x080094c4   0x080094c4   0x00000010   Code   RO         2982    .text.rt_list_init  timer.o
    0x080094d4   0x080094d4   0x00000026   Code   RO         2858    .text.rt_list_insert_after  object.o
    0x080094fa   0x080094fa   0x00000002   PAD
    0x080094fc   0x080094fc   0x00000026   Code   RO         2919    .text.rt_list_insert_after  thread.o
    0x08009522   0x08009522   0x00000002   PAD
    0x08009524   0x08009524   0x00000026   Code   RO         2974    .text.rt_list_insert_after  timer.o
    0x0800954a   0x0800954a   0x00000002   PAD
    0x0800954c   0x0800954c   0x00000026   Code   RO         2765    .text.rt_list_insert_before  ipc.o
    0x08009572   0x08009572   0x00000002   PAD
    0x08009574   0x08009574   0x00000026   Code   RO         2888    .text.rt_list_insert_before  scheduler.o
    0x0800959a   0x0800959a   0x00000002   PAD
    0x0800959c   0x0800959c   0x00000026   Code   RO         2937    .text.rt_list_insert_before  thread.o
    0x080095c2   0x080095c2   0x00000002   PAD
    0x080095c4   0x080095c4   0x00000014   Code   RO         2711    .text.rt_list_isempty  ipc.o
    0x080095d8   0x080095d8   0x00000014   Code   RO         2894    .text.rt_list_isempty  scheduler.o
    0x080095ec   0x080095ec   0x00000014   Code   RO         2984    .text.rt_list_isempty  timer.o
    0x08009600   0x08009600   0x00000020   Code   RO         2862    .text.rt_list_remove  object.o
    0x08009620   0x08009620   0x00000020   Code   RO         2892    .text.rt_list_remove  scheduler.o
    0x08009640   0x08009640   0x00000020   Code   RO         2935    .text.rt_list_remove  thread.o
    0x08009660   0x08009660   0x00000020   Code   RO         2986    .text.rt_list_remove  timer.o
    0x08009680   0x08009680   0x00000058   Code   RO         2737    .text.rt_mb_init    ipc.o
    0x080096d8   0x080096d8   0x00000154   Code   RO         2747    .text.rt_mb_recv    ipc.o
    0x0800982c   0x0800982c   0x00000016   Code   RO         2745    .text.rt_mb_send    ipc.o
    0x08009842   0x08009842   0x00000002   PAD
    0x08009844   0x08009844   0x00000166   Code   RO         2743    .text.rt_mb_send_wait  ipc.o
    0x080099aa   0x080099aa   0x00000002   PAD
    0x080099ac   0x080099ac   0x000000b2   Code   RO         2794    .text.rt_memset     kservice.o
    0x08009a5e   0x08009a5e   0x00000002   PAD
    0x08009a60   0x08009a60   0x0000003e   Code   RO         2717    .text.rt_mutex_init  ipc.o
    0x08009a9e   0x08009a9e   0x00000002   PAD
    0x08009aa0   0x08009aa0   0x00000114   Code   RO         2723    .text.rt_mutex_release  ipc.o
    0x08009bb4   0x08009bb4   0x00000138   Code   RO         2721    .text.rt_mutex_take  ipc.o
    0x08009cec   0x08009cec   0x00000024   Code   RO         2860    .text.rt_object_detach  object.o
    0x08009d10   0x08009d10   0x00000054   Code   RO         2850    .text.rt_object_get_information  object.o
    0x08009d64   0x08009d64   0x00000080   Code   RO         2856    .text.rt_object_init  object.o
    0x08009de4   0x08009de4   0x00000022   Code   RO         2864    .text.rt_object_is_systemobject  object.o
    0x08009e06   0x08009e06   0x00000002   PAD
    0x08009e08   0x08009e08   0x000000ae   Code   RO         2884    .text.rt_schedule   scheduler.o
    0x08009eb6   0x08009eb6   0x00000002   PAD
    0x08009eb8   0x08009eb8   0x00000050   Code   RO         2886    .text.rt_schedule_insert_thread  scheduler.o
    0x08009f08   0x08009f08   0x0000004c   Code   RO         2890    .text.rt_schedule_remove_thread  scheduler.o
    0x08009f54   0x08009f54   0x00000002   Code   RO         2816    .text.rt_show_version  kservice.o
    0x08009f56   0x08009f56   0x00000002   PAD
    0x08009f58   0x08009f58   0x0000005c   Code   RO         2808    .text.rt_strncpy    kservice.o
    0x08009fb4   0x08009fb4   0x0000006a   Code   RO         2878    .text.rt_system_scheduler_init  scheduler.o
    0x0800a01e   0x0800a01e   0x00000002   PAD
    0x0800a020   0x0800a020   0x00000040   Code   RO         2882    .text.rt_system_scheduler_start  scheduler.o
    0x0800a060   0x0800a060   0x00000030   Code   RO         2992    .text.rt_system_timer_init  timer.o
    0x0800a090   0x0800a090   0x00000002   Code   RO         2994    .text.rt_system_timer_thread_init  timer.o
    0x0800a092   0x0800a092   0x00000002   PAD
    0x0800a094   0x0800a094   0x000000ac   Code   RO         2949    .text.rt_thread_control  thread.o
    0x0800a140   0x0800a140   0x00000086   Code   RO         2931    .text.rt_thread_detach  thread.o
    0x0800a1c6   0x0800a1c6   0x00000002   PAD
    0x0800a1c8   0x0800a1c8   0x00000068   Code   RO         2915    .text.rt_thread_exit  thread.o
    0x0800a230   0x0800a230   0x0000000e   Code   RO         2681    .text.rt_thread_idle_entry  idle.o
    0x0800a23e   0x0800a23e   0x00000002   PAD
    0x0800a240   0x0800a240   0x00000002   Code   RO         2677    .text.rt_thread_idle_excute  idle.o
    0x0800a242   0x0800a242   0x00000002   PAD
    0x0800a244   0x0800a244   0x00000046   Code   RO         2679    .text.rt_thread_idle_init  idle.o
    0x0800a28a   0x0800a28a   0x00000002   PAD
    0x0800a28c   0x0800a28c   0x00000058   Code   RO         2921    .text.rt_thread_init  thread.o
    0x0800a2e4   0x0800a2e4   0x00000018   Code   RO         2947    .text.rt_thread_mdelay  thread.o
    0x0800a2fc   0x0800a2fc   0x0000004c   Code   RO         2929    .text.rt_thread_resume  thread.o
    0x0800a348   0x0800a348   0x0000000c   Code   RO         2925    .text.rt_thread_self  thread.o
    0x0800a354   0x0800a354   0x00000054   Code   RO         2939    .text.rt_thread_sleep  thread.o
    0x0800a3a8   0x0800a3a8   0x0000003e   Code   RO         2927    .text.rt_thread_startup  thread.o
    0x0800a3e6   0x0800a3e6   0x00000002   PAD
    0x0800a3e8   0x0800a3e8   0x00000054   Code   RO         2941    .text.rt_thread_suspend  thread.o
    0x0800a43c   0x0800a43c   0x00000028   Code   RO         2951    .text.rt_thread_timeout  thread.o
    0x0800a464   0x0800a464   0x00000074   Code   RO         2933    .text.rt_thread_yield  thread.o
    0x0800a4d8   0x0800a4d8   0x00000062   Code   RO         2633    .text.rt_tick_from_millisecond  clock.o
    0x0800a53a   0x0800a53a   0x00000002   PAD
    0x0800a53c   0x0800a53c   0x0000000c   Code   RO         2627    .text.rt_tick_get   clock.o
    0x0800a548   0x0800a548   0x0000003c   Code   RO         2631    .text.rt_tick_increase  clock.o
    0x0800a584   0x0800a584   0x000000d6   Code   RO         2980    .text.rt_timer_check  timer.o
    0x0800a65a   0x0800a65a   0x00000002   PAD
    0x0800a65c   0x0800a65c   0x0000007a   Code   RO         2978    .text.rt_timer_control  timer.o
    0x0800a6d6   0x0800a6d6   0x00000002   PAD
    0x0800a6d8   0x0800a6d8   0x0000002e   Code   RO         2968    .text.rt_timer_detach  timer.o
    0x0800a706   0x0800a706   0x00000002   PAD
    0x0800a708   0x0800a708   0x0000003e   Code   RO         2964    .text.rt_timer_init  timer.o
    0x0800a746   0x0800a746   0x00000002   PAD
    0x0800a748   0x0800a748   0x0000014a   Code   RO         2972    .text.rt_timer_start  timer.o
    0x0800a892   0x0800a892   0x00000002   PAD
    0x0800a894   0x0800a894   0x00000040   Code   RO         2976    .text.rt_timer_stop  timer.o
    0x0800a8d4   0x0800a8d4   0x000005c8   Code   RO         2818    .text.rt_vsnprintf  kservice.o
    0x0800ae9c   0x0800ae9c   0x0000001c   Code   RO         2826    .text.rt_vsprintf   kservice.o
    0x0800aeb8   0x0800aeb8   0x00000004   Code   RO         2647    .text.rti_board_end  components.o
    0x0800aebc   0x0800aebc   0x00000004   Code   RO         2645    .text.rti_board_start  components.o
    0x0800aec0   0x0800aec0   0x00000004   Code   RO         2649    .text.rti_end       components.o
    0x0800aec4   0x0800aec4   0x00000004   Code   RO         2643    .text.rti_start     components.o
    0x0800aec8   0x0800aec8   0x0000002a   Code   RO         2657    .text.rtthread_startup  components.o
    0x0800aef2   0x0800aef2   0x00000002   PAD
    0x0800aef4   0x0800aef4   0x0000008e   Code   RO         2103    .text.sector_iterator  ef_env.o
    0x0800af82   0x0800af82   0x00000002   PAD
    0x0800af84   0x0800af84   0x00000054   Code   RO         2139    .text.sector_statistics_cb  ef_env.o
    0x0800afd8   0x0800afd8   0x00000122   Code   RO         2240    .text.set_4_byte_address_mode  sfud.o
    0x0800b0fa   0x0800b0fa   0x00000002   PAD
    0x0800b0fc   0x0800b0fc   0x00000044   Code   RO         1884    .text.set_ack       at_function.o
    0x0800b140   0x0800b140   0x000000f2   Code   RO         2081    .text.set_env       ef_env.o
    0x0800b232   0x0800b232   0x00000002   PAD
    0x0800b234   0x0800b234   0x0000004c   Code   RO         2127    .text.set_status    ef_env.o
    0x0800b280   0x0800b280   0x00000106   Code   RO         2220    .text.set_write_enabled  sfud.o
    0x0800b386   0x0800b386   0x00000002   PAD
    0x0800b388   0x0800b388   0x00000140   Code   RO         2218    .text.sfud_chip_erase  sfud.o
    0x0800b4c8   0x0800b4c8   0x0000006e   Code   RO         2198    .text.sfud_device_init  sfud.o
    0x0800b536   0x0800b536   0x00000002   PAD
    0x0800b538   0x0800b538   0x0000024e   Code   RO         2222    .text.sfud_erase    sfud.o
    0x0800b786   0x0800b786   0x00000002   PAD
    0x0800b788   0x0800b788   0x0000000a   Code   RO         2210    .text.sfud_get_device_table  sfud.o
    0x0800b792   0x0800b792   0x00000002   PAD
    0x0800b794   0x0800b794   0x00000090   Code   RO         2204    .text.sfud_init     sfud.o
    0x0800b824   0x0800b824   0x00000050   Code   RO         2283    .text.sfud_log_debug  sfud_port.o
    0x0800b874   0x0800b874   0x0000004c   Code   RO         2285    .text.sfud_log_info  sfud_port.o
    0x0800b8c0   0x0800b8c0   0x00000172   Code   RO         2212    .text.sfud_read     sfud.o
    0x0800ba32   0x0800ba32   0x00000002   PAD
    0x0800ba34   0x0800ba34   0x0000007e   Code   RO         2253    .text.sfud_read_sfdp  sfud_sfdp.o
    0x0800bab2   0x0800bab2   0x00000002   PAD
    0x0800bab4   0x0800bab4   0x00000096   Code   RO         2232    .text.sfud_read_status  sfud.o
    0x0800bb4a   0x0800bb4a   0x00000002   PAD
    0x0800bb4c   0x0800bb4c   0x000000c4   Code   RO         2261    .text.sfud_sfdp_get_suitable_eraser  sfud_sfdp.o
    0x0800bc10   0x0800bc10   0x00000070   Code   RO         2273    .text.sfud_spi_port_init  sfud_port.o
    0x0800bc80   0x0800bc80   0x00000070   Code   RO         2224    .text.sfud_write    sfud.o
    0x0800bcf0   0x0800bcf0   0x000000d6   Code   RO         2234    .text.sfud_write_status  sfud.o
    0x0800bdc6   0x0800bdc6   0x00000002   PAD
    0x0800bdc8   0x0800bdc8   0x0000031c   Code   RO         1962    .text.sha1          hmac_sha1.o
    0x0800c0e4   0x0800c0e4   0x00000038   Code   RO         2820    .text.skip_atoi     kservice.o
    0x0800c11c   0x0800c11c   0x00000066   Code   RO         2319    .text.skip_utf8_bom  cjson.o
    0x0800c182   0x0800c182   0x00000002   PAD
    0x0800c184   0x0800c184   0x0000004a   Code   RO         2202    .text.software_init  sfud.o
    0x0800c1ce   0x0800c1ce   0x00000002   PAD
    0x0800c1d0   0x0800c1d0   0x00000010   Code   RO         2277    .text.spi_lock      sfud_port.o
    0x0800c1e0   0x0800c1e0   0x0000000a   Code   RO         2279    .text.spi_unlock    sfud_port.o
    0x0800c1ea   0x0800c1ea   0x00000002   PAD
    0x0800c1ec   0x0800c1ec   0x000001b0   Code   RO         2275    .text.spi_write_read  sfud_port.o
    0x0800c39c   0x0800c39c   0x000000fa   Code   RO         3005    .text.sys_clock_set  board.o
    0x0800c496   0x0800c496   0x00000002   PAD
    0x0800c498   0x0800c498   0x00000096   Code   RO         3007    .text.sys_stm32_clock_init  board.o
    0x0800c52e   0x0800c52e   0x00000002   PAD
    0x0800c530   0x0800c530   0x00000026   Code   RO         1349    .text.timeout1      at_task.o
    0x0800c556   0x0800c556   0x00000002   PAD
    0x0800c558   0x0800c558   0x00000026   Code   RO         1351    .text.timeout2      at_task.o
    0x0800c57e   0x0800c57e   0x00000002   PAD
    0x0800c580   0x0800c580   0x00000028   Code   RO         1182    .text.uartbuf_clear  uart.o
    0x0800c5a8   0x0800c5a8   0x000001be   Code   RO         2121    .text.update_env_cache  ef_env.o
    0x0800c766   0x0800c766   0x00000002   PAD
    0x0800c768   0x0800c768   0x0000009e   Code   RO         2145    .text.update_sec_status  ef_env.o
    0x0800c806   0x0800c806   0x00000002   PAD
    0x0800c808   0x0800c808   0x000000e6   Code   RO         2143    .text.update_sector_cache  ef_env.o
    0x0800c8ee   0x0800c8ee   0x00000002   PAD
    0x0800c8f0   0x0800c8f0   0x0000015a   Code   RO         1892    .text.user_cmd_register  at_function.o
    0x0800ca4a   0x0800ca4a   0x00000002   PAD
    0x0800ca4c   0x0800ca4c   0x0000005e   Code   RO         1995    .text.user_flash_init  user_flash.o
    0x0800caaa   0x0800caaa   0x00000002   PAD
    0x0800caac   0x0800caac   0x0000007a   Code   RO         1997    .text.user_flash_task  user_flash.o
    0x0800cb26   0x0800cb26   0x00000002   PAD
    0x0800cb28   0x0800cb28   0x0000007e   Code   RO         2001    .text.user_flash_task_init  user_flash.o
    0x0800cba6   0x0800cba6   0x00000002   PAD
    0x0800cba8   0x0800cba8   0x000001ca   Code   RO         2485    .text.utf16_literal_to_utf8  cjson.o
    0x0800cd72   0x0800cd72   0x00000002   PAD
    0x0800cd74   0x0800cd74   0x000000be   Code   RO         2214    .text.wait_busy     sfud.o
    0x0800ce32   0x0800ce32   0x00000002   PAD
    0x0800ce34   0x0800ce34   0x00000054   Code   RO         2147    .text.write_env_hdr  ef_env.o
    0x0800ce88   0x0800ce88   0x0000006c   Code   RO         2125    .text.write_status  ef_env.o
    0x0800cef4   0x0800cef4   0x00000020   Code   RO         3063    i.__0printf         mc_w.l(printfa.o)
    0x0800cf14   0x0800cf14   0x00000034   Code   RO         3064    i.__0snprintf       mc_w.l(printfa.o)
    0x0800cf48   0x0800cf48   0x00000028   Code   RO         3065    i.__0sprintf        mc_w.l(printfa.o)
    0x0800cf70   0x0800cf70   0x00000034   Code   RO         3068    i.__0vsnprintf      mc_w.l(printfa.o)
    0x0800cfa4   0x0800cfa4   0x00000008   Code   RO         3222    i.__aeabi_errno_addr  mc_w.l(errno.o)
    0x0800cfac   0x0800cfac   0x0000005c   Code   RO         3094    i.__free$realloc    mc_w.l(mallocr.o)
    0x0800d008   0x0800d008   0x00000050   Code   RO         3095    i.__malloc$realloc  mc_w.l(mallocr.o)
    0x0800d058   0x0800d058   0x0000000e   Code   RO         3309    i.__scatterload_copy  mc_w.l(handlers.o)
    0x0800d066   0x0800d066   0x00000002   Code   RO         3310    i.__scatterload_null  mc_w.l(handlers.o)
    0x0800d068   0x0800d068   0x0000000e   Code   RO         3311    i.__scatterload_zeroinit  mc_w.l(handlers.o)
    0x0800d076   0x0800d076   0x00000002   PAD
    0x0800d078   0x0800d078   0x00000184   Code   RO         3070    i._fp_digits        mc_w.l(printfa.o)
    0x0800d1fc   0x0800d1fc   0x0000000e   Code   RO         3237    i._is_digit         mc_w.l(scanf_fp.o)
    0x0800d20a   0x0800d20a   0x00000002   PAD
    0x0800d20c   0x0800d20c   0x000006dc   Code   RO         3071    i._printf_core      mc_w.l(printfa.o)
    0x0800d8e8   0x0800d8e8   0x00000024   Code   RO         3072    i._printf_post_padding  mc_w.l(printfa.o)
    0x0800d90c   0x0800d90c   0x0000002e   Code   RO         3073    i._printf_pre_padding  mc_w.l(printfa.o)
    0x0800d93a   0x0800d93a   0x00000016   Code   RO         3074    i._snputc           mc_w.l(printfa.o)
    0x0800d950   0x0800d950   0x0000000a   Code   RO         3075    i._sputc            mc_w.l(printfa.o)
    0x0800d95a   0x0800d95a   0x00000002   PAD
    0x0800d95c   0x0800d95c   0x00000050   Code   RO         3096    i.internal_alloc    mc_w.l(mallocr.o)
    0x0800d9ac   0x0800d9ac   0x0000006c   Code   RO         3097    i.realloc           mc_w.l(mallocr.o)
    0x0800da18   0x0800da18   0x0000001e   Code   RO         3028    i.strtod            m_ws.l(strtod.o)
    0x0800da36   0x0800da36   0x00000081   Data   RO         3267    .constdata          mc_w.l(ctype_o.o)
    0x0800dab7   0x0800dab7   0x00000001   PAD
    0x0800dab8   0x0800dab8   0x00000004   Data   RO         3268    .constdata          mc_w.l(ctype_o.o)
    0x0800dabc   0x0800dabc   0x00000004   Data   RO          695    .rodata.ADCPrescTable  stm32f10x_rcc.o
    0x0800dac0   0x0800dac0   0x00000010   Data   RO          694    .rodata.APBAHBPrescTable  stm32f10x_rcc.o
    0x0800dad0   0x0800dad0   0x0000023a   Data   RO         1339    .rodata.OLED_F6x8   oled_data.o
    0x0800dd0a   0x0800dd0a   0x000005f0   Data   RO         1338    .rodata.OLED_F8x16  oled_data.o
    0x0800e2fa   0x0800e2fa   0x00000100   Data   RO         2836    .rodata.__lowest_bit_bitmap  kservice.o
    0x0800e3fa   0x0800e3fa   0x00000080   Data   RO         1946    .rodata.base64_dec_map  base64.o
    0x0800e47a   0x0800e47a   0x00000040   Data   RO         1945    .rodata.base64_enc_map  base64.o
    0x0800e4ba   0x0800e4ba   0x00000002   PAD
    0x0800e4bc   0x0800e4bc   0x00000400   Data   RO         2191    .rodata.crc32_table  ef_utils.o
    0x0800e8bc   0x0800e8bc   0x00000018   Data   RO         2009    .rodata.default_env_set  user_flash.o
    0x0800e8d4   0x0800e8d4   0x000000f0   Data   RO         2244    .rodata.flash_chip_table  sfud.o
    0x0800e9c4   0x0800e9c4   0x00000078   Data   RO         2245    .rodata.mf_table    sfud.o
    0x0800ea3c   0x0800ea3c   0x00000011   Data   RO         2838    .rodata.print_number.large_digits  kservice.o
    0x0800ea4d   0x0800ea4d   0x00000011   Data   RO         2837    .rodata.print_number.small_digits  kservice.o
    0x0800ea5e   0x0800ea5e   0x0000000e   Data   RO         1214    .rodata.str1.1      uart.o
    0x0800ea6c   0x0800ea6c   0x00000008   Data   RO         1232    .rodata.str1.1      gpio.o
    0x0800ea74   0x0800ea74   0x00000064   Data   RO         1326    .rodata.str1.1      oled.o
    0x0800ead8   0x0800ead8   0x00000018   Data   RO         1356    .rodata.str1.1      at_task.o
    0x0800eaf0   0x0800eaf0   0x00000013   Data   RO         1404    .rodata.str1.1      tim.o
    0x0800eb03   0x0800eb03   0x00000220   Data   RO         1902    .rodata.str1.1      at_function.o
    0x0800ed23   0x0800ed23   0x000000d7   Data   RO         1981    .rodata.str1.1      onenet.o
    0x0800edfa   0x0800edfa   0x0000002b   Data   RO         2008    .rodata.str1.1      user_flash.o
    0x0800ee25   0x0800ee25   0x00000008   Data   RO         2040    .rodata.str1.1      ef_port.o
    0x0800ee2d   0x0800ee2d   0x00000099   Data   RO         2052    .rodata.str1.1      easyflash.o
    0x0800eec6   0x0800eec6   0x000001f0   Data   RO         2172    .rodata.str1.1      ef_env.o
    0x0800f0b6   0x0800f0b6   0x000005e8   Data   RO         2242    .rodata.str1.1      sfud.o
    0x0800f69e   0x0800f69e   0x0000073c   Data   RO         2265    .rodata.str1.1      sfud_sfdp.o
    0x0800fdda   0x0800fdda   0x00000055   Data   RO         2288    .rodata.str1.1      sfud_port.o
    0x0800fe2f   0x0800fe2f   0x00000038   Data   RO         2507    .rodata.str1.1      cjson.o
    0x0800fe67   0x0800fe67   0x00000006   Data   RO         2686    .rodata.str1.1      idle.o
    0x0800fe6d   0x0800fe6d   0x00000007   Data   RO         2835    .rodata.str1.1      kservice.o
    0x0800fe74   0x0800fe74   0x00000004   Data   RO         2663    .rti_fn.0           components.o
    0x0800fe78   0x0800fe78   0x00000004   Data   RO         2664    .rti_fn.0.end       components.o
    0x0800fe7c   0x0800fe7c   0x00000004   Data   RO         2665    .rti_fn.1.end       components.o
    0x0800fe80   0x0800fe80   0x00000004   Data   RO         1147    .rti_fn.6           sys.o
    0x0800fe84   0x0800fe84   0x00000004   Data   RO         2666    .rti_fn.6.end       components.o
    0x0800fe88   0x0800fe88   0x00000020   Data   RO         3308    Region$$Table       anon$$obj.o


    Execution Region RW_IRAM1 (Exec base: 0x20000000, Load base: 0x0800fea8, Size: 0x00003ff8, Max: 0x00005000, ABSOLUTE, COMPRESSED[0x00000158])

    Exec Addr    Load Addr    Size         Type   Attr      Idx    E Section Name        Object

    0x20000000   COMPRESSED   0x00000004   Data   RW         3200    .data               mc_w.l(stdout.o)
    0x20000004   COMPRESSED   0x00000004   Data   RW         3220    .data               mc_w.l(mvars.o)
    0x20000008   COMPRESSED   0x00000004   Data   RW         3221    .data               mc_w.l(mvars.o)
    0x2000000c   COMPRESSED   0x00000004   Data   RW         3225    .data               mc_w.l(errno.o)
    0x20000010   COMPRESSED   0x00000100   Data   RW         1908    .data.AT_Cmd_table  at_function.o
    0x20000110   COMPRESSED   0x00000170   Data   RW         1903    .data.AT_Device     at_function.o
    0x20000280   COMPRESSED   0x00000080   Data   RW         1909    .data.AT_URC_table  at_function.o
    0x20000300   COMPRESSED   0x00000004   Data   RW           10    .data.SystemCoreClock  system_stm32f10x.o
    0x20000304   COMPRESSED   0x00000040   Data   RW         1900    .data.at_status     at_function.o
    0x20000344   COMPRESSED   0x00000040   Data   RW         2007    .data.default_fiwi_params  user_flash.o
    0x20000384   COMPRESSED   0x00000002   Data   RW         2010    .data.default_size  user_flash.o
    0x20000386   COMPRESSED   0x00000002   PAD
    0x20000388   COMPRESSED   0x00000074   Data   RW         2243    .data.flash_table   sfud.o
    0x200003fc   COMPRESSED   0x0000000c   Data   RW         2508    .data.global_hooks  cjson.o
    0x20000408   COMPRESSED   0x00000070   Data   RW         2870    .data.rt_object_container  object.o
    0x20000478   COMPRESSED   0x0000000c   Data   RW         2287    .data.spi1          sfud_port.o
    0x20000484   COMPRESSED   0x0000000c   Data   RW         1201    .data.u1_ring_buf_t  uart.o
    0x20000490   COMPRESSED   0x0000000c   Data   RW         1203    .data.u2_ring_buf_t  uart.o
    0x2000049c   COMPRESSED   0x0000000c   Data   RW         1205    .data.u3_ring_buf_t  uart.o
    0x200004a8   COMPRESSED   0x00000040   Data   RW         1206    .data.uart1_rx_buf  uart.o
    0x200004e8   COMPRESSED   0x00000100   Data   RW         1207    .data.uart2_rx_buf  uart.o
    0x200005e8   COMPRESSED   0x00000040   Data   RW         1208    .data.uart3_rx_buf  uart.o
    0x20000628   COMPRESSED   0x00000168   Data   RW         1212    .data.uart_devices  uart.o
    0x20000790        -       0x00000040   Zero   RW         1328    .bss.Display_buf    oled.o
    0x200007d0        -       0x00000080   Zero   RW         1231    .bss.IO_PANNEL      gpio.o
    0x20000850        -       0x00000400   Zero   RW         1325    .bss.OLED_DisplayBuf  oled.o
    0x20000c50        -       0x00000080   Zero   RW         1329    .bss.OLED_PANNEL    oled.o
    0x20000cd0        -       0x00000200   Zero   RW         1330    .bss.OLED_PANNEL_STACK  oled.o
    0x20000ed0        -       0x00000001   Zero   RW         1403    .bss.TIM3_IRQHandler.at_disconnect_time  tim.o
    0x20000ed1        -       0x00000100   Zero   RW         1901    .bss.at_msg_buf     at_function.o
    0x20000fd1   COMPRESSED   0x00000003   PAD
    0x20000fd4        -       0x00000080   Zero   RW         1355    .bss.at_thread      at_task.o
    0x20001054        -       0x00001000   Zero   RW         1357    .bss.at_thread_stack  at_task.o
    0x20002054        -       0x00000002   Zero   RW         2003    .bss.boot_times     user_flash.o
    0x20002056        -       0x00000002   Zero   RW         2004    .bss.default_boot_times  user_flash.o
    0x20002058        -       0x00000004   Zero   RW         2174    .bss.default_env_set  ef_env.o
    0x2000205c        -       0x00000004   Zero   RW         2175    .bss.default_env_set_size  ef_env.o
    0x20002060        -       0x00000001   Zero   RW         2179    .bss.del_env.last_is_complete_del  ef_env.o
    0x20002061        -       0x00000001   Zero   RW         2051    .bss.easyflash_init.init_ok  easyflash.o
    0x20002062   COMPRESSED   0x00000002   PAD
    0x20002064        -       0x00000080   Zero   RW         2169    .bss.env_cache_table  ef_env.o
    0x200020e4        -       0x00000004   Zero   RW         2176    .bss.env_start_addr  ef_env.o
    0x200020e8        -       0x00000001   Zero   RW         2178    .bss.gc_request     ef_env.o
    0x200020e9   COMPRESSED   0x00000003   PAD
    0x200020ec        -       0x00000008   Zero   RW         2505    .bss.global_error   cjson.o
    0x200020f4        -       0x00000080   Zero   RW         2685    .bss.idle           idle.o
    0x20002174        -       0x00000001   Zero   RW         2177    .bss.in_recovery_check  ef_env.o
    0x20002175        -       0x00000001   Zero   RW         2171    .bss.init_ok        ef_env.o
    0x20002176        -       0x00000100   Zero   RW         1233    .bss.io_stack       gpio.o
    0x20002276        -       0x00000080   Zero   RW         2041    .bss.log_buf        ef_port.o
    0x200022f6        -       0x00000100   Zero   RW         2289    .bss.log_buf        sfud_port.o
    0x200023f6   COMPRESSED   0x00000002   PAD
    0x200023f8        -       0x000000c0   Zero   RW         1907    .bss.lot_msg        at_function.o
    0x200024b8        -       0x00000400   Zero   RW         2669    .bss.main_stack     components.o
    0x200028b8        -       0x00000080   Zero   RW         2667    .bss.main_thread    components.o
    0x20002938        -       0x00000030   Zero   RW         2011    .bss.mb             user_flash.o
    0x20002968        -       0x00000040   Zero   RW         2014    .bss.mb_pool        user_flash.o
    0x200029a8        -       0x0000000c   Zero   RW         1230    .bss.my_io          gpio.o
    0x200029b4        -       0x00000001   Zero   RW         2905    .bss.rt_current_priority  scheduler.o
    0x200029b5   COMPRESSED   0x00000003   PAD
    0x200029b8        -       0x00000004   Zero   RW         2902    .bss.rt_current_thread  scheduler.o
    0x200029bc        -       0x00000004   Zero   RW         2614    .bss.rt_exception_hook  cpuport.o
    0x200029c0        -       0x00000004   Zero   RW         2615    .bss.rt_interrupt_from_thread  cpuport.o
    0x200029c4        -       0x00000001   Zero   RW         2780    .bss.rt_interrupt_nest  irq.o
    0x200029c5   COMPRESSED   0x00000003   PAD
    0x200029c8        -       0x00000004   Zero   RW         2616    .bss.rt_interrupt_to_thread  cpuport.o
    0x200029cc        -       0x00000002   Zero   RW         2903    .bss.rt_scheduler_lock_nest  scheduler.o
    0x200029ce   COMPRESSED   0x00000002   PAD
    0x200029d0        -       0x00000008   Zero   RW         2907    .bss.rt_thread_defunct  scheduler.o
    0x200029d8        -       0x00000100   Zero   RW         2904    .bss.rt_thread_priority_table  scheduler.o
    0x20002ad8        -       0x00000004   Zero   RW         2906    .bss.rt_thread_ready_priority_group  scheduler.o
    0x20002adc        -       0x00000080   Zero   RW         2687    .bss.rt_thread_stack  idle.o
    0x20002b5c        -       0x00000004   Zero   RW         2617    .bss.rt_thread_switch_interrupt_flag  cpuport.o
    0x20002b60        -       0x00000004   Zero   RW         2635    .bss.rt_tick        clock.o
    0x20002b64        -       0x00000008   Zero   RW         2997    .bss.rt_timer_list  timer.o
    0x20002b6c        -       0x00000004   Zero   RW         2996    .bss.rt_timer_start.random_nr  timer.o
    0x20002b70        -       0x00000020   Zero   RW         2170    .bss.sector_cache_table  ef_env.o
    0x20002b90        -       0x00000038   Zero   RW         2180    .bss.set_env.env    ef_env.o
    0x20002bc8        -       0x00000018   Zero   RW         2181    .bss.set_env.sector  ef_env.o
    0x20002be0        -       0x0000002c   Zero   RW         1358    .bss.timer1         at_task.o
    0x20002c0c        -       0x0000002c   Zero   RW         1359    .bss.timer2         at_task.o
    0x20002c38        -       0x00000040   Zero   RW         1200    .bss.u1_ring_buf    uart.o
    0x20002c78        -       0x00000200   Zero   RW         1202    .bss.u2_ring_buf    uart.o
    0x20002e78        -       0x00000040   Zero   RW         1204    .bss.u3_ring_buf    uart.o
    0x20002eb8        -       0x00000040   Zero   RW         1209    .bss.uart1_tx_buf   uart.o
    0x20002ef8        -       0x00000040   Zero   RW         1210    .bss.uart2_tx_buf   uart.o
    0x20002f38        -       0x00000040   Zero   RW         1211    .bss.uart3_tx_buf   uart.o
    0x20002f78        -       0x00000080   Zero   RW         2012    .bss.user_flash_pannel  user_flash.o
    0x20002ff8        -       0x00000400   Zero   RW         2013    .bss.user_flash_stack  user_flash.o
    0x200033f8        -       0x00000600   Zero   RW           19    HEAP                startup_stm32f10x_md.o
    0x200039f8        -       0x00000600   Zero   RW           18    STACK               startup_stm32f10x_md.o


==============================================================================

Image component sizes


      Code (inc. data)   RO Data    RW Data    ZI Data      Debug   Object Name

      3070          6        544        816        448      12478   at_function.o
       300          0         24          0       4312       2510   at_task.o
      1120          0        192          0          0       2259   base64.o
       606          0          0          0          0       4220   board.o
      4366        144         56         12          8      29405   cjson.o
       170          0          0          0          4       2446   clock.o
       266          0         16          0       1152       3210   components.o
       244         28          0          0          0        792   context_rvds.o
       198          0          0          0         16       2362   cpuport.o
       164          0        153          0          1       1354   easyflash.o
      7232          0        496          0        256      20282   ef_env.o
       372          0          8          0        128       4158   ef_port.o
        74          0       1024          0          0        881   ef_utils.o
       442          0          8          0        396       3526   gpio.o
      1670          0          0          0          0       4206   hmac_sha1.o
        86          0          6          0        256       2225   idle.o
      1726          0          0          0          0      13526   ipc.o
        68          0          0          0          1       1020   irq.o
      2656        168        297          0          0       9490   kservice.o
        20          0          0          0          0        359   main.o
       194          0          0          0          0       2858   misc.o
       172          0          0          0          0       2077   myiic.o
       310          0          0          0          0       2654   myspi.o
       352          0          0        112          0       4308   object.o
      2042          6        100          0       1728      17333   oled.o
         0          0       2090          0          0        750   oled_data.o
      1004         32        215          0          0       2172   onenet.o
       726          0          0          0        275       4196   scheduler.o
      5492          0       1872        116          0      11556   sfud.o
       750          0         85         12        256       4990   sfud_port.o
      2650          0       1852          0          0       5731   sfud_sfdp.o
        36          8        236          0       3072        776   startup_stm32f10x_md.o
       628          0          0          0          0       3527   stm32f10x_dma.o
       526          0          0          0          0       5359   stm32f10x_gpio.o
       820          0          0          0          0       7553   stm32f10x_i2c.o
        18          0          0          0          0        729   stm32f10x_it.o
       650          0         20          0          0       6687   stm32f10x_rcc.o
       234          0          0          0          0       6281   stm32f10x_spi.o
       530          0          0          0          0      20062   stm32f10x_tim.o
      1134          0          0          0          0       7170   stm32f10x_usart.o
       462          0          4          0          0       3059   sys.o
       400          0          0          4          0       2664   system_stm32f10x.o
      1354          0          0          0          0       6611   thread.o
       316          0         19          0          1       3862   tim.o
      1146          6          0          0         12       5300   timer.o
      1608          0         14        780        832      10975   uart.o
       432          0         67         66       1268       4608   user_flash.o

    ----------------------------------------------------------------------
     49168        398       9432       1920      14440     274557   Object Totals
         0          0         32          0          0          0   (incl. Generated)
       332          0          2          2         18          0   (incl. Padding)

    ----------------------------------------------------------------------

      Code (inc. data)   RO Data    RW Data    ZI Data      Debug   Library Member Name

        30          0          0          0          0         80   strtod.o
        86          0          0          0          0          0   __dczerorl2.o
        28          0          0          0          0         68   _chval.o
        64          0          0          0          0         84   _sgetc.o
       158          0          0          0          0         92   _strtoul.o
        26          0          0          0          0         80   atoi.o
         8          4        133          0          0         68   ctype_o.o
         0          0          0          0          0          0   entry.o
         0          0          0          0          0          0   entry10a.o
         0          0          0          0          0          0   entry11a.o
         8          4          0          0          0          0   entry2.o
         4          0          0          0          0          0   entry5.o
         0          0          0          0          0          0   entry7b.o
         0          0          0          0          0          0   entry8b.o
         8          4          0          0          0          0   entry9a.o
         8          4          0          4          0         68   errno.o
        30          0          0          0          0          0   handlers.o
        48         10          0          0          0         68   init.o
        18          0          0          0          0         76   isspace_o.o
         0          0          0          0          0          0   iusefp.o
        30          0          0          0          0         68   llshl.o
        36          0          0          0          0         68   llsshr.o
        32          0          0          0          0         68   llushr.o
       360         30          0          0          0        356   mallocr.o
        26          0          0          0          0         80   memcmp.o
        36          0          0          0          0         68   memcpya.o
        36          0          0          0          0        108   memseta.o
         0          0          0          8          0          0   mvars.o
      2434        106          0          0          0        840   printfa.o
       878         12          0          0          0        216   scanf_fp.o
         0          0          0          4          0          0   stdout.o
        24          0          0          0          0         68   strcat.o
        20          0          0          0          0         68   strchr.o
        28          0          0          0          0         76   strcmp.o
        14          0          0          0          0         68   strlen.o
        30          0          0          0          0         80   strncmp.o
        24          0          0          0          0         76   strncpy.o
        22          0          0          0          0         68   strrchr.o
        36          0          0          0          0         80   strstr.o
       168         12          0          0          0        124   strtod.o
       112          0          0          0          0         88   strtol.o
        12          0          0          0          0         68   tolower.o
        44          0          0          0          0         80   uidiv.o
        98          0          0          0          0         92   uldiv.o
        48          0          0          0          0         68   cdrcmple.o
        56          0          0          0          0         88   d2f.o
       334          0          0          0          0        148   dadd.o
        54          0          0          0          0         80   dcmpgt.o
        54          0          0          0          0         80   dcmplt.o
       222          0          0          0          0        100   ddiv.o
       186          0          0          0          0        176   depilogue.o
        62          0          0          0          0         80   dfixi.o
        48          0          0          0          0         68   dfixul.o
        24          0          0          0          0         76   dfltul.o
       228          0          0          0          0         96   dmul.o
       110          0          0          0          0        168   fepilogue.o

    ----------------------------------------------------------------------
      6458        186        134         16          0       4820   Library Totals
         8          0          1          0          0          0   (incl. Padding)

    ----------------------------------------------------------------------

      Code (inc. data)   RO Data    RW Data    ZI Data      Debug   Library Name

        30          0          0          0          0         80   m_ws.l
      4994        186        133         16          0       3512   mc_w.l
      1426          0          0          0          0       1228   mf_w.l

    ----------------------------------------------------------------------
      6458        186        134         16          0       4820   Library Totals

    ----------------------------------------------------------------------

==============================================================================


      Code (inc. data)   RO Data    RW Data    ZI Data      Debug   

     55626        584       9566       1936      14440     275993   Grand Totals
     55626        584       9566        344      14440     275993   ELF Image Totals (compressed)
     55626        584       9566        344          0          0   ROM Totals

==============================================================================

    Total RO  Size (Code + RO Data)                65192 (  63.66kB)
    Total RW  Size (RW Data + ZI Data)             16376 (  15.99kB)
    Total ROM Size (Code + RO Data + RW Data)      65536 (  64.00kB)

==============================================================================

