Component: Arm Compiler for Embedded 6.23 Tool: armlink [5f102400]

==============================================================================

Section Cross References

    system_stm32f10x.o(.ARM.exidx.text.SystemInit) refers to system_stm32f10x.o(.text.SystemInit) for [Anonymous Symbol]
    system_stm32f10x.o(.text.SystemCoreClockUpdate) refers to system_stm32f10x.o(.data.SystemCoreClock) for SystemCoreClock
    system_stm32f10x.o(.text.SystemCoreClockUpdate) refers to system_stm32f10x.o(.rodata.AHBPrescTable) for AHBPrescTable
    system_stm32f10x.o(.ARM.exidx.text.SystemCoreClockUpdate) refers to system_stm32f10x.o(.text.SystemCoreClockUpdate) for [Anonymous Symbol]
    startup_stm32f10x_md.o(RESET) refers to startup_stm32f10x_md.o(STACK) for __initial_sp
    startup_stm32f10x_md.o(RESET) refers to startup_stm32f10x_md.o(.text) for Reset_Handler
    startup_stm32f10x_md.o(RESET) refers to stm32f10x_it.o(.text.NMI_Handler) for NMI_Handler
    startup_stm32f10x_md.o(RESET) refers to context_rvds.o(.text) for HardFault_Handler
    startup_stm32f10x_md.o(RESET) refers to stm32f10x_it.o(.text.MemManage_Handler) for MemManage_Handler
    startup_stm32f10x_md.o(RESET) refers to stm32f10x_it.o(.text.BusFault_Handler) for BusFault_Handler
    startup_stm32f10x_md.o(RESET) refers to stm32f10x_it.o(.text.UsageFault_Handler) for UsageFault_Handler
    startup_stm32f10x_md.o(RESET) refers to stm32f10x_it.o(.text.SVC_Handler) for SVC_Handler
    startup_stm32f10x_md.o(RESET) refers to stm32f10x_it.o(.text.DebugMon_Handler) for DebugMon_Handler
    startup_stm32f10x_md.o(RESET) refers to board.o(.text.SysTick_Handler) for SysTick_Handler
    startup_stm32f10x_md.o(RESET) refers to tim.o(.text.TIM3_IRQHandler) for TIM3_IRQHandler
    startup_stm32f10x_md.o(RESET) refers to uart.o(.text.USART1_IRQHandler) for USART1_IRQHandler
    startup_stm32f10x_md.o(RESET) refers to uart.o(.text.USART2_IRQHandler) for USART2_IRQHandler
    startup_stm32f10x_md.o(RESET) refers to uart.o(.text.USART3_IRQHandler) for USART3_IRQHandler
    startup_stm32f10x_md.o(.text) refers to system_stm32f10x.o(.text.SystemInit) for SystemInit
    startup_stm32f10x_md.o(.text) refers to entry.o(.ARM.Collect$$$$00000000) for __main
    misc.o(.ARM.exidx.text.NVIC_PriorityGroupConfig) refers to misc.o(.text.NVIC_PriorityGroupConfig) for [Anonymous Symbol]
    misc.o(.ARM.exidx.text.NVIC_Init) refers to misc.o(.text.NVIC_Init) for [Anonymous Symbol]
    misc.o(.ARM.exidx.text.NVIC_SetVectorTable) refers to misc.o(.text.NVIC_SetVectorTable) for [Anonymous Symbol]
    misc.o(.ARM.exidx.text.NVIC_SystemLPConfig) refers to misc.o(.text.NVIC_SystemLPConfig) for [Anonymous Symbol]
    misc.o(.ARM.exidx.text.SysTick_CLKSourceConfig) refers to misc.o(.text.SysTick_CLKSourceConfig) for [Anonymous Symbol]
    stm32f10x_adc.o(.text.ADC_DeInit) refers to stm32f10x_rcc.o(.text.RCC_APB2PeriphResetCmd) for RCC_APB2PeriphResetCmd
    stm32f10x_adc.o(.ARM.exidx.text.ADC_DeInit) refers to stm32f10x_adc.o(.text.ADC_DeInit) for [Anonymous Symbol]
    stm32f10x_adc.o(.ARM.exidx.text.ADC_Init) refers to stm32f10x_adc.o(.text.ADC_Init) for [Anonymous Symbol]
    stm32f10x_adc.o(.ARM.exidx.text.ADC_StructInit) refers to stm32f10x_adc.o(.text.ADC_StructInit) for [Anonymous Symbol]
    stm32f10x_adc.o(.ARM.exidx.text.ADC_Cmd) refers to stm32f10x_adc.o(.text.ADC_Cmd) for [Anonymous Symbol]
    stm32f10x_adc.o(.ARM.exidx.text.ADC_DMACmd) refers to stm32f10x_adc.o(.text.ADC_DMACmd) for [Anonymous Symbol]
    stm32f10x_adc.o(.ARM.exidx.text.ADC_ITConfig) refers to stm32f10x_adc.o(.text.ADC_ITConfig) for [Anonymous Symbol]
    stm32f10x_adc.o(.ARM.exidx.text.ADC_ResetCalibration) refers to stm32f10x_adc.o(.text.ADC_ResetCalibration) for [Anonymous Symbol]
    stm32f10x_adc.o(.ARM.exidx.text.ADC_GetResetCalibrationStatus) refers to stm32f10x_adc.o(.text.ADC_GetResetCalibrationStatus) for [Anonymous Symbol]
    stm32f10x_adc.o(.ARM.exidx.text.ADC_StartCalibration) refers to stm32f10x_adc.o(.text.ADC_StartCalibration) for [Anonymous Symbol]
    stm32f10x_adc.o(.ARM.exidx.text.ADC_GetCalibrationStatus) refers to stm32f10x_adc.o(.text.ADC_GetCalibrationStatus) for [Anonymous Symbol]
    stm32f10x_adc.o(.ARM.exidx.text.ADC_SoftwareStartConvCmd) refers to stm32f10x_adc.o(.text.ADC_SoftwareStartConvCmd) for [Anonymous Symbol]
    stm32f10x_adc.o(.ARM.exidx.text.ADC_GetSoftwareStartConvStatus) refers to stm32f10x_adc.o(.text.ADC_GetSoftwareStartConvStatus) for [Anonymous Symbol]
    stm32f10x_adc.o(.ARM.exidx.text.ADC_DiscModeChannelCountConfig) refers to stm32f10x_adc.o(.text.ADC_DiscModeChannelCountConfig) for [Anonymous Symbol]
    stm32f10x_adc.o(.ARM.exidx.text.ADC_DiscModeCmd) refers to stm32f10x_adc.o(.text.ADC_DiscModeCmd) for [Anonymous Symbol]
    stm32f10x_adc.o(.ARM.exidx.text.ADC_RegularChannelConfig) refers to stm32f10x_adc.o(.text.ADC_RegularChannelConfig) for [Anonymous Symbol]
[...]
    board_init                               0x08003289   Thumb Code    70  sys.o(.text.board_init)
    cJSON_Delete                             0x08003301   Thumb Code    86  cjson.o(.text.cJSON_Delete)
    cJSON_GetArrayItem                       0x08003359   Thumb Code    42  cjson.o(.text.cJSON_GetArrayItem)
    cJSON_GetArraySize                       0x08003385   Thumb Code    26  cjson.o(.text.cJSON_GetArraySize)
    cJSON_GetErrorPtr                        0x080033a1   Thumb Code    24  cjson.o(.text.cJSON_GetErrorPtr)
    cJSON_GetObjectItem                      0x080033b9   Thumb Code     6  cjson.o(.text.cJSON_GetObjectItem)
    cJSON_GetObjectItemCaseSensitive         0x080033c1   Thumb Code    38  cjson.o(.text.cJSON_GetObjectItemCaseSensitive)
    cJSON_IsArray                            0x080033e9   Thumb Code    20  cjson.o(.text.cJSON_IsArray)
    cJSON_IsObject                           0x080033fd   Thumb Code    20  cjson.o(.text.cJSON_IsObject)
    cJSON_IsString                           0x08003411   Thumb Code    20  cjson.o(.text.cJSON_IsString)
    cJSON_Parse                              0x08003425   Thumb Code     8  cjson.o(.text.cJSON_Parse)
    cJSON_ParseWithOpts                      0x0800342d   Thumb Code   324  cjson.o(.text.cJSON_ParseWithOpts)
    eMBFuncReadCoils                         0x08003bc9   Thumb Code   116  mbfunccoils.o(.text.eMBFuncReadCoils)
    eMBFuncReadDiscreteInputs                0x08003c3d   Thumb Code   116  mbfuncdisc.o(.text.eMBFuncReadDiscreteInputs)
    eMBFuncReadHoldingRegister               0x08003cb1   Thumb Code   104  mbfuncholding.o(.text.eMBFuncReadHoldingRegister)
    eMBFuncReadInputRegister                 0x08003d19   Thumb Code    98  mbfuncinput.o(.text.eMBFuncReadInputRegister)
    eMBFuncReadWriteMultipleHoldingRegister  0x08003d7d   Thumb Code   182  mbfuncholding.o(.text.eMBFuncReadWriteMultipleHoldingRegister)
    eMBFuncReportSlaveID                     0x08003e35   Thumb Code    38  mbfuncother.o(.text.eMBFuncReportSlaveID)
    eMBFuncWriteCoil                         0x08003e5d   Thumb Code    82  mbfunccoils.o(.text.eMBFuncWriteCoil)
    eMBFuncWriteHoldingRegister              0x08003eb1   Thumb Code    46  mbfuncholding.o(.text.eMBFuncWriteHoldingRegister)
    eMBFuncWriteMultipleCoils                0x08003ee1   Thumb Code   106  mbfunccoils.o(.text.eMBFuncWriteMultipleCoils)
    eMBFuncWriteMultipleHoldingRegister      0x08003f4d   Thumb Code    78  mbfuncholding.o(.text.eMBFuncWriteMultipleHoldingRegister)
    eMBInit                                  0x08003f9d   Thumb Code    76  mb.o(.text.eMBInit)
    eMBPoll                                  0x08003fe9   Thumb Code   266  mb.o(.text.eMBPoll)
    eMBRTUInit                               0x080040f5   Thumb Code    60  mbrtu.o(.text.eMBRTUInit)
    eMBRTUReceive                            0x08004131   Thumb Code    84  mbrtu.o(.text.eMBRTUReceive)
    eMBRTUSend                               0x08004185   Thumb Code    94  mbrtu.o(.text.eMBRTUSend)
    eMBRegCoilsCB                            0x080041e5   Thumb Code   194  slave_mb_app.o(.text.eMBRegCoilsCB)
    eMBRegDiscreteCB                         0x080042a9   Thumb Code   104  slave_mb_app.o(.text.eMBRegDiscreteCB)
    eMBRegHoldingCB                          0x08004311   Thumb Code   132  slave_mb_app.o(.text.eMBRegHoldingCB)
    eMBRegInputCB                            0x08004395   Thumb Code    76  slave_mb_app.o(.text.eMBRegInputCB)
    easyflash_init                           0x080043e1   Thumb Code    76  easyflash.o(.text.easyflash_init)
    ef_calc_crc32                            0x08004481   Thumb Code    46  ef_utils.o(.text.ef_calc_crc32)
    ef_env_init                              0x080044b1   Thumb Code   102  ef_env.o(.text.ef_env_init)
    ef_env_set_default                       0x08004519   Thumb Code   256  ef_env.o(.text.ef_env_set_default)
    ef_get_env_blob                          0x08004619   Thumb Code   102  ef_env.o(.text.ef_get_env_blob)
    ef_load_env                              0x08004681   Thumb Code   376  ef_env.o(.text.ef_load_env)
    ef_log_info                              0x08004839   Thumb Code    60  ef_port.o(.text.ef_log_info)
    ef_port_env_lock                         0x08004881   Thumb Code     8  ef_port.o(.text.ef_port_env_lock)
    ef_port_env_unlock                       0x08004889   Thumb Code     4  ef_port.o(.text.ef_port_env_unlock)
    ef_port_erase                            0x0800488d   Thumb Code    32  ef_port.o(.text.ef_port_erase)
    ef_port_init                             0x080048ad   Thumb Code    32  ef_port.o(.text.ef_port_init)
    ef_port_read                             0x080048cd   Thumb Code    26  ef_port.o(.text.ef_port_read)
    ef_port_write                            0x080048e9   Thumb Code    30  ef_port.o(.text.ef_port_write)
    ef_print                                 0x08004909   Thumb Code    40  ef_port.o(.text.ef_print)
    ef_set_env_blob                          0x08004931   Thumb Code   354  ef_env.o(.text.ef_set_env_blob)
    flash_set                                0x08004d75   Thumb Code     4  user_flash.o(.text.flash_set)
    fputc                                    0x08004d79   Thumb Code     2  uart.o(.text.fputc)
    hmac_sha1                                0x08005055   Thumb Code   364  hmac_sha1.o(.text.hmac_sha1)
    io_task_init                             0x080051c1   Thumb Code    84  gpio.o(.text.io_task_init)
    lot_msg_parase                           0x0800521d   Thumb Code   406  at_function.o(.text.lot_msg_parase)
    $Super$$main                             0x080053b5   Thumb Code    10  main.o(.text.main)
    main_thread_entry                        0x080053c1   Thumb Code    50  components.o(.text.main_thread_entry)
    my_uart_init                             0x080056c9   Thumb Code    36  uart.o(.text.my_uart_init)
    prveMBError2Exception                    0x08006345   Thumb Code    26  mbutils.o(.text.prveMBError2Exception)
    ring_reset                               0x08006595   Thumb Code    20  uart.o(.text.ring_reset)
    ringbuf_get                              0x080065a9   Thumb Code   118  uart.o(.text.ringbuf_get)
    ringbuf_put                              0x08006621   Thumb Code   156  uart.o(.text.ringbuf_put)
    rt_components_board_init                 0x080066bd   Thumb Code    42  components.o(.text.rt_components_board_init)
    rt_enter_critical                        0x080066e9   Thumb Code    28  scheduler.o(.text.rt_enter_critical)
    rt_exit_critical                         0x08006705   Thumb Code    66  scheduler.o(.text.rt_exit_critical)
    rt_hw_board_init                         0x08006749   Thumb Code    82  board.o(.text.rt_hw_board_init)
    rt_hw_hard_fault_exception               0x0800679d   Thumb Code    30  cpuport.o(.text.rt_hw_hard_fault_exception)
    rt_hw_stack_init                         0x080067bd   Thumb Code    66  cpuport.o(.text.rt_hw_stack_init)
    rt_interrupt_enter                       0x08006801   Thumb Code    28  irq.o(.text.rt_interrupt_enter)
    rt_interrupt_leave                       0x0800681d   Thumb Code    28  irq.o(.text.rt_interrupt_leave)
    rt_mb_init                               0x08006839   Thumb Code    54  ipc.o(.text.rt_mb_init)
    rt_mb_recv                               0x08006871   Thumb Code   338  ipc.o(.text.rt_mb_recv)
    rt_mb_send                               0x080069c5   Thumb Code     6  ipc.o(.text.rt_mb_send)
    rt_mb_send_wait                          0x080069cd   Thumb Code   320  ipc.o(.text.rt_mb_send_wait)
    rt_memset                                0x08006b0d   Thumb Code   114  kservice.o(.text.rt_memset)
    rt_mutex_init                            0x08006b81   Thumb Code    40  ipc.o(.text.rt_mutex_init)
    rt_mutex_release                         0x08006ba9   Thumb Code   166  ipc.o(.text.rt_mutex_release)
    rt_mutex_take                            0x08006c51   Thumb Code   270  ipc.o(.text.rt_mutex_take)
    rt_object_detach                         0x08006d61   Thumb Code    36  object.o(.text.rt_object_detach)
    rt_object_init                           0x08006d85   Thumb Code   100  object.o(.text.rt_object_init)
    rt_object_is_systemobject                0x08006de9   Thumb Code     6  object.o(.text.rt_object_is_systemobject)
    rt_schedule                              0x08006df1   Thumb Code   136  scheduler.o(.text.rt_schedule)
    rt_schedule_insert_thread                0x08006e79   Thumb Code    82  scheduler.o(.text.rt_schedule_insert_thread)
    rt_schedule_remove_thread                0x08006ecd   Thumb Code    84  scheduler.o(.text.rt_schedule_remove_thread)
    rt_show_version                          0x08006f21   Thumb Code     2  kservice.o(.text.rt_show_version)
    rt_strncpy                               0x08006f25   Thumb Code    64  kservice.o(.text.rt_strncpy)
    rt_system_scheduler_init                 0x08006f65   Thumb Code    82  scheduler.o(.text.rt_system_scheduler_init)
    rt_system_scheduler_start                0x08006fb9   Thumb Code    56  scheduler.o(.text.rt_system_scheduler_start)
    rt_system_timer_init                     0x08006ff1   Thumb Code    14  timer.o(.text.rt_system_timer_init)
    rt_system_timer_thread_init              0x08007001   Thumb Code     2  timer.o(.text.rt_system_timer_thread_init)
    rt_thread_control                        0x08007005   Thumb Code   194  thread.o(.text.rt_thread_control)
    rt_thread_detach                         0x080070c9   Thumb Code   110  thread.o(.text.rt_thread_detach)
    rt_thread_exit                           0x08007139   Thumb Code   110  thread.o(.text.rt_thread_exit)
    rt_thread_idle_init                      0x080071ad   Thumb Code    68  idle.o(.text.rt_thread_idle_init)
    rt_thread_init                           0x080071f9   Thumb Code   140  thread.o(.text.rt_thread_init)
    rt_thread_mdelay                         0x08007285   Thumb Code    14  thread.o(.text.rt_thread_mdelay)
    rt_thread_resume                         0x08007295   Thumb Code    70  thread.o(.text.rt_thread_resume)
    rt_thread_self                           0x080072dd   Thumb Code    12  thread.o(.text.rt_thread_self)
    rt_thread_sleep                          0x080072e9   Thumb Code   120  thread.o(.text.rt_thread_sleep)
    rt_thread_startup                        0x08007361   Thumb Code    92  thread.o(.text.rt_thread_startup)
    rt_thread_suspend                        0x080073bd   Thumb Code    66  thread.o(.text.rt_thread_suspend)
    rt_thread_timeout                        0x08007401   Thumb Code    40  thread.o(.text.rt_thread_timeout)
    rt_thread_yield                          0x08007429   Thumb Code   112  thread.o(.text.rt_thread_yield)
    rt_tick_from_millisecond                 0x08007499   Thumb Code     6  clock.o(.text.rt_tick_from_millisecond)
    rt_tick_get                              0x080074a1   Thumb Code    12  clock.o(.text.rt_tick_get)
    rt_tick_increase                         0x080074ad   Thumb Code    52  clock.o(.text.rt_tick_increase)
    rt_timer_check                           0x080074e1   Thumb Code   176  timer.o(.text.rt_timer_check)
    rt_timer_control                         0x08007591   Thumb Code    76  timer.o(.text.rt_timer_control)
    rt_timer_detach                          0x080075dd   Thumb Code    48  timer.o(.text.rt_timer_detach)
    rt_timer_init                            0x0800760d   Thumb Code    50  timer.o(.text.rt_timer_init)
    rt_timer_start                           0x08007641   Thumb Code   134  timer.o(.text.rt_timer_start)
    rt_timer_stop                            0x080076c9   Thumb Code    56  timer.o(.text.rt_timer_stop)
    rt_vsnprintf                             0x08007701   Thumb Code   868  kservice.o(.text.rt_vsnprintf)
    rt_vsprintf                              0x08007a6d   Thumb Code    12  kservice.o(.text.rt_vsprintf)
    set_ack                                  0x08007fc9   Thumb Code   120  at_function.o(.text.set_ack)
    sfud_chip_erase                          0x08008145   Thumb Code   432  sfud.o(.text.sfud_chip_erase)
    sfud_device_init                         0x08008325   Thumb Code   576  sfud.o(.text.sfud_device_init)
    sfud_erase                               0x080085e9   Thumb Code   640  sfud.o(.text.sfud_erase)
    sfud_get_device_table                    0x08008895   Thumb Code    10  sfud.o(.text.sfud_get_device_table)
    sfud_init                                0x080088a1   Thumb Code    60  sfud.o(.text.sfud_init)
    sfud_log_debug                           0x08008921   Thumb Code    72  sfud_port.o(.text.sfud_log_debug)
    sfud_log_info                            0x08008979   Thumb Code    68  sfud_port.o(.text.sfud_log_info)
    sfud_read                                0x080089c5   Thumb Code   404  sfud.o(.text.sfud_read)
    sfud_read_sfdp                           0x08008b61   Thumb Code  1372  sfud_sfdp.o(.text.sfud_read_sfdp)
    sfud_sfdp_get_suitable_eraser            0x08009149   Thumb Code   116  sfud_sfdp.o(.text.sfud_sfdp_get_suitable_eraser)
    sfud_spi_port_init                       0x080091f5   Thumb Code    80  sfud_port.o(.text.sfud_spi_port_init)
    sfud_write                               0x08009245   Thumb Code   712  sfud.o(.text.sfud_write)
    sfud_write_status                        0x0800950d   Thumb Code   212  sfud.o(.text.sfud_write_status)
    sha1                                     0x0800961d   Thumb Code   520  hmac_sha1.o(.text.sha1)
    sys_stm32_clock_init                     0x0800997d   Thumb Code   224  board.o(.text.sys_stm32_clock_init)
    timeout1                                 0x08009a5d   Thumb Code    20  at_task.o(.text.timeout1)
    timeout2                                 0x08009a71   Thumb Code    20  at_task.o(.text.timeout2)
    uartbuf_clear                            0x08009a85   Thumb Code    32  uart.o(.text.uartbuf_clear)
    usMBCRC16                                0x08009aa5   Thumb Code    70  mbcrc.o(.text.usMBCRC16)
    user_cmd_register                        0x08009aed   Thumb Code   240  at_function.o(.text.user_cmd_register)
    user_flash_task                          0x08009c6d   Thumb Code   180  user_flash.o(.text.user_flash_task)
    user_flash_task_init                     0x08009d21   Thumb Code   100  user_flash.o(.text.user_flash_task_init)
    xMBPortEventGet                          0x08009d99   Thumb Code    40  portevent.o(.text.xMBPortEventGet)
    xMBPortEventInit                         0x08009dc1   Thumb Code    16  portevent.o(.text.xMBPortEventInit)
    xMBPortEventPost                         0x08009dd1   Thumb Code    28  portevent.o(.text.xMBPortEventPost)
    xMBPortSerialInit                        0x08009ded   Thumb Code    20  portserial.o(.text.xMBPortSerialInit)
    xMBPortSerialPutByte                     0x08009e01   Thumb Code    28  portserial.o(.text.xMBPortSerialPutByte)
    xMBPortTimersInit                        0x08009e1d   Thumb Code     4  porttimer.o(.text.xMBPortTimersInit)
    xMBUtilGetBits                           0x08009e21   Thumb Code    28  mbutils.o(.text.xMBUtilGetBits)
    xMBUtilSetBits                           0x08009e3d   Thumb Code    52  mbutils.o(.text.xMBUtilSetBits)
    __0printf                                0x08009e71   Thumb Code    22  printfa.o(i.__0printf)
    __1printf                                0x08009e71   Thumb Code     0  printfa.o(i.__0printf)
    __2printf                                0x08009e71   Thumb Code     0  printfa.o(i.__0printf)
    __c89printf                              0x08009e71   Thumb Code     0  printfa.o(i.__0printf)
    printf                                   0x08009e71   Thumb Code     0  printfa.o(i.__0printf)
    __0snprintf                              0x08009e91   Thumb Code    48  printfa.o(i.__0snprintf)
    __1snprintf                              0x08009e91   Thumb Code     0  printfa.o(i.__0snprintf)
    __2snprintf                              0x08009e91   Thumb Code     0  printfa.o(i.__0snprintf)
    __c89snprintf                            0x08009e91   Thumb Code     0  printfa.o(i.__0snprintf)
    snprintf                                 0x08009e91   Thumb Code     0  printfa.o(i.__0snprintf)
    __0sprintf                               0x08009ec5   Thumb Code    34  printfa.o(i.__0sprintf)
    __1sprintf                               0x08009ec5   Thumb Code     0  printfa.o(i.__0sprintf)
    __2sprintf                               0x08009ec5   Thumb Code     0  printfa.o(i.__0sprintf)
    __c89sprintf                             0x08009ec5   Thumb Code     0  printfa.o(i.__0sprintf)
    sprintf                                  0x08009ec5   Thumb Code     0  printfa.o(i.__0sprintf)
    __0vsnprintf                             0x08009eed   Thumb Code    46  printfa.o(i.__0vsnprintf)
    __1vsnprintf                             0x08009eed   Thumb Code     0  printfa.o(i.__0vsnprintf)
    __2vsnprintf                             0x08009eed   Thumb Code     0  printfa.o(i.__0vsnprintf)
    __c89vsnprintf                           0x08009eed   Thumb Code     0  printfa.o(i.__0vsnprintf)
    vsnprintf                                0x08009eed   Thumb Code     0  printfa.o(i.__0vsnprintf)
    __aeabi_errno_addr                       0x08009f21   Thumb Code     4  errno.o(i.__aeabi_errno_addr)
    __rt_errno_addr                          0x08009f21   Thumb Code     0  errno.o(i.__aeabi_errno_addr)
    free                                     0x08009f29   Thumb Code    88  mallocr.o(i.__free$realloc)
    malloc                                   0x08009f85   Thumb Code    64  mallocr.o(i.__malloc$realloc)
    __scatterload_copy                       0x08009fd5   Thumb Code    14  handlers.o(i.__scatterload_copy)
    __scatterload_null                       0x08009fe3   Thumb Code     2  handlers.o(i.__scatterload_null)
    __scatterload_zeroinit                   0x08009fe5   Thumb Code    14  handlers.o(i.__scatterload_zeroinit)
    _is_digit                                0x0800a179   Thumb Code    14  scanf_fp.o(i._is_digit)
    realloc                                  0x0800a929   Thumb Code   102  mallocr.o(i.realloc)
    strtod                                   0x0800a995   Thumb Code    30  strtod.o(i.strtod)
    __ctype_table                            0x0800a9b2   Data         129  ctype_o.o(.constdata)
    OLED_F8x16                               0x0800aa4c   Data        1520  oled_data.o(.rodata.OLED_F8x16)
    __lowest_bit_bitmap                      0x0800b03c   Data         256  kservice.o(.rodata.__lowest_bit_bitmap)
    default_env_set                          0x0800b7fc   Data          24  user_flash.o(.rodata.default_env_set)
    __rt_init_rti_start                      0x0800c5ec   Data           4  components.o(.rti_fn.0)
    __rt_init_rti_board_start                0x0800c5f0   Data           4  components.o(.rti_fn.0.end)
    __rt_init_rti_board_end                  0x0800c5f4   Data           4  components.o(.rti_fn.1.end)
    __rt_init_board_init                     0x0800c5f8   Data           4  sys.o(.rti_fn.6)
    __rt_init_rti_end                        0x0800c5fc   Data           4  components.o(.rti_fn.6.end)
    Region$$Table$$Base                      0x0800c600   Number         0  anon$$obj.o(Region$$Table)
    Region$$Table$$Limit                     0x0800c620   Number         0  anon$$obj.o(Region$$Table)
    __stdout                                 0x20000000   Data           4  stdout.o(.data)
    __microlib_freelist                      0x20000004   Data           4  mvars.o(.data)
    __microlib_freelist_initialised          0x20000008   Data           4  mvars.o(.data)
    AT_Cmd_table                             0x20000010   Data         256  at_function.o(.data.AT_Cmd_table)
    AT_Device                                0x20000110   Data         368  at_function.o(.data.AT_Device)
    AT_URC_table                             0x20000280   Data         128  at_function.o(.data.AT_URC_table)
    SystemCoreClock                          0x20000300   Data           4  system_stm32f10x.o(.data.SystemCoreClock)
    at_status                                0x20000304   Data          64  at_function.o(.data.at_status)
    default_fiwi_params                      0x20000344   Data          64  user_flash.o(.data.default_fiwi_params)
    default_size                             0x20000384   Data           2  user_flash.o(.data.default_size)
    u1_ring_buf_t                            0x20000484   Data          12  uart.o(.data.u1_ring_buf_t)
    u2_ring_buf_t                            0x20000490   Data          12  uart.o(.data.u2_ring_buf_t)
    u3_ring_buf_t                            0x2000049c   Data          12  uart.o(.data.u3_ring_buf_t)
    uart1_rx_buf                             0x200004a8   Data          67  uart.o(.data.uart1_rx_buf)
    uart2_rx_buf                             0x200004f0   Data         259  uart.o(.data.uart2_rx_buf)
    uart3_rx_buf                             0x200005f8   Data          67  uart.o(.data.uart3_rx_buf)
    uart_devices                             0x2000063c   Data         360  uart.o(.data.uart_devices)
    IO_PANNEL                                0x20000868   Data         128  gpio.o(.bss.IO_PANNEL)
    MODBUS_PANNEL_STACK                      0x20000968   Data         512  slave_mb_app.o(.bss.MODBUS_PANNEL_STACK)
    MODBUS_RX_PANNEL_STACK                   0x20000be8   Data        1024  slave_mb_app.o(.bss.MODBUS_RX_PANNEL_STACK)
    OLED_DisplayBuf                          0x20000fe8   Data        1024  oled.o(.bss.OLED_DisplayBuf)
    OLED_PANNEL                              0x200013e8   Data         128  oled.o(.bss.OLED_PANNEL)
    OLED_PANNEL_STACK                        0x20001468   Data         512  oled.o(.bss.OLED_PANNEL_STACK)
    at_thread                                0x2000176c   Data         128  at_task.o(.bss.at_thread)
    at_thread_stack                          0x200017ec   Data        4096  at_task.o(.bss.at_thread_stack)
    boot_times                               0x200027ec   Data           2  user_flash.o(.bss.boot_times)
    default_boot_times                       0x200027ee   Data           2  user_flash.o(.bss.default_boot_times)
    env_cache_table                          0x20002808   Data         128  ef_env.o(.bss.env_cache_table)
    io_stack                                 0x20002916   Data         256  gpio.o(.bss.io_stack)
    lot_msg                                  0x20002b98   Data         192  at_function.o(.bss.lot_msg)
    main_thread                              0x20003058   Data         128  components.o(.bss.main_thread)
    mb                                       0x200030d8   Data          48  user_flash.o(.bss.mb)
    my_io                                    0x20003148   Data          12  gpio.o(.bss.my_io)
    rt_current_priority                      0x20003158   Data           1  scheduler.o(.bss.rt_current_priority)
    rt_current_thread                        0x2000315c   Data           4  scheduler.o(.bss.rt_current_thread)
    rt_interrupt_from_thread                 0x20003164   Data           4  cpuport.o(.bss.rt_interrupt_from_thread)
    rt_interrupt_nest                        0x20003168   Data           1  irq.o(.bss.rt_interrupt_nest)
    rt_interrupt_to_thread                   0x2000316c   Data           4  cpuport.o(.bss.rt_interrupt_to_thread)
    rt_thread_defunct                        0x20003174   Data           8  scheduler.o(.bss.rt_thread_defunct)
    rt_thread_priority_table                 0x2000317c   Data         256  scheduler.o(.bss.rt_thread_priority_table)
    rt_thread_ready_priority_group           0x2000327c   Data           4  scheduler.o(.bss.rt_thread_ready_priority_group)
    rt_thread_switch_interrupt_flag          0x20003300   Data           4  cpuport.o(.bss.rt_thread_switch_interrupt_flag)
    sector_cache_table                       0x20003314   Data          32  ef_env.o(.bss.sector_cache_table)
    u1_ring_buf                              0x200033dc   Data          64  uart.o(.bss.u1_ring_buf)
    u2_ring_buf                              0x2000341c   Data         512  uart.o(.bss.u2_ring_buf)
    u3_ring_buf                              0x2000361c   Data          64  uart.o(.bss.u3_ring_buf)
    uart1_tx_buf                             0x20003660   Data          64  uart.o(.bss.uart1_tx_buf)
    uart2_tx_buf                             0x200036a0   Data          64  uart.o(.bss.uart2_tx_buf)
    uart3_tx_buf                             0x200036e0   Data          64  uart.o(.bss.uart3_tx_buf)
    ucRTUBuf                                 0x20003744   Data         256  mbrtu.o(.bss.ucRTUBuf)
    ucSCoilBuf                               0x20003844   Data          13  mb.o(.bss.ucSCoilBuf)
    ucSDiscInBuf                             0x20003851   Data          13  mb.o(.bss.ucSDiscInBuf)
    usSCoilStart                             0x20003862   Data           2  mb.o(.bss.usSCoilStart)
    usSDiscInStart                           0x20003864   Data           2  mb.o(.bss.usSDiscInStart)
    usSRegHoldBuf                            0x20003866   Data         200  mb.o(.bss.usSRegHoldBuf)
    usSRegHoldStart                          0x2000392e   Data           2  mb.o(.bss.usSRegHoldStart)
    usSRegInBuf                              0x20003930   Data         200  mb.o(.bss.usSRegInBuf)
    usSRegInStart                            0x200039f8   Data           2  mb.o(.bss.usSRegInStart)
    user_flash_pannel                        0x200039fc   Data         128  user_flash.o(.bss.user_flash_pannel)
    user_flash_stack                         0x20003a7c   Data        1024  user_flash.o(.bss.user_flash_stack)
    __heap_base                              0x20003e80   Data           0  startup_stm32f10x_md.o(HEAP)
    __heap_limit                             0x20004480   Data           0  startup_stm32f10x_md.o(HEAP)
    __initial_sp                             0x20004a80   Data           0  startup_stm32f10x_md.o(STACK)



==============================================================================

Memory Map of the image

  Image Entry point : 0x080000ed

  Load Region LR_IROM1 (Base: 0x08000000, Size: 0x0000ce48, Max: 0x00010000, ABSOLUTE, COMPRESSED[0x0000c7b8])

    Execution Region ER_IROM1 (Exec base: 0x08000000, Load base: 0x08000000, Size: 0x0000c620, Max: 0x00010000, ABSOLUTE)

    Exec Addr    Load Addr    Size         Type   Attr      Idx    E Section Name        Object

    0x08000000   0x08000000   0x000000ec   Data   RO           17    RESET               startup_stm32f10x_md.o
    0x080000ec   0x080000ec   0x00000000   Code   RO         2942  * .ARM.Collect$$$$00000000  mc_w.l(entry.o)
    0x080000ec   0x080000ec   0x00000004   Code   RO         3334    .ARM.Collect$$$$00000001  mc_w.l(entry2.o)
    0x080000f0   0x080000f0   0x00000004   Code   RO         3337    .ARM.Collect$$$$00000004  mc_w.l(entry5.o)
    0x080000f4   0x080000f4   0x00000000   Code   RO         3339    .ARM.Collect$$$$00000008  mc_w.l(entry7b.o)
    0x080000f4   0x080000f4   0x00000000   Code   RO         3341    .ARM.Collect$$$$0000000A  mc_w.l(entry8b.o)
    0x080000f4   0x080000f4   0x00000008   Code   RO         3342    .ARM.Collect$$$$0000000B  mc_w.l(entry9a.o)
    0x080000fc   0x080000fc   0x00000000   Code   RO         3344    .ARM.Collect$$$$0000000D  mc_w.l(entry10a.o)
    0x080000fc   0x080000fc   0x00000000   Code   RO         3346    .ARM.Collect$$$$0000000F  mc_w.l(entry11a.o)
    0x080000fc   0x080000fc   0x00000004   Code   RO         3335    .ARM.Collect$$$$00002712  mc_w.l(entry2.o)
    0x08000100   0x08000100   0x00000024   Code   RO           18    .text               startup_stm32f10x_md.o
    0x08000124   0x08000124   0x000000f4   Code   RO         2563    .text               context_rvds.o
    0x08000218   0x08000218   0x0000000c   Code   RO         2945    .text               mc_w.l(tolower.o)
    0x08000224   0x08000224   0x00000024   Code   RO         2947    .text               mc_w.l(memcpya.o)
    0x08000248   0x08000248   0x00000024   Code   RO         2949    .text               mc_w.l(memseta.o)
    0x0800026c   0x0800026c   0x00000024   Code   RO         2953    .text               mc_w.l(strstr.o)
    0x08000290   0x08000290   0x00000018   Code   RO         2955    .text               mc_w.l(strncpy.o)
    0x080002a8   0x080002a8   0x00000014   Code   RO         2957    .text               mc_w.l(strchr.o)
    0x080002bc   0x080002bc   0x0000000e   Code   RO         2959    .text               mc_w.l(strlen.o)
    0x080002ca   0x080002ca   0x0000001c   Code   RO         2961    .text               mc_w.l(strcmp.o)
    0x080002e6   0x080002e6   0x0000001a   Code   RO         2963    .text               mc_w.l(memcmp.o)
    0x08000300   0x08000300   0x0000001e   Code   RO         2965    .text               mc_w.l(strncmp.o)
    0x0800031e   0x0800031e   0x00000016   Code   RO         2967    .text               mc_w.l(strrchr.o)
    0x08000334   0x08000334   0x00000360   Code   RO         3262    .text               mc_w.l(scanf_fp.o)
    0x08000694   0x08000694   0x0000001a   Code   RO         3266    .text               mc_w.l(atoi.o)
    0x080006ae   0x080006ae   0x0000014e   Code   RO         3274    .text               mf_w.l(dadd.o)
    0x080007fc   0x080007fc   0x000000e4   Code   RO         3276    .text               mf_w.l(dmul.o)
    0x080008e0   0x080008e0   0x000000de   Code   RO         3278    .text               mf_w.l(ddiv.o)
    0x080009be   0x080009be   0x00000036   Code   RO         3288    .text               mf_w.l(dcmple.o)
    0x080009f4   0x080009f4   0x00000036   Code   RO         3290    .text               mf_w.l(dcmpge.o)
    0x08000a2a   0x08000a2a   0x0000003e   Code   RO         3306    .text               mf_w.l(dfixi.o)
    0x08000a68   0x08000a68   0x00000038   Code   RO         3312    .text               mf_w.l(d2f.o)
    0x08000aa0   0x08000aa0   0x0000002c   Code   RO         3358    .text               mc_w.l(uidiv.o)
    0x08000acc   0x08000acc   0x00000062   Code   RO         3360    .text               mc_w.l(uldiv.o)
    0x08000b2e   0x08000b2e   0x0000001e   Code   RO         3362    .text               mc_w.l(llshl.o)
    0x08000b4c   0x08000b4c   0x00000020   Code   RO         3364    .text               mc_w.l(llushr.o)
    0x08000b6c   0x08000b6c   0x00000024   Code   RO         3366    .text               mc_w.l(llsshr.o)
    0x08000b90   0x08000b90   0x00000040   Code   RO         3379    .text               mc_w.l(_sgetc.o)
    0x08000bd0   0x08000bd0   0x000000a8   Code   RO         3381    .text               mc_w.l(strtod.o)
    0x08000c78   0x08000c78   0x00000070   Code   RO         3383    .text               mc_w.l(strtol.o)
    0x08000ce8   0x08000ce8   0x00000000   Code   RO         3385    .text               mc_w.l(iusefp.o)
    0x08000ce8   0x08000ce8   0x0000006e   Code   RO         3386    .text               mf_w.l(fepilogue.o)
    0x08000d56   0x08000d56   0x000000ba   Code   RO         3388    .text               mf_w.l(depilogue.o)
    0x08000e10   0x08000e10   0x00000018   Code   RO         3390    .text               mf_w.l(dfltul.o)
    0x08000e28   0x08000e28   0x00000030   Code   RO         3392    .text               mf_w.l(dfixul.o)
    0x08000e58   0x08000e58   0x00000030   Code   RO         3396    .text               mf_w.l(cdrcmple.o)
    0x08000e88   0x08000e88   0x00000030   Code   RO         3402    .text               mc_w.l(init.o)
    0x08000eb8   0x08000eb8   0x00000008   Code   RO         3406    .text               mc_w.l(ctype_o.o)
    0x08000ec0   0x08000ec0   0x00000012   Code   RO         3428    .text               mc_w.l(isspace_o.o)
    0x08000ed2   0x08000ed2   0x0000009e   Code   RO         3436    .text               mc_w.l(_strtoul.o)
    0x08000f70   0x08000f70   0x0000001c   Code   RO         3443    .text               mc_w.l(_chval.o)
    0x08000f8c   0x08000f8c   0x00000056   Code   RO         3453    .text               mc_w.l(__dczerorl2.o)
    0x08000fe2   0x08000fe2   0x00000002   PAD
    0x08000fe4   0x08000fe4   0x0000006c   Code   RO         2621    .text.$Sub$$main    components.o
    0x08001050   0x08001050   0x000000d6   Code   RO         1985    .text.AT_Cmd_Register  at_function.o
    0x08001126   0x08001126   0x00000002   PAD
    0x08001128   0x08001128   0x00000006   Code   RO         1967    .text.AT_GET_NTP_CallBack  at_function.o
    0x0800112e   0x0800112e   0x00000002   PAD
    0x08001130   0x08001130   0x00000006   Code   RO         1957    .text.AT_HW_INIT_CallBack  at_function.o
    0x08001136   0x08001136   0x00000002   PAD
    0x08001138   0x08001138   0x0000006e   Code   RO         1963    .text.AT_IDLE_CallBack  at_function.o
    0x080011a6   0x080011a6   0x00000002   PAD
    0x080011a8   0x080011a8   0x00000060   Code   RO         1961    .text.AT_INIT_CallBack  at_function.o
    0x08001208   0x08001208   0x00000034   Code   RO         1959    .text.AT_REGISTER_CallBack  at_function.o
    0x0800123c   0x0800123c   0x00000114   Code   RO         1971    .text.AT_SendCmd    at_function.o
    0x08001350   0x08001350   0x00000018   Code   RO         1361    .text.AT_Thread_Entry  at_task.o
    0x08001368   0x08001368   0x000000bc   Code   RO         1367    .text.AT_Thread_Init  at_task.o
    0x08001424   0x08001424   0x00000006   Code   RO         1965    .text.AT_UPDATA_CallBack  at_function.o
    0x0800142a   0x0800142a   0x00000002   PAD
    0x0800142c   0x0800142c   0x0000001e   Code   RO         1987    .text.AT_poll       at_function.o
    0x0800144a   0x0800144a   0x00000002   PAD
    0x0800144c   0x0800144c   0x00000194   Code   RO         2028    .text.BASE64_Decode  base64.o
    0x080015e0   0x080015e0   0x00000116   Code   RO         2026    .text.BASE64_Encode  base64.o
    0x080016f6   0x080016f6   0x00000002   PAD
    0x080016f8   0x080016f8   0x00000002   Code   RO         1492    .text.BusFault_Handler  stm32f10x_it.o
    0x080016fa   0x080016fa   0x00000002   PAD
    0x080016fc   0x080016fc   0x00000016   Code   RO          319    .text.DMA_Cmd       stm32f10x_dma.o
    0x08001712   0x08001712   0x00000002   PAD
    0x08001714   0x08001714   0x0000010c   Code   RO          313    .text.DMA_DeInit    stm32f10x_dma.o
    0x08001820   0x08001820   0x00000006   Code   RO          325    .text.DMA_GetCurrDataCounter  stm32f10x_dma.o
    0x08001826   0x08001826   0x00000002   PAD
    0x08001828   0x08001828   0x00000048   Code   RO          315    .text.DMA_Init      stm32f10x_dma.o
    0x08001870   0x08001870   0x00000004   Code   RO          323    .text.DMA_SetCurrDataCounter  stm32f10x_dma.o
    0x08001874   0x08001874   0x00000002   Code   RO         1498    .text.DebugMon_Handler  stm32f10x_it.o
    0x08001876   0x08001876   0x00000002   PAD
    0x08001878   0x08001878   0x000000bc   Code   RO          481    .text.GPIO_Init     stm32f10x_gpio.o
    0x08001934   0x08001934   0x0000000a   Code   RO          485    .text.GPIO_ReadInputDataBit  stm32f10x_gpio.o
    0x0800193e   0x0800193e   0x00000002   PAD
    0x08001940   0x08001940   0x00000004   Code   RO          495    .text.GPIO_ResetBits  stm32f10x_gpio.o
    0x08001944   0x08001944   0x00000004   Code   RO          493    .text.GPIO_SetBits  stm32f10x_gpio.o
    0x08001948   0x08001948   0x0000000c   Code   RO          497    .text.GPIO_WriteBit  stm32f10x_gpio.o
    0x08001954   0x08001954   0x00000016   Code   RO          576    .text.I2C_CheckEvent  stm32f10x_i2c.o
    0x0800196a   0x0800196a   0x00000002   PAD
    0x0800196c   0x0800196c   0x00000012   Code   RO          528    .text.I2C_Cmd       stm32f10x_i2c.o
    0x0800197e   0x0800197e   0x00000002   PAD
    0x08001980   0x08001980   0x00000014   Code   RO          534    .text.I2C_GenerateSTART  stm32f10x_i2c.o
    0x08001994   0x08001994   0x00000014   Code   RO          536    .text.I2C_GenerateSTOP  stm32f10x_i2c.o
    0x080019a8   0x080019a8   0x00000034   Code   RO          580    .text.I2C_GetFlagStatus  stm32f10x_i2c.o
    0x080019dc   0x080019dc   0x000000ca   Code   RO          524    .text.I2C_Init      stm32f10x_i2c.o
    0x08001aa6   0x08001aa6   0x00000002   PAD
    0x08001aa8   0x08001aa8   0x00000010   Code   RO          552    .text.I2C_Send7bitAddress  stm32f10x_i2c.o
    0x08001ab8   0x08001ab8   0x00000004   Code   RO          548    .text.I2C_SendData  stm32f10x_i2c.o
    0x08001abc   0x08001abc   0x0000008c   Code   RO         1254    .text.I2C_WriteByte  oled.o
    0x08001b48   0x08001b48   0x0000001a   Code   RO         1239    .text.IO_TASK       gpio.o
    0x08001b62   0x08001b62   0x00000002   PAD
    0x08001b64   0x08001b64   0x00000098   Code   RO         1801    .text.MODBUS_INIT   slave_mb_app.o
    0x08001bfc   0x08001bfc   0x0000004a   Code   RO         1803    .text.MODBUS_RX_TASK  slave_mb_app.o
    0x08001c46   0x08001c46   0x00000002   PAD
    0x08001c48   0x08001c48   0x0000001c   Code   RO         1805    .text.MODBUS_TASK   slave_mb_app.o
    0x08001c64   0x08001c64   0x0000000c   Code   RO         1979    .text.MQTTDISCONNECTED_CallBack  at_function.o
    0x08001c70   0x08001c70   0x00000002   Code   RO         1490    .text.MemManage_Handler  stm32f10x_it.o
    0x08001c72   0x08001c72   0x00000002   PAD
    0x08001c74   0x08001c74   0x00000058   Code   RO         1235    .text.MyGPIO_Init   gpio.o
    0x08001ccc   0x08001ccc   0x00000090   Code   RO         1471    .text.MyIIC_Init    myiic.o
    0x08001d5c   0x08001d5c   0x000000d6   Code   RO         1455    .text.MySPI_Init    myspi.o
    0x08001e32   0x08001e32   0x00000002   PAD
    0x08001e34   0x08001e34   0x00000218   Code   RO         1179    .text.My_UART_Init  uart.o
    0x0800204c   0x0800204c   0x00000002   Code   RO         1488    .text.NMI_Handler   stm32f10x_it.o
    0x0800204e   0x0800204e   0x00000002   PAD
    0x08002050   0x08002050   0x0000005e   Code   RO           27    .text.NVIC_Init     misc.o
    0x080020ae   0x080020ae   0x00000002   PAD
    0x080020b0   0x080020b0   0x00000014   Code   RO           25    .text.NVIC_PriorityGroupConfig  misc.o
    0x080020c4   0x080020c4   0x000000c2   Code   RO         1268    .text.OLED_Init     oled.o
    0x08002186   0x08002186   0x00000002   PAD
    0x08002188   0x08002188   0x00000130   Code   RO         1292    .text.OLED_ShowImage  oled.o
    0x080022b8   0x080022b8   0x00000012   Code   RO         1334    .text.OLED_TASK     oled.o
    0x080022ca   0x080022ca   0x00000002   PAD
    0x080022cc   0x080022cc   0x0000005c   Code   RO         1336    .text.OLED_TASK_INIT  oled.o
    0x08002328   0x08002328   0x000001ae   Code   RO         1332    .text.OLED_UPDATA   oled.o
    0x080024d6   0x080024d6   0x00000002   PAD
    0x080024d8   0x080024d8   0x0000009a   Code   RO         1266    .text.OLED_WriteData  oled.o
    0x08002572   0x08002572   0x00000002   PAD
    0x08002574   0x08002574   0x000002b8   Code   RO         2060    .text.OneNET_Authorization  onenet.o
    0x0800282c   0x0800282c   0x00000018   Code   RO          684    .text.RCC_AHBPeriphClockCmd  stm32f10x_rcc.o
    0x08002844   0x08002844   0x00000018   Code   RO          688    .text.RCC_APB1PeriphClockCmd  stm32f10x_rcc.o
    0x0800285c   0x0800285c   0x00000018   Code   RO          692    .text.RCC_APB1PeriphResetCmd  stm32f10x_rcc.o
    0x08002874   0x08002874   0x00000018   Code   RO          686    .text.RCC_APB2PeriphClockCmd  stm32f10x_rcc.o
    0x0800288c   0x0800288c   0x00000018   Code   RO          690    .text.RCC_APB2PeriphResetCmd  stm32f10x_rcc.o
    0x080028a4   0x080028a4   0x0000008c   Code   RO          682    .text.RCC_GetClocksFreq  stm32f10x_rcc.o
    0x08002930   0x08002930   0x00000014   Code   RO          830    .text.SPI_Cmd       stm32f10x_spi.o
    0x08002944   0x08002944   0x0000000a   Code   RO          858    .text.SPI_I2S_GetFlagStatus  stm32f10x_spi.o
    0x0800294e   0x0800294e   0x00000002   PAD
    0x08002950   0x08002950   0x00000004   Code   RO          840    .text.SPI_I2S_ReceiveData  stm32f10x_spi.o
    0x08002954   0x08002954   0x00000004   Code   RO          838    .text.SPI_I2S_SendData  stm32f10x_spi.o
    0x08002958   0x08002958   0x00000046   Code   RO          822    .text.SPI_Init      stm32f10x_spi.o
    0x0800299e   0x0800299e   0x00000002   PAD
    0x080029a0   0x080029a0   0x00000002   Code   RO         1496    .text.SVC_Handler   stm32f10x_it.o
    0x080029a2   0x080029a2   0x00000002   PAD
    0x080029a4   0x080029a4   0x00000012   Code   RO         2923    .text.SysTick_Handler  board.o
    0x080029b6   0x080029b6   0x00000002   PAD
    0x080029b8   0x080029b8   0x0000010c   Code   RO            2    .text.SystemInit    system_stm32f10x.o
    0x08002ac4   0x08002ac4   0x00000068   Code   RO         1409    .text.TIM3_1s_Init  tim.o
    0x08002b2c   0x08002b2c   0x0000009c   Code   RO         1411    .text.TIM3_IRQHandler  tim.o
    0x08002bc8   0x08002bc8   0x00000006   Code   RO         1046    .text.TIM_ClearITPendingBit  stm32f10x_tim.o
    0x08002bce   0x08002bce   0x00000002   PAD
    0x08002bd0   0x08002bd0   0x00000012   Code   RO          908    .text.TIM_Cmd       stm32f10x_tim.o
    0x08002be2   0x08002be2   0x00000002   PAD
    0x08002be4   0x08002be4   0x00000018   Code   RO         1044    .text.TIM_GetITStatus  stm32f10x_tim.o
    0x08002bfc   0x08002bfc   0x00000010   Code   RO          912    .text.TIM_ITConfig  stm32f10x_tim.o
    0x08002c0c   0x08002c0c   0x000000aa   Code   RO          876    .text.TIM_TimeBaseInit  stm32f10x_tim.o
    0x08002cb6   0x08002cb6   0x00000002   PAD
    0x08002cb8   0x08002cb8   0x0000003c   Code   RO         1181    .text.UART_SendData  uart.o
    0x08002cf4   0x08002cf4   0x0000000e   Code   RO         1199    .text.USART1_IRQHandler  uart.o
    0x08002d02   0x08002d02   0x00000002   PAD
    0x08002d04   0x08002d04   0x00000010   Code   RO         1201    .text.USART2_IRQHandler  uart.o
    0x08002d14   0x08002d14   0x00000010   Code   RO         1203    .text.USART3_IRQHandler  uart.o
    0x08002d24   0x08002d24   0x0000000e   Code   RO         1112    .text.USART_ClearITPendingBit  stm32f10x_usart.o
    0x08002d32   0x08002d32   0x00000002   PAD
    0x08002d34   0x08002d34   0x00000014   Code   RO         1066    .text.USART_Cmd     stm32f10x_usart.o
    0x08002d48   0x08002d48   0x00000010   Code   RO         1070    .text.USART_DMACmd  stm32f10x_usart.o
    0x08002d58   0x08002d58   0x000000ae   Code   RO         1056    .text.USART_DeInit  stm32f10x_usart.o
    0x08002e06   0x08002e06   0x00000002   PAD
    0x08002e08   0x08002e08   0x0000000a   Code   RO         1106    .text.USART_GetFlagStatus  stm32f10x_usart.o
    0x08002e12   0x08002e12   0x00000002   PAD
    0x08002e14   0x08002e14   0x00000032   Code   RO         1110    .text.USART_GetITStatus  stm32f10x_usart.o
    0x08002e46   0x08002e46   0x00000002   PAD
    0x08002e48   0x08002e48   0x0000009e   Code   RO         1197    .text.USART_IRQHandler  uart.o
    0x08002ee6   0x08002ee6   0x00000002   PAD
    0x08002ee8   0x08002ee8   0x0000002e   Code   RO         1068    .text.USART_ITConfig  stm32f10x_usart.o
    0x08002f16   0x08002f16   0x00000002   PAD
    0x08002f18   0x08002f18   0x000000b6   Code   RO         1058    .text.USART_Init    stm32f10x_usart.o
    0x08002fce   0x08002fce   0x00000002   PAD
    0x08002fd0   0x08002fd0   0x00000008   Code   RO         1082    .text.USART_SendData  stm32f10x_usart.o
    0x08002fd8   0x08002fd8   0x00000002   Code   RO         1494    .text.UsageFault_Handler  stm32f10x_it.o
    0x08002fda   0x08002fda   0x00000002   PAD
    0x08002fdc   0x08002fdc   0x00000024   Code   RO         2080    .text.__NVIC_SystemReset  user_flash.o
    0x08003000   0x08003000   0x00000038   Code   RO         2782    .text.__rt_ffs      kservice.o
    0x08003038   0x08003038   0x00000090   Code   RO         2192    .text.alloc_env     ef_env.o
    0x080030c8   0x080030c8   0x00000030   Code   RO         2196    .text.alloc_env_cb  ef_env.o
    0x080030f8   0x080030f8   0x000000f0   Code   RO         1981    .text.at_parase_callback  at_function.o
    0x080031e8   0x080031e8   0x000000a0   Code   RO         1146    .text.binary_strstr  sys.o
    0x08003288   0x08003288   0x00000046   Code   RO         1154    .text.board_init    sys.o
    0x080032ce   0x080032ce   0x00000002   PAD
    0x080032d0   0x080032d0   0x0000002e   Code   RO         2334    .text.buffer_skip_whitespace  cjson.o
    0x080032fe   0x080032fe   0x00000002   PAD
    0x08003300   0x08003300   0x00000056   Code   RO         2326    .text.cJSON_Delete  cjson.o
    0x08003356   0x08003356   0x00000002   PAD
    0x08003358   0x08003358   0x0000002a   Code   RO         2352    .text.cJSON_GetArrayItem  cjson.o
    0x08003382   0x08003382   0x00000002   PAD
    0x08003384   0x08003384   0x0000001a   Code   RO         2350    .text.cJSON_GetArraySize  cjson.o
    0x0800339e   0x0800339e   0x00000002   PAD
    0x080033a0   0x080033a0   0x00000018   Code   RO         2316    .text.cJSON_GetErrorPtr  cjson.o
    0x080033b8   0x080033b8   0x00000006   Code   RO         2354    .text.cJSON_GetObjectItem  cjson.o
    0x080033be   0x080033be   0x00000002   PAD
    0x080033c0   0x080033c0   0x00000026   Code   RO         2358    .text.cJSON_GetObjectItemCaseSensitive  cjson.o
    0x080033e6   0x080033e6   0x00000002   PAD
    0x080033e8   0x080033e8   0x00000014   Code   RO         2464    .text.cJSON_IsArray  cjson.o
    0x080033fc   0x080033fc   0x00000014   Code   RO         2466    .text.cJSON_IsObject  cjson.o
    0x08003410   0x08003410   0x00000014   Code   RO         2320    .text.cJSON_IsString  cjson.o
    0x08003424   0x08003424   0x00000008   Code   RO         2336    .text.cJSON_Parse   cjson.o
    0x0800342c   0x0800342c   0x00000148   Code   RO         2330    .text.cJSON_ParseWithOpts  cjson.o
    0x08003574   0x08003574   0x00000056   Code   RO         2182    .text.check_and_recovery_env_cb  ef_env.o
    0x080035ca   0x080035ca   0x00000002   PAD
    0x080035cc   0x080035cc   0x0000008a   Code   RO         2180    .text.check_sec_hdr_cb  ef_env.o
    0x08003656   0x08003656   0x00000002   PAD
    0x08003658   0x08003658   0x00000358   Code   RO         2168    .text.create_env_blob  ef_env.o
    0x080039b0   0x080039b0   0x0000013c   Code   RO         2154    .text.del_env       ef_env.o
    0x08003aec   0x08003aec   0x000000da   Code   RO         2202    .text.do_gc         ef_env.o
    0x08003bc6   0x08003bc6   0x00000002   PAD
    0x08003bc8   0x08003bc8   0x00000074   Code   RO         1677    .text.eMBFuncReadCoils  mbfunccoils.o
    0x08003c3c   0x08003c3c   0x00000074   Code   RO         1691    .text.eMBFuncReadDiscreteInputs  mbfuncdisc.o
    0x08003cb0   0x08003cb0   0x00000068   Code   RO         1704    .text.eMBFuncReadHoldingRegister  mbfuncholding.o
    0x08003d18   0x08003d18   0x00000062   Code   RO         1716    .text.eMBFuncReadInputRegister  mbfuncinput.o
    0x08003d7a   0x08003d7a   0x00000002   PAD
    0x08003d7c   0x08003d7c   0x000000b6   Code   RO         1706    .text.eMBFuncReadWriteMultipleHoldingRegister  mbfuncholding.o
    0x08003e32   0x08003e32   0x00000002   PAD
    0x08003e34   0x08003e34   0x00000026   Code   RO         1613    .text.eMBFuncReportSlaveID  mbfuncother.o
    0x08003e5a   0x08003e5a   0x00000002   PAD
    0x08003e5c   0x08003e5c   0x00000052   Code   RO         1679    .text.eMBFuncWriteCoil  mbfunccoils.o
    0x08003eae   0x08003eae   0x00000002   PAD
    0x08003eb0   0x08003eb0   0x0000002e   Code   RO         1700    .text.eMBFuncWriteHoldingRegister  mbfuncholding.o
    0x08003ede   0x08003ede   0x00000002   PAD
    0x08003ee0   0x08003ee0   0x0000006a   Code   RO         1681    .text.eMBFuncWriteMultipleCoils  mbfunccoils.o
    0x08003f4a   0x08003f4a   0x00000002   PAD
    0x08003f4c   0x08003f4c   0x0000004e   Code   RO         1702    .text.eMBFuncWriteMultipleHoldingRegister  mbfuncholding.o
    0x08003f9a   0x08003f9a   0x00000002   PAD
    0x08003f9c   0x08003f9c   0x0000004c   Code   RO         1639    .text.eMBInit       mb.o
    0x08003fe8   0x08003fe8   0x0000010a   Code   RO         1645    .text.eMBPoll       mb.o
    0x080040f2   0x080040f2   0x00000002   PAD
    0x080040f4   0x080040f4   0x0000003c   Code   RO         1725    .text.eMBRTUInit    mbrtu.o
    0x08004130   0x08004130   0x00000054   Code   RO         1729    .text.eMBRTUReceive  mbrtu.o
    0x08004184   0x08004184   0x0000005e   Code   RO         1731    .text.eMBRTUSend    mbrtu.o
    0x080041e2   0x080041e2   0x00000002   PAD
    0x080041e4   0x080041e4   0x000000c2   Code   RO         1797    .text.eMBRegCoilsCB  slave_mb_app.o
    0x080042a6   0x080042a6   0x00000002   PAD
    0x080042a8   0x080042a8   0x00000068   Code   RO         1799    .text.eMBRegDiscreteCB  slave_mb_app.o
    0x08004310   0x08004310   0x00000084   Code   RO         1795    .text.eMBRegHoldingCB  slave_mb_app.o
    0x08004394   0x08004394   0x0000004c   Code   RO         1793    .text.eMBRegInputCB  slave_mb_app.o
    0x080043e0   0x080043e0   0x000000a0   Code   RO         2131    .text.easyflash_init  easyflash.o
    0x08004480   0x08004480   0x0000002e   Code   RO         2224    .text.ef_calc_crc32  ef_utils.o
    0x080044ae   0x080044ae   0x00000002   PAD
    0x080044b0   0x080044b0   0x00000066   Code   RO         2186    .text.ef_env_init   ef_env.o
    0x08004516   0x08004516   0x00000002   PAD
    0x08004518   0x08004518   0x00000100   Code   RO         2166    .text.ef_env_set_default  ef_env.o
    0x08004618   0x08004618   0x00000066   Code   RO         2146    .text.ef_get_env_blob  ef_env.o
    0x0800467e   0x0800467e   0x00000002   PAD
    0x08004680   0x08004680   0x000001b8   Code   RO         2176    .text.ef_load_env   ef_env.o
    0x08004838   0x08004838   0x00000048   Code   RO         2118    .text.ef_log_info   ef_port.o
    0x08004880   0x08004880   0x00000008   Code   RO         2112    .text.ef_port_env_lock  ef_port.o
    0x08004888   0x08004888   0x00000004   Code   RO         2114    .text.ef_port_env_unlock  ef_port.o
    0x0800488c   0x0800488c   0x00000020   Code   RO         2108    .text.ef_port_erase  ef_port.o
    0x080048ac   0x080048ac   0x00000020   Code   RO         2104    .text.ef_port_init  ef_port.o
    0x080048cc   0x080048cc   0x0000001a   Code   RO         2106    .text.ef_port_read  ef_port.o
    0x080048e6   0x080048e6   0x00000002   PAD
    0x080048e8   0x080048e8   0x0000001e   Code   RO         2110    .text.ef_port_write  ef_port.o
    0x08004906   0x08004906   0x00000002   PAD
    0x08004908   0x08004908   0x00000028   Code   RO         2120    .text.ef_print      ef_port.o
    0x08004930   0x08004930   0x00000162   Code   RO         2158    .text.ef_set_env_blob  ef_env.o
    0x08004a92   0x08004a92   0x00000002   PAD
    0x08004a94   0x08004a94   0x0000013a   Code   RO         2172    .text.env_iterator  ef_env.o
    0x08004bce   0x08004bce   0x00000002   PAD
    0x08004bd0   0x08004bd0   0x0000016a   Code   RO         2144    .text.find_env      ef_env.o
    0x08004d3a   0x08004d3a   0x00000002   PAD
    0x08004d3c   0x08004d3c   0x00000038   Code   RO         2190    .text.find_env_cb   ef_env.o
    0x08004d74   0x08004d74   0x00000004   Code   RO         2072    .text.flash_set     user_flash.o
    0x08004d78   0x08004d78   0x00000002   Code   RO         1209    .text.fputc         uart.o
    0x08004d7a   0x08004d7a   0x00000002   PAD
    0x08004d7c   0x08004d7c   0x0000010e   Code   RO         2184    .text.gc_collect    ef_env.o
    0x08004e8a   0x08004e8a   0x00000002   PAD
    0x08004e8c   0x08004e8c   0x00000114   Code   RO         2198    .text.get_next_env_addr  ef_env.o
    0x08004fa0   0x08004fa0   0x000000b2   Code   RO         2356    .text.get_object_item  cjson.o
    0x08005052   0x08005052   0x00000002   PAD
    0x08005054   0x08005054   0x0000016c   Code   RO         2050    .text.hmac_sha1     hmac_sha1.o
    0x080051c0   0x080051c0   0x0000005c   Code   RO         1241    .text.io_task_init  gpio.o
    0x0800521c   0x0800521c   0x00000196   Code   RO         1977    .text.lot_msg_parase  at_function.o
    0x080053b2   0x080053b2   0x00000002   PAD
    0x080053b4   0x080053b4   0x0000000a   Code   RO         1479    .text.main          main.o
    0x080053be   0x080053be   0x00000002   PAD
    0x080053c0   0x080053c0   0x00000032   Code   RO         2625    .text.main_thread_entry  components.o
    0x080053f2   0x080053f2   0x00000002   PAD
    0x080053f4   0x080053f4   0x000002d4   Code   RO         2200    .text.move_env      ef_env.o
    0x080056c8   0x080056c8   0x00000024   Code   RO         1211    .text.my_uart_init  uart.o
    0x080056ec   0x080056ec   0x000002cc   Code   RO         2254    .text.page256_or_1_byte_write  sfud.o
    0x080059b8   0x080059b8   0x0000004e   Code   RO         2480    .text.parse_hex4    cjson.o
    0x08005a06   0x08005a06   0x00000002   PAD
    0x08005a08   0x08005a08   0x000001d0   Code   RO         2478    .text.parse_object  cjson.o
    0x08005bd8   0x08005bd8   0x0000030c   Code   RO         2476    .text.parse_string  cjson.o
    0x08005ee4   0x08005ee4   0x00000292   Code   RO         2332    .text.parse_value   cjson.o
    0x08006176   0x08006176   0x00000002   PAD
    0x08006178   0x08006178   0x000001cc   Code   RO         2774    .text.print_number  kservice.o
    0x08006344   0x08006344   0x0000001a   Code   RO         1629    .text.prveMBError2Exception  mbutils.o
    0x0800635e   0x0800635e   0x00000002   PAD
    0x08006360   0x08006360   0x00000110   Code   RO         2188    .text.read_env      ef_env.o
    0x08006470   0x08006470   0x00000120   Code   RO         2262    .text.reset         sfud.o
    0x08006590   0x08006590   0x00000002   Code   RO         2299    .text.retry_delay_100us  sfud_port.o
    0x08006592   0x08006592   0x00000002   PAD
    0x08006594   0x08006594   0x00000014   Code   RO         1183    .text.ring_reset    uart.o
    0x080065a8   0x080065a8   0x00000076   Code   RO         1187    .text.ringbuf_get   uart.o
    0x0800661e   0x0800661e   0x00000002   PAD
    0x08006620   0x08006620   0x0000009c   Code   RO         1185    .text.ringbuf_put   uart.o
    0x080066bc   0x080066bc   0x0000002a   Code   RO         2617    .text.rt_components_board_init  components.o
    0x080066e6   0x080066e6   0x00000002   PAD
    0x080066e8   0x080066e8   0x0000001c   Code   RO         2833    .text.rt_enter_critical  scheduler.o
    0x08006704   0x08006704   0x00000042   Code   RO         2835    .text.rt_exit_critical  scheduler.o
    0x08006746   0x08006746   0x00000002   PAD
    0x08006748   0x08006748   0x00000052   Code   RO         2925    .text.rt_hw_board_init  board.o
    0x0800679a   0x0800679a   0x00000002   PAD
    0x0800679c   0x0800679c   0x0000001e   Code   RO         2572    .text.rt_hw_hard_fault_exception  cpuport.o
    0x080067ba   0x080067ba   0x00000002   PAD
    0x080067bc   0x080067bc   0x00000042   Code   RO         2568    .text.rt_hw_stack_init  cpuport.o
    0x080067fe   0x080067fe   0x00000002   PAD
    0x08006800   0x08006800   0x0000001c   Code   RO         2727    .text.rt_interrupt_enter  irq.o
    0x0800681c   0x0800681c   0x0000001c   Code   RO         2729    .text.rt_interrupt_leave  irq.o
    0x08006838   0x08006838   0x00000036   Code   RO         2693    .text.rt_mb_init    ipc.o
    0x0800686e   0x0800686e   0x00000002   PAD
    0x08006870   0x08006870   0x00000152   Code   RO         2701    .text.rt_mb_recv    ipc.o
    0x080069c2   0x080069c2   0x00000002   PAD
    0x080069c4   0x080069c4   0x00000006   Code   RO         2699    .text.rt_mb_send    ipc.o
    0x080069ca   0x080069ca   0x00000002   PAD
    0x080069cc   0x080069cc   0x00000140   Code   RO         2697    .text.rt_mb_send_wait  ipc.o
    0x08006b0c   0x08006b0c   0x00000072   Code   RO         2748    .text.rt_memset     kservice.o
    0x08006b7e   0x08006b7e   0x00000002   PAD
    0x08006b80   0x08006b80   0x00000028   Code   RO         2673    .text.rt_mutex_init  ipc.o
    0x08006ba8   0x08006ba8   0x000000a6   Code   RO         2679    .text.rt_mutex_release  ipc.o
    0x08006c4e   0x08006c4e   0x00000002   PAD
    0x08006c50   0x08006c50   0x0000010e   Code   RO         2677    .text.rt_mutex_take  ipc.o
    0x08006d5e   0x08006d5e   0x00000002   PAD
    0x08006d60   0x08006d60   0x00000024   Code   RO         2806    .text.rt_object_detach  object.o
    0x08006d84   0x08006d84   0x00000064   Code   RO         2804    .text.rt_object_init  object.o
    0x08006de8   0x08006de8   0x00000006   Code   RO         2808    .text.rt_object_is_systemobject  object.o
    0x08006dee   0x08006dee   0x00000002   PAD
    0x08006df0   0x08006df0   0x00000088   Code   RO         2827    .text.rt_schedule   scheduler.o
    0x08006e78   0x08006e78   0x00000052   Code   RO         2829    .text.rt_schedule_insert_thread  scheduler.o
    0x08006eca   0x08006eca   0x00000002   PAD
    0x08006ecc   0x08006ecc   0x00000054   Code   RO         2831    .text.rt_schedule_remove_thread  scheduler.o
    0x08006f20   0x08006f20   0x00000002   Code   RO         2770    .text.rt_show_version  kservice.o
    0x08006f22   0x08006f22   0x00000002   PAD
    0x08006f24   0x08006f24   0x00000040   Code   RO         2762    .text.rt_strncpy    kservice.o
    0x08006f64   0x08006f64   0x00000052   Code   RO         2823    .text.rt_system_scheduler_init  scheduler.o
    0x08006fb6   0x08006fb6   0x00000002   PAD
    0x08006fb8   0x08006fb8   0x00000038   Code   RO         2825    .text.rt_system_scheduler_start  scheduler.o
    0x08006ff0   0x08006ff0   0x0000000e   Code   RO         2905    .text.rt_system_timer_init  timer.o
    0x08006ffe   0x08006ffe   0x00000002   PAD
    0x08007000   0x08007000   0x00000002   Code   RO         2907    .text.rt_system_timer_thread_init  timer.o
    0x08007002   0x08007002   0x00000002   PAD
    0x08007004   0x08007004   0x000000c2   Code   RO         2877    .text.rt_thread_control  thread.o
    0x080070c6   0x080070c6   0x00000002   PAD
    0x080070c8   0x080070c8   0x0000006e   Code   RO         2863    .text.rt_thread_detach  thread.o
    0x08007136   0x08007136   0x00000002   PAD
    0x08007138   0x08007138   0x0000006e   Code   RO         2853    .text.rt_thread_exit  thread.o
    0x080071a6   0x080071a6   0x00000002   PAD
    0x080071a8   0x080071a8   0x00000002   Code   RO         2648    .text.rt_thread_idle_entry  idle.o
    0x080071aa   0x080071aa   0x00000002   PAD
    0x080071ac   0x080071ac   0x0000004c   Code   RO         2646    .text.rt_thread_idle_init  idle.o
    0x080071f8   0x080071f8   0x0000008c   Code   RO         2855    .text.rt_thread_init  thread.o
    0x08007284   0x08007284   0x0000000e   Code   RO         2875    .text.rt_thread_mdelay  thread.o
    0x08007292   0x08007292   0x00000002   PAD
    0x08007294   0x08007294   0x00000046   Code   RO         2861    .text.rt_thread_resume  thread.o
    0x080072da   0x080072da   0x00000002   PAD
    0x080072dc   0x080072dc   0x0000000c   Code   RO         2857    .text.rt_thread_self  thread.o
    0x080072e8   0x080072e8   0x00000078   Code   RO         2867    .text.rt_thread_sleep  thread.o
    0x08007360   0x08007360   0x0000005c   Code   RO         2859    .text.rt_thread_startup  thread.o
    0x080073bc   0x080073bc   0x00000042   Code   RO         2869    .text.rt_thread_suspend  thread.o
    0x080073fe   0x080073fe   0x00000002   PAD
    0x08007400   0x08007400   0x00000028   Code   RO         2879    .text.rt_thread_timeout  thread.o
    0x08007428   0x08007428   0x00000070   Code   RO         2865    .text.rt_thread_yield  thread.o
    0x08007498   0x08007498   0x00000006   Code   RO         2598    .text.rt_tick_from_millisecond  clock.o
    0x0800749e   0x0800749e   0x00000002   PAD
    0x080074a0   0x080074a0   0x0000000c   Code   RO         2592    .text.rt_tick_get   clock.o
    0x080074ac   0x080074ac   0x00000034   Code   RO         2596    .text.rt_tick_increase  clock.o
    0x080074e0   0x080074e0   0x000000b0   Code   RO         2901    .text.rt_timer_check  timer.o
    0x08007590   0x08007590   0x0000004c   Code   RO         2899    .text.rt_timer_control  timer.o
    0x080075dc   0x080075dc   0x00000030   Code   RO         2893    .text.rt_timer_detach  timer.o
    0x0800760c   0x0800760c   0x00000032   Code   RO         2891    .text.rt_timer_init  timer.o
    0x0800763e   0x0800763e   0x00000002   PAD
    0x08007640   0x08007640   0x00000086   Code   RO         2895    .text.rt_timer_start  timer.o
    0x080076c6   0x080076c6   0x00000002   PAD
    0x080076c8   0x080076c8   0x00000038   Code   RO         2897    .text.rt_timer_stop  timer.o
    0x08007700   0x08007700   0x0000036c   Code   RO         2772    .text.rt_vsnprintf  kservice.o
    0x08007a6c   0x08007a6c   0x0000000c   Code   RO         2778    .text.rt_vsprintf   kservice.o
    0x08007a78   0x08007a78   0x00000004   Code   RO         2613    .text.rti_board_end  components.o
    0x08007a7c   0x08007a7c   0x00000004   Code   RO         2611    .text.rti_board_start  components.o
    0x08007a80   0x08007a80   0x00000004   Code   RO         2615    .text.rti_end       components.o
    0x08007a84   0x08007a84   0x00000004   Code   RO         2609    .text.rti_start     components.o
    0x08007a88   0x08007a88   0x000003e4   Code   RO         2178    .text.sector_iterator  ef_env.o
    0x08007e6c   0x08007e6c   0x0000002c   Code   RO         2194    .text.sector_statistics_cb  ef_env.o
    0x08007e98   0x08007e98   0x00000130   Code   RO         2264    .text.set_4_byte_address_mode  sfud.o
    0x08007fc8   0x08007fc8   0x000000d8   Code   RO         1975    .text.set_ack       at_function.o
    0x080080a0   0x080080a0   0x000000a2   Code   RO         2248    .text.set_write_enabled  sfud.o
    0x08008142   0x08008142   0x00000002   PAD
    0x08008144   0x08008144   0x000001e0   Code   RO         2246    .text.sfud_chip_erase  sfud.o
    0x08008324   0x08008324   0x000002c4   Code   RO         2234    .text.sfud_device_init  sfud.o
    0x080085e8   0x080085e8   0x000002ac   Code   RO         2250    .text.sfud_erase    sfud.o
    0x08008894   0x08008894   0x0000000a   Code   RO         2242    .text.sfud_get_device_table  sfud.o
    0x0800889e   0x0800889e   0x00000002   PAD
    0x080088a0   0x080088a0   0x00000080   Code   RO         2236    .text.sfud_init     sfud.o
    0x08008920   0x08008920   0x00000058   Code   RO         2301    .text.sfud_log_debug  sfud_port.o
    0x08008978   0x08008978   0x0000004c   Code   RO         2303    .text.sfud_log_info  sfud_port.o
    0x080089c4   0x080089c4   0x0000019c   Code   RO         2244    .text.sfud_read     sfud.o
    0x08008b60   0x08008b60   0x000005e8   Code   RO         2278    .text.sfud_read_sfdp  sfud_sfdp.o
    0x08009148   0x08009148   0x000000ac   Code   RO         2280    .text.sfud_sfdp_get_suitable_eraser  sfud_sfdp.o
    0x080091f4   0x080091f4   0x00000050   Code   RO         2291    .text.sfud_spi_port_init  sfud_port.o
    0x08009244   0x08009244   0x000002c8   Code   RO         2252    .text.sfud_write    sfud.o
    0x0800950c   0x0800950c   0x00000110   Code   RO         2260    .text.sfud_write_status  sfud.o
    0x0800961c   0x0800961c   0x00000208   Code   RO         2048    .text.sha1          hmac_sha1.o
    0x08009824   0x08009824   0x00000008   Code   RO         2295    .text.spi_lock      sfud_port.o
    0x0800982c   0x0800982c   0x00000004   Code   RO         2297    .text.spi_unlock    sfud_port.o
    0x08009830   0x08009830   0x0000014c   Code   RO         2293    .text.spi_write_read  sfud_port.o
    0x0800997c   0x0800997c   0x000000e0   Code   RO         2921    .text.sys_stm32_clock_init  board.o
    0x08009a5c   0x08009a5c   0x00000014   Code   RO         1363    .text.timeout1      at_task.o
    0x08009a70   0x08009a70   0x00000014   Code   RO         1365    .text.timeout2      at_task.o
    0x08009a84   0x08009a84   0x00000020   Code   RO         1195    .text.uartbuf_clear  uart.o
    0x08009aa4   0x08009aa4   0x00000046   Code   RO         1600    .text.usMBCRC16     mbcrc.o
    0x08009aea   0x08009aea   0x00000002   PAD
    0x08009aec   0x08009aec   0x00000180   Code   RO         1983    .text.user_cmd_register  at_function.o
    0x08009c6c   0x08009c6c   0x000000b4   Code   RO         2078    .text.user_flash_task  user_flash.o
    0x08009d20   0x08009d20   0x00000078   Code   RO         2082    .text.user_flash_task_init  user_flash.o
    0x08009d98   0x08009d98   0x00000028   Code   RO         1750    .text.xMBPortEventGet  portevent.o
    0x08009dc0   0x08009dc0   0x00000010   Code   RO         1746    .text.xMBPortEventInit  portevent.o
    0x08009dd0   0x08009dd0   0x0000001c   Code   RO         1748    .text.xMBPortEventPost  portevent.o
    0x08009dec   0x08009dec   0x00000014   Code   RO         1762    .text.xMBPortSerialInit  portserial.o
    0x08009e00   0x08009e00   0x0000001c   Code   RO         1764    .text.xMBPortSerialPutByte  portserial.o
    0x08009e1c   0x08009e1c   0x00000004   Code   RO         1777    .text.xMBPortTimersInit  porttimer.o
    0x08009e20   0x08009e20   0x0000001c   Code   RO         1627    .text.xMBUtilGetBits  mbutils.o
    0x08009e3c   0x08009e3c   0x00000034   Code   RO         1625    .text.xMBUtilSetBits  mbutils.o
    0x08009e70   0x08009e70   0x00000020   Code   RO         3204    i.__0printf         mc_w.l(printfa.o)
    0x08009e90   0x08009e90   0x00000034   Code   RO         3205    i.__0snprintf       mc_w.l(printfa.o)
    0x08009ec4   0x08009ec4   0x00000028   Code   RO         3206    i.__0sprintf        mc_w.l(printfa.o)
    0x08009eec   0x08009eec   0x00000034   Code   RO         3209    i.__0vsnprintf      mc_w.l(printfa.o)
    0x08009f20   0x08009f20   0x00000008   Code   RO         3370    i.__aeabi_errno_addr  mc_w.l(errno.o)
    0x08009f28   0x08009f28   0x0000005c   Code   RO         3236    i.__free$realloc    mc_w.l(mallocr.o)
    0x08009f84   0x08009f84   0x00000050   Code   RO         3237    i.__malloc$realloc  mc_w.l(mallocr.o)
    0x08009fd4   0x08009fd4   0x0000000e   Code   RO         3447    i.__scatterload_copy  mc_w.l(handlers.o)
    0x08009fe2   0x08009fe2   0x00000002   Code   RO         3448    i.__scatterload_null  mc_w.l(handlers.o)
    0x08009fe4   0x08009fe4   0x0000000e   Code   RO         3449    i.__scatterload_zeroinit  mc_w.l(handlers.o)
    0x08009ff2   0x08009ff2   0x00000002   PAD
    0x08009ff4   0x08009ff4   0x00000184   Code   RO         3211    i._fp_digits        mc_w.l(printfa.o)
    0x0800a178   0x0800a178   0x0000000e   Code   RO         3264    i._is_digit         mc_w.l(scanf_fp.o)
    0x0800a186   0x0800a186   0x00000002   PAD
    0x0800a188   0x0800a188   0x000006dc   Code   RO         3212    i._printf_core      mc_w.l(printfa.o)
    0x0800a864   0x0800a864   0x00000024   Code   RO         3213    i._printf_post_padding  mc_w.l(printfa.o)
    0x0800a888   0x0800a888   0x0000002e   Code   RO         3214    i._printf_pre_padding  mc_w.l(printfa.o)
    0x0800a8b6   0x0800a8b6   0x00000016   Code   RO         3215    i._snputc           mc_w.l(printfa.o)
    0x0800a8cc   0x0800a8cc   0x0000000a   Code   RO         3216    i._sputc            mc_w.l(printfa.o)
    0x0800a8d6   0x0800a8d6   0x00000002   PAD
    0x0800a8d8   0x0800a8d8   0x00000050   Code   RO         3238    i.internal_alloc    mc_w.l(mallocr.o)
    0x0800a928   0x0800a928   0x0000006c   Code   RO         3239    i.realloc           mc_w.l(mallocr.o)
    0x0800a994   0x0800a994   0x0000001e   Code   RO         2939    i.strtod            m_ws.l(strtod.o)
    0x0800a9b2   0x0800a9b2   0x00000081   Data   RO         3407    .constdata          mc_w.l(ctype_o.o)
    0x0800aa33   0x0800aa33   0x00000001   PAD
    0x0800aa34   0x0800aa34   0x00000004   Data   RO         3408    .constdata          mc_w.l(ctype_o.o)
    0x0800aa38   0x0800aa38   0x00000004   Data   RO          707    .rodata.ADCPrescTable  stm32f10x_rcc.o
    0x0800aa3c   0x0800aa3c   0x00000010   Data   RO          706    .rodata.APBAHBPrescTable  stm32f10x_rcc.o
    0x0800aa4c   0x0800aa4c   0x000005f0   Data   RO         1352    .rodata.OLED_F8x16  oled_data.o
    0x0800b03c   0x0800b03c   0x00000100   Data   RO         2785    .rodata.__lowest_bit_bitmap  kservice.o
    0x0800b13c   0x0800b13c   0x00000100   Data   RO         1602    .rodata.aucCRCHi    mbcrc.o
    0x0800b23c   0x0800b23c   0x00000100   Data   RO         1603    .rodata.aucCRCLo    mbcrc.o
    0x0800b33c   0x0800b33c   0x00000080   Data   RO         2031    .rodata.base64_dec_map  base64.o
    0x0800b3bc   0x0800b3bc   0x00000040   Data   RO         2030    .rodata.base64_enc_map  base64.o
    0x0800b3fc   0x0800b3fc   0x00000400   Data   RO         2226    .rodata.crc32_table  ef_utils.o
    0x0800b7fc   0x0800b7fc   0x00000018   Data   RO         2090    .rodata.default_env_set  user_flash.o
    0x0800b814   0x0800b814   0x000000f0   Data   RO         2268    .rodata.flash_chip_table  sfud.o
    0x0800b904   0x0800b904   0x00000078   Data   RO         2269    .rodata.mf_table    sfud.o
    0x0800b97c   0x0800b97c   0x00000005   Data   RO         1414    .rodata.str1.1      tim.o
    0x0800b981   0x0800b981   0x00000139   Data   RO         1991    .rodata.str1.1      at_function.o
    0x0800baba   0x0800baba   0x0000004c   Data   RO         2062    .rodata.str1.1      onenet.o
    0x0800bb06   0x0800bb06   0x00000017   Data   RO         2089    .rodata.str1.1      user_flash.o
    0x0800bb1d   0x0800bb1d   0x00000049   Data   RO         2134    .rodata.str1.1      easyflash.o
    0x0800bb66   0x0800bb66   0x000000af   Data   RO         2207    .rodata.str1.1      ef_env.o
    0x0800bc15   0x0800bc15   0x00000354   Data   RO         2266    .rodata.str1.1      sfud.o
    0x0800bf69   0x0800bf69   0x00000637   Data   RO         2282    .rodata.str1.1      sfud_sfdp.o
    0x0800c5a0   0x0800c5a0   0x00000034   Data   RO         2307    .rodata.str1.1      sfud_port.o
    0x0800c5d4   0x0800c5d4   0x00000013   Data   RO         2490    .rodata.str1.1      cjson.o
    0x0800c5e7   0x0800c5e7   0x00000005   Data   RO         2634    .rodata.str1.1      components.o
    0x0800c5ec   0x0800c5ec   0x00000004   Data   RO         2629    .rti_fn.0           components.o
    0x0800c5f0   0x0800c5f0   0x00000004   Data   RO         2630    .rti_fn.0.end       components.o
    0x0800c5f4   0x0800c5f4   0x00000004   Data   RO         2631    .rti_fn.1.end       components.o
    0x0800c5f8   0x0800c5f8   0x00000004   Data   RO         1158    .rti_fn.6           sys.o
    0x0800c5fc   0x0800c5fc   0x00000004   Data   RO         2632    .rti_fn.6.end       components.o
    0x0800c600   0x0800c600   0x00000020   Data   RO         3446    Region$$Table       anon$$obj.o


    Execution Region RW_IRAM1 (Exec base: 0x20000000, Load base: 0x0800c620, Size: 0x00004a80, Max: 0x00005000, ABSOLUTE, COMPRESSED[0x00000198])

    Exec Addr    Load Addr    Size         Type   Attr      Idx    E Section Name        Object

    0x20000000   COMPRESSED   0x00000004   Data   RW         3348    .data               mc_w.l(stdout.o)
    0x20000004   COMPRESSED   0x00000004   Data   RW         3368    .data               mc_w.l(mvars.o)
    0x20000008   COMPRESSED   0x00000004   Data   RW         3369    .data               mc_w.l(mvars.o)
    0x2000000c   COMPRESSED   0x00000004   Data   RW         3373    .data               mc_w.l(errno.o)
    0x20000010   COMPRESSED   0x00000100   Data   RW         1995    .data.AT_Cmd_table  at_function.o
    0x20000110   COMPRESSED   0x00000170   Data   RW         1992    .data.AT_Device     at_function.o
    0x20000280   COMPRESSED   0x00000080   Data   RW         1996    .data.AT_URC_table  at_function.o
    0x20000300   COMPRESSED   0x00000004   Data   RW            6    .data.SystemCoreClock  system_stm32f10x.o
    0x20000304   COMPRESSED   0x00000040   Data   RW         1989    .data.at_status     at_function.o
    0x20000344   COMPRESSED   0x00000040   Data   RW         2088    .data.default_fiwi_params  user_flash.o
    0x20000384   COMPRESSED   0x00000002   Data   RW         2091    .data.default_size  user_flash.o
    0x20000386   COMPRESSED   0x00000002   PAD
    0x20000388   COMPRESSED   0x00000074   Data   RW         2267    .data.flash_table   sfud.o
    0x200003fc   COMPRESSED   0x0000000c   Data   RW         2489    .data.global_hooks  cjson.o
    0x20000408   COMPRESSED   0x00000070   Data   RW         2814    .data.rt_object_container  object.o
    0x20000478   COMPRESSED   0x0000000c   Data   RW         2305    .data.spi1          sfud_port.o
    0x20000484   COMPRESSED   0x0000000c   Data   RW         1214    .data.u1_ring_buf_t  uart.o
    0x20000490   COMPRESSED   0x0000000c   Data   RW         1216    .data.u2_ring_buf_t  uart.o
    0x2000049c   COMPRESSED   0x0000000c   Data   RW         1218    .data.u3_ring_buf_t  uart.o
    0x200004a8   COMPRESSED   0x00000043   Data   RW         1219    .data.uart1_rx_buf  uart.o
    0x200004eb   COMPRESSED   0x00000005   PAD
    0x200004f0   COMPRESSED   0x00000103   Data   RW         1220    .data.uart2_rx_buf  uart.o
    0x200005f3   COMPRESSED   0x00000005   PAD
    0x200005f8   COMPRESSED   0x00000043   Data   RW         1221    .data.uart3_rx_buf  uart.o
    0x2000063b   COMPRESSED   0x00000001   PAD
    0x2000063c   COMPRESSED   0x00000168   Data   RW         1225    .data.uart_devices  uart.o
    0x200007a4   COMPRESSED   0x00000080   Data   RW         1653    .data.xFuncHandlers  mb.o
    0x20000824   COMPRESSED   0x00000004   PAD
    0x20000828        -       0x00000040   Zero   RW         1340    .bss.Display_buf    oled.o
    0x20000868        -       0x00000080   Zero   RW         1244    .bss.IO_PANNEL      gpio.o
    0x200008e8        -       0x00000080   Zero   RW         1809    .bss.MODBUS_PANNEL  slave_mb_app.o
    0x20000968        -       0x00000200   Zero   RW         1810    .bss.MODBUS_PANNEL_STACK  slave_mb_app.o
    0x20000b68        -       0x00000080   Zero   RW         1807    .bss.MODBUS_RX_PANNEL  slave_mb_app.o
    0x20000be8        -       0x00000400   Zero   RW         1808    .bss.MODBUS_RX_PANNEL_STACK  slave_mb_app.o
    0x20000fe8        -       0x00000400   Zero   RW         1338    .bss.OLED_DisplayBuf  oled.o
    0x200013e8        -       0x00000080   Zero   RW         1342    .bss.OLED_PANNEL    oled.o
    0x20001468        -       0x00000200   Zero   RW         1343    .bss.OLED_PANNEL_STACK  oled.o
    0x20001668        -       0x00000001   Zero   RW         1413    .bss.TIM3_IRQHandler.at_disconnect_time  tim.o
    0x20001669        -       0x00000100   Zero   RW         1990    .bss.at_msg_buf     at_function.o
    0x20001769   COMPRESSED   0x00000003   PAD
    0x2000176c        -       0x00000080   Zero   RW         1369    .bss.at_thread      at_task.o
    0x200017ec        -       0x00001000   Zero   RW         1370    .bss.at_thread_stack  at_task.o
    0x200027ec        -       0x00000002   Zero   RW         2084    .bss.boot_times     user_flash.o
    0x200027ee        -       0x00000002   Zero   RW         2085    .bss.default_boot_times  user_flash.o
    0x200027f0        -       0x00000004   Zero   RW         2209    .bss.default_env_set  ef_env.o
    0x200027f4        -       0x00000004   Zero   RW         2210    .bss.default_env_set_size  ef_env.o
    0x200027f8        -       0x00000001   Zero   RW         2213    .bss.del_env.last_is_complete_del  ef_env.o
    0x200027f9        -       0x00000001   Zero   RW         1658    .bss.eMBPoll.eException  mb.o
    0x200027fa        -       0x00000001   Zero   RW         1659    .bss.eMBPoll.port   mb.o
    0x200027fb        -       0x00000001   Zero   RW         1656    .bss.eMBPoll.ucFunctionCode  mb.o
    0x200027fc        -       0x00000004   Zero   RW         1654    .bss.eMBPoll.ucMBFrame  mb.o
    0x20002800        -       0x00000001   Zero   RW         1655    .bss.eMBPoll.ucRcvAddress  mb.o
    0x20002801   COMPRESSED   0x00000001   PAD
    0x20002802        -       0x00000002   Zero   RW         1657    .bss.eMBPoll.usLength  mb.o
    0x20002804        -       0x00000001   Zero   RW         1652    .bss.eMBState       mb.o
    0x20002805        -       0x00000001   Zero   RW         1753    .bss.eQueuedEvent   portevent.o
    0x20002806        -       0x00000001   Zero   RW         2133    .bss.easyflash_init.init_ok  easyflash.o
    0x20002807   COMPRESSED   0x00000001   PAD
    0x20002808        -       0x00000080   Zero   RW         2204    .bss.env_cache_table  ef_env.o
    0x20002888        -       0x00000001   Zero   RW         2212    .bss.gc_request     ef_env.o
    0x20002889   COMPRESSED   0x00000003   PAD
    0x2000288c        -       0x00000004   Zero   RW         2486    .bss.global_error.0  cjson.o
    0x20002890        -       0x00000004   Zero   RW         2487    .bss.global_error.1  cjson.o
    0x20002894        -       0x00000080   Zero   RW         2652    .bss.idle           idle.o
    0x20002914        -       0x00000001   Zero   RW         2211    .bss.in_recovery_check  ef_env.o
    0x20002915        -       0x00000001   Zero   RW         2206    .bss.init_ok        ef_env.o
    0x20002916        -       0x00000100   Zero   RW         1245    .bss.io_stack       gpio.o
    0x20002a16        -       0x00000080   Zero   RW         2122    .bss.log_buf        ef_port.o
    0x20002a96        -       0x00000100   Zero   RW         2306    .bss.log_buf        sfud_port.o
    0x20002b96   COMPRESSED   0x00000002   PAD
    0x20002b98        -       0x000000c0   Zero   RW         1994    .bss.lot_msg        at_function.o
    0x20002c58        -       0x00000400   Zero   RW         2635    .bss.main_stack     components.o
    0x20003058        -       0x00000080   Zero   RW         2633    .bss.main_thread    components.o
    0x200030d8        -       0x00000030   Zero   RW         2092    .bss.mb             user_flash.o
    0x20003108        -       0x00000040   Zero   RW         2095    .bss.mb_pool        user_flash.o
    0x20003148        -       0x0000000c   Zero   RW         1243    .bss.my_io          gpio.o
    0x20003154        -       0x00000004   Zero   RW         1736    .bss.pucSndBufferCur  mbrtu.o
    0x20003158        -       0x00000001   Zero   RW         2842    .bss.rt_current_priority  scheduler.o
    0x20003159   COMPRESSED   0x00000003   PAD
    0x2000315c        -       0x00000004   Zero   RW         2839    .bss.rt_current_thread  scheduler.o
    0x20003160        -       0x00000004   Zero   RW         2578    .bss.rt_exception_hook  cpuport.o
    0x20003164        -       0x00000004   Zero   RW         2579    .bss.rt_interrupt_from_thread  cpuport.o
    0x20003168        -       0x00000001   Zero   RW         2733    .bss.rt_interrupt_nest  irq.o
    0x20003169   COMPRESSED   0x00000003   PAD
    0x2000316c        -       0x00000004   Zero   RW         2580    .bss.rt_interrupt_to_thread  cpuport.o
    0x20003170        -       0x00000002   Zero   RW         2840    .bss.rt_scheduler_lock_nest  scheduler.o
    0x20003172   COMPRESSED   0x00000002   PAD
    0x20003174        -       0x00000008   Zero   RW         2844    .bss.rt_thread_defunct  scheduler.o
    0x2000317c        -       0x00000100   Zero   RW         2841    .bss.rt_thread_priority_table  scheduler.o
    0x2000327c        -       0x00000004   Zero   RW         2843    .bss.rt_thread_ready_priority_group  scheduler.o
    0x20003280        -       0x00000080   Zero   RW         2653    .bss.rt_thread_stack  idle.o
    0x20003300        -       0x00000004   Zero   RW         2581    .bss.rt_thread_switch_interrupt_flag  cpuport.o
    0x20003304        -       0x00000004   Zero   RW         2600    .bss.rt_tick        clock.o
    0x20003308        -       0x00000008   Zero   RW         2910    .bss.rt_timer_list  timer.o
    0x20003310        -       0x00000004   Zero   RW         2909    .bss.rt_timer_start.random_nr  timer.o
    0x20003314        -       0x00000020   Zero   RW         2205    .bss.sector_cache_table  ef_env.o
    0x20003334        -       0x00000038   Zero   RW         2214    .bss.set_env.env    ef_env.o
    0x2000336c        -       0x00000018   Zero   RW         2215    .bss.set_env.sector  ef_env.o
    0x20003384        -       0x0000002c   Zero   RW         1371    .bss.timer1         at_task.o
    0x200033b0        -       0x0000002c   Zero   RW         1372    .bss.timer2         at_task.o
    0x200033dc        -       0x00000040   Zero   RW         1213    .bss.u1_ring_buf    uart.o
    0x2000341c        -       0x00000200   Zero   RW         1215    .bss.u2_ring_buf    uart.o
    0x2000361c        -       0x00000040   Zero   RW         1217    .bss.u3_ring_buf    uart.o
    0x2000365c   COMPRESSED   0x00000004   PAD
    0x20003660        -       0x00000040   Zero   RW         1222    .bss.uart1_tx_buf   uart.o
    0x200036a0        -       0x00000040   Zero   RW         1223    .bss.uart2_tx_buf   uart.o
    0x200036e0        -       0x00000040   Zero   RW         1224    .bss.uart3_tx_buf   uart.o
    0x20003720        -       0x00000001   Zero   RW         1651    .bss.ucMBAddress    mb.o
    0x20003721   COMPRESSED   0x00000003   PAD
    0x20003724        -       0x00000020   Zero   RW         1616    .bss.ucMBSlaveID    mbfuncother.o
    0x20003744        -       0x00000100   Zero   RW         1734    .bss.ucRTUBuf       mbrtu.o
    0x20003844        -       0x0000000d   Zero   RW         1661    .bss.ucSCoilBuf     mb.o
    0x20003851        -       0x0000000d   Zero   RW         1660    .bss.ucSDiscInBuf   mb.o
    0x2000385e        -       0x00000002   Zero   RW         1615    .bss.usMBSlaveIDLen  mbfuncother.o
    0x20003860        -       0x00000002   Zero   RW         1735    .bss.usRcvBufferPos  mbrtu.o
    0x20003862        -       0x00000002   Zero   RW         1648    .bss.usSCoilStart   mb.o
    0x20003864        -       0x00000002   Zero   RW         1647    .bss.usSDiscInStart  mb.o
    0x20003866        -       0x000000c8   Zero   RW         1663    .bss.usSRegHoldBuf  mb.o
    0x2000392e        -       0x00000002   Zero   RW         1650    .bss.usSRegHoldStart  mb.o
    0x20003930        -       0x000000c8   Zero   RW         1662    .bss.usSRegInBuf    mb.o
    0x200039f8        -       0x00000002   Zero   RW         1649    .bss.usSRegInStart  mb.o
    0x200039fa        -       0x00000002   Zero   RW         1737    .bss.usSndBufferCount  mbrtu.o
    0x200039fc        -       0x00000080   Zero   RW         2093    .bss.user_flash_pannel  user_flash.o
    0x20003a7c        -       0x00000400   Zero   RW         2094    .bss.user_flash_stack  user_flash.o
    0x20003e7c        -       0x00000001   Zero   RW         1752    .bss.xEventInQueue  portevent.o
    0x20003e7d   COMPRESSED   0x00000003   PAD
    0x20003e80        -       0x00000600   Zero   RW           16    HEAP                startup_stm32f10x_md.o
    0x20004480        -       0x00000600   Zero   RW           15    STACK               startup_stm32f10x_md.o


==============================================================================

Image component sizes


      Code (inc. data)   RO Data    RW Data    ZI Data      Debug   Object Name

      2054        262        313        816        448      14688   at_function.o
       252         28          0          0       4312       2617   at_task.o
       682          0        192          0          0       3144   base64.o
       324          0          0          0          0       4782   board.o
      2822         88         19         12          8      61054   cjson.o
        70          0          0          0          4       2691   clock.o
       216          0         21          0       1152       3872   components.o
       244         28          0          0          0        792   context_rvds.o
        96          0          0          0         16       2605   cpuport.o
       160         84         73          0          1       1421   easyflash.o
      6374        188        175          0        252      37209   ef_env.o
       244         12          0          0        128       4845   ef_port.o
        46          0       1024          0          0       1013   ef_utils.o
       206         28          0          0        396       3676   gpio.o
       884          0          0          0          0       5916   hmac_sha1.o
        78          8          0          0        256       2323   idle.o
      1194          0          0          0          0      23970   ipc.o
        56          0          0          0          1       1167   irq.o
      1584        234        256          0          0      13895   kservice.o
        10          0          0          0          0        341   main.o
       342          0          0        128        446       4708   mb.o
        70          0        512          0          0       1189   mbcrc.o
       304          0          0          0          0       3149   mbfunccoils.o
       116          0          0          0          0       1899   mbfuncdisc.o
       410          0          0          0          0       3775   mbfuncholding.o
        98          0          0          0          0       1839   mbfuncinput.o
        38          0          0          0         34       2158   mbfuncother.o
       238          0          0          0        264       3100   mbrtu.o
       106          0          0          0          0       2478   mbutils.o
       114          0          0          0          0       3192   misc.o
       144          0          0          0          0       2085   myiic.o
       214          0          0          0          0       3130   myspi.o
       142          0          0        112          0       6171   object.o
      1332         14          0          0       1728      40893   oled.o
         0          0       1520          0          0        750   oled_data.o
       696        144         76          0          0       2453   onenet.o
        84          0          0          0          2       1252   portevent.o
        48          0          0          0          0       3639   portserial.o
         4          0          0          0          0       2188   porttimer.o
       534          0          0          0        275       4861   scheduler.o
      4876        544       1212        116          0      21272   sfud.o
       590         48         52         12        256       5680   sfud_port.o
      1684        200       1591          0          0       7524   sfud_sfdp.o
       760         16          0          0       1792       6545   slave_mb_app.o
        36          8        236          0       3072        776   startup_stm32f10x_md.o
       372          0          0          0          0       3900   stm32f10x_dma.o
       218          0          0          0          0       5791   stm32f10x_gpio.o
       354          0          0          0          0       9225   stm32f10x_i2c.o
        12          0          0          0          0        743   stm32f10x_it.o
       260          0         20          0          0       8173   stm32f10x_rcc.o
       108          0          0          0          0       7398   stm32f10x_spi.o
       234          0          0          0          0      29655   stm32f10x_tim.o
       520          0          0          0          0       8552   stm32f10x_usart.o
       230          0          4          0          0       3526   sys.o
       268          0          0          4          0       2565   system_stm32f10x.o
      1080          0          0          0          0       8901   thread.o
       260          0          5          0          1       3974   tim.o
       556          6          0          0         12       6608   timer.o
      1164         16          0        789        832      12322   uart.o
       340         20         47         66       1268       5652   user_flash.o

    ----------------------------------------------------------------------
     36772       1976       7380       2068      16988     445712   Object Totals
         0          0         32          0          0          0   (incl. Generated)
       220          0          0         13         32          0   (incl. Padding)

    ----------------------------------------------------------------------

      Code (inc. data)   RO Data    RW Data    ZI Data      Debug   Library Member Name

        30          0          0          0          0         80   strtod.o
        86          0          0          0          0          0   __dczerorl2.o
        28          0          0          0          0         68   _chval.o
        64          0          0          0          0         84   _sgetc.o
       158          0          0          0          0         92   _strtoul.o
        26          0          0          0          0         80   atoi.o
         8          4        133          0          0         68   ctype_o.o
         0          0          0          0          0          0   entry.o
         0          0          0          0          0          0   entry10a.o
         0          0          0          0          0          0   entry11a.o
         8          4          0          0          0          0   entry2.o
         4          0          0          0          0          0   entry5.o
         0          0          0          0          0          0   entry7b.o
         0          0          0          0          0          0   entry8b.o
         8          4          0          0          0          0   entry9a.o
         8          4          0          4          0         68   errno.o
        30          0          0          0          0          0   handlers.o
        48         10          0          0          0         68   init.o
        18          0          0          0          0         76   isspace_o.o
         0          0          0          0          0          0   iusefp.o
        30          0          0          0          0         68   llshl.o
        36          0          0          0          0         68   llsshr.o
        32          0          0          0          0         68   llushr.o
       360         30          0          0          0        356   mallocr.o
        26          0          0          0          0         80   memcmp.o
        36          0          0          0          0         68   memcpya.o
        36          0          0          0          0        108   memseta.o
         0          0          0          8          0          0   mvars.o
      2434        106          0          0          0        840   printfa.o
       878         12          0          0          0        216   scanf_fp.o
         0          0          0          4          0          0   stdout.o
        20          0          0          0          0         68   strchr.o
        28          0          0          0          0         76   strcmp.o
        14          0          0          0          0         68   strlen.o
        30          0          0          0          0         80   strncmp.o
        24          0          0          0          0         76   strncpy.o
        22          0          0          0          0         68   strrchr.o
        36          0          0          0          0         80   strstr.o
       168         12          0          0          0        124   strtod.o
       112          0          0          0          0         88   strtol.o
        12          0          0          0          0         68   tolower.o
        44          0          0          0          0         80   uidiv.o
        98          0          0          0          0         92   uldiv.o
        48          0          0          0          0         68   cdrcmple.o
        56          0          0          0          0         88   d2f.o
       334          0          0          0          0        148   dadd.o
        54          0          0          0          0         80   dcmpge.o
        54          0          0          0          0         80   dcmple.o
       222          0          0          0          0        100   ddiv.o
       186          0          0          0          0        176   depilogue.o
        62          0          0          0          0         80   dfixi.o
        48          0          0          0          0         68   dfixul.o
        24          0          0          0          0         76   dfltul.o
       228          0          0          0          0         96   dmul.o
       110          0          0          0          0        168   fepilogue.o

    ----------------------------------------------------------------------
      6434        186        134         16          0       4752   Library Totals
         8          0          1          0          0          0   (incl. Padding)

    ----------------------------------------------------------------------

      Code (inc. data)   RO Data    RW Data    ZI Data      Debug   Library Name

        30          0          0          0          0         80   m_ws.l
      4970        186        133         16          0       3444   mc_w.l
      1426          0          0          0          0       1228   mf_w.l

    ----------------------------------------------------------------------
      6434        186        134         16          0       4752   Library Totals

    ----------------------------------------------------------------------

==============================================================================


      Code (inc. data)   RO Data    RW Data    ZI Data      Debug   

     43206       2162       7514       2084      16988     446872   Grand Totals
     43206       2162       7514        408      16988     446872   ELF Image Totals (compressed)
     43206       2162       7514        408          0          0   ROM Totals

==============================================================================

    Total RO  Size (Code + RO Data)                50720 (  49.53kB)
    Total RW  Size (RW Data + ZI Data)             19072 (  18.62kB)
    Total ROM Size (Code + RO Data + RW Data)      51128 (  49.93kB)

==============================================================================

